Component: ARM Compiler 5.05 update 1 (build 106) Tool: armlink [4d0efa]

==============================================================================

Section Cross References

    startup_stm32f10x_hd.o(RESET) refers to startup_stm32f10x_hd.o(STACK) for __initial_sp
    startup_stm32f10x_hd.o(RESET) refers to startup_stm32f10x_hd.o(.text) for Reset_Handler
    startup_stm32f10x_hd.o(RESET) refers to stm32f10x_it.o(i.NMI_Handler) for NMI_Handler
    startup_stm32f10x_hd.o(RESET) refers to stm32f10x_it.o(i.HardFault_Handler) for HardFault_Handler
    startup_stm32f10x_hd.o(RESET) refers to stm32f10x_it.o(i.MemManage_Handler) for MemManage_Handler
    startup_stm32f10x_hd.o(RESET) refers to stm32f10x_it.o(i.BusFault_Handler) for BusFault_Handler
    startup_stm32f10x_hd.o(RESET) refers to stm32f10x_it.o(i.UsageFault_Handler) for UsageFault_Handler
    startup_stm32f10x_hd.o(RESET) refers to stm32f10x_it.o(i.SVC_Handler) for SVC_Handler
    startup_stm32f10x_hd.o(RESET) refers to stm32f10x_it.o(i.DebugMon_Handler) for DebugMon_Handler
    startup_stm32f10x_hd.o(RESET) refers to stm32f10x_it.o(i.PendSV_Handler) for PendSV_Handler
    startup_stm32f10x_hd.o(RESET) refers to stm32f10x_it.o(i.SysTick_Handler) for SysTick_Handler
    startup_stm32f10x_hd.o(RESET) refers to vl53l0x_it.o(i.EXTI4_IRQHandler) for EXTI4_IRQHandler
    startup_stm32f10x_hd.o(RESET) refers to ec_timer.o(i.TIM2_IRQHandler) for TIM2_IRQHandler
    startup_stm32f10x_hd.o(RESET) refers to ec_usart.o(i.USART1_IRQHandler) for USART1_IRQHandler
    startup_stm32f10x_hd.o(.text) refers to system_stm32f10x.o(i.SystemInit) for SystemInit
    startup_stm32f10x_hd.o(.text) refers to entry.o(.ARM.Collect$$$$00000000) for __main
    main.o(i.main) refers to stack.o(i.CreateStack) for CreateStack
    main.o(i.main) refers to ec_usart.o(i.Uart1_Initialize) for Uart1_Initialize
    main.o(i.main) refers to ec_delay.o(i.Delay_Initialize) for Delay_Initialize
    main.o(i.main) refers to ec_led.o(i.Led_Initialize) for Led_Initialize
    main.o(i.main) refers to printf8.o(i.__0printf$8) for __2printf
    main.o(i.main) refers to ec_motor.o(i.Motor_Initialize) for Motor_Initialize
    main.o(i.main) refers to misc.o(i.NVIC_PriorityGroupConfig) for NVIC_PriorityGroupConfig
    main.o(i.main) refers to ec_delay.o(i.Delay_ms) for Delay_ms
    main.o(i.main) refers to vl53l0x.o(i.vl53l0x_init) for vl53l0x_init
    main.o(i.main) refers to vl53l0x_gen.o(i.vl53l0x_set_mode) for vl53l0x_set_mode
    main.o(i.main) refers to vl53l0x.o(i.One_measurement) for One_measurement
    main.o(i.main) refers to vl53l0x.o(i.vl53l0x_init_2) for vl53l0x_init_2
    main.o(i.main) refers to vl53l0x.o(i.One_measurement2) for One_measurement2
    main.o(i.main) refers to vl53l0x.o(i.vl53l0x_init_3) for vl53l0x_init_3
    main.o(i.main) refers to vl53l0x.o(i.One_measurement3) for One_measurement3
    main.o(i.main) refers to vl53l0x.o(i.vl53l0x_info) for vl53l0x_info
    main.o(i.main) refers to vl53l0x.o(i.vl53l0x_info2) for vl53l0x_info2
    main.o(i.main) refers to vl53l0x.o(i.vl53l0x_info3) for vl53l0x_info3
    main.o(i.main) refers to ec_motor.o(i.Motor_EnableDriver) for Motor_EnableDriver
    main.o(i.main) refers to control.o(i.move_ahead) for move_ahead
    main.o(i.main) refers to stack.o(i.PushStack) for PushStack
    main.o(i.main) refers to control.o(i.go_right) for go_right
    main.o(i.main) refers to stack.o(i.GetTopElement) for GetTopElement
    main.o(i.main) refers to control.o(i.move_ahead1) for move_ahead1
    main.o(i.main) refers to stack.o(i.PopStack) for PopStack
    main.o(i.main) refers to stack.o(i.DestoryStack) for DestoryStack
    main.o(i.main) refers to stmflash.o(i.STMFLASH_Write) for STMFLASH_Write
    main.o(i.main) refers to ec_led.o(i.Led_On) for Led_On
    main.o(i.main) refers to stmflash.o(i.STMFLASH_Read) for STMFLASH_Read
    main.o(i.main) refers to vl53l0x.o(.bss) for vl53l0x_dev
    main.o(i.main) refers to main.o(.constdata) for TEXT_Buffer
    ec_led.o(i.Led_Initialize) refers to stm32f10x_rcc.o(i.RCC_APB2PeriphClockCmd) for RCC_APB2PeriphClockCmd
    ec_led.o(i.Led_Initialize) refers to stm32f10x_gpio.o(i.GPIO_Init) for GPIO_Init
    ec_led.o(i.Led_On) refers to stm32f10x_gpio.o(i.GPIO_SetBits) for GPIO_SetBits
    ec_led.o(i.Led_On) refers to stm32f10x_gpio.o(i.GPIO_ResetBits) for GPIO_ResetBits
    ec_motor.o(i.Motor_Config) refers to ec_motor.o(i.GetTIM_Index) for GetTIM_Index
    ec_motor.o(i.Motor_Config) refers to stm32f10x_rcc.o(i.RCC_APB2PeriphClockCmd) for RCC_APB2PeriphClockCmd
    ec_motor.o(i.Motor_Config) refers to stm32f10x_rcc.o(i.RCC_APB1PeriphClockCmd) for RCC_APB1PeriphClockCmd
    ec_motor.o(i.Motor_Config) refers to stm32f10x_rcc.o(i.RCC_GetClocksFreq) for RCC_GetClocksFreq
    ec_motor.o(i.Motor_Config) refers to stm32f10x_tim.o(i.TIM_TimeBaseInit) for TIM_TimeBaseInit
    ec_motor.o(i.Motor_Config) refers to stm32f10x_tim.o(i.TIM_OC1Init) for TIM_OC1Init
[...]
    i.VL53L0X_get_total_signal_rate          0x08003ec0   Section        0  vl53l0x_api_core.o(i.VL53L0X_get_total_signal_rate)
    i.VL53L0X_get_total_xtalk_rate           0x08003ee8   Section        0  vl53l0x_api_core.o(i.VL53L0X_get_total_xtalk_rate)
    i.VL53L0X_get_vcsel_pulse_period         0x08003f22   Section        0  vl53l0x_api_core.o(i.VL53L0X_get_vcsel_pulse_period)
    i.VL53L0X_i2c_init                       0x08003f68   Section        0  vl53l0x_i2c.o(i.VL53L0X_i2c_init)
    i.VL53L0X_isqrt                          0x08003f9c   Section        0  vl53l0x_api_core.o(i.VL53L0X_isqrt)
    i.VL53L0X_load_tuning_settings           0x08003fc8   Section        0  vl53l0x_api_core.o(i.VL53L0X_load_tuning_settings)
    i.VL53L0X_measurement_poll_for_completion 0x080040b2   Section        0  vl53l0x_api_core.o(i.VL53L0X_measurement_poll_for_completion)
    i.VL53L0X_perform_phase_calibration      0x080040f4   Section        0  vl53l0x_api_calibration.o(i.VL53L0X_perform_phase_calibration)
    i.VL53L0X_perform_ref_calibration        0x08004170   Section        0  vl53l0x_api_calibration.o(i.VL53L0X_perform_ref_calibration)
    i.VL53L0X_perform_ref_spad_management    0x080041bc   Section        0  vl53l0x_api_calibration.o(i.VL53L0X_perform_ref_spad_management)
    i.VL53L0X_perform_single_ref_calibration 0x0800444e   Section        0  vl53l0x_api_calibration.o(i.VL53L0X_perform_single_ref_calibration)
    i.VL53L0X_perform_vhv_calibration        0x0800448e   Section        0  vl53l0x_api_calibration.o(i.VL53L0X_perform_vhv_calibration)
    i.VL53L0X_read_byte                      0x0800450c   Section        0  vl53l0x_i2c.o(i.VL53L0X_read_byte)
    i.VL53L0X_read_dword                     0x0800452c   Section        0  vl53l0x_i2c.o(i.VL53L0X_read_dword)
    i.VL53L0X_read_multi                     0x08004566   Section        0  vl53l0x_i2c.o(i.VL53L0X_read_multi)
    i.VL53L0X_read_word                      0x0800458e   Section        0  vl53l0x_i2c.o(i.VL53L0X_read_word)
    i.VL53L0X_ref_calibration_io             0x080045b8   Section        0  vl53l0x_api_calibration.o(i.VL53L0X_ref_calibration_io)
    i.VL53L0X_set_measurement_timing_budget_micro_seconds 0x08004668   Section        0  vl53l0x_api_core.o(i.VL53L0X_set_measurement_timing_budget_micro_seconds)
    i.VL53L0X_set_reference_spads            0x0800478e   Section        0  vl53l0x_api_calibration.o(i.VL53L0X_set_reference_spads)
    i.VL53L0X_set_vcsel_pulse_period         0x08004850   Section        0  vl53l0x_api_core.o(i.VL53L0X_set_vcsel_pulse_period)
    i.VL53L0X_write_byte                     0x08004b4e   Section        0  vl53l0x_i2c.o(i.VL53L0X_write_byte)
    i.VL53L0X_write_multi                    0x08004b68   Section        0  vl53l0x_i2c.o(i.VL53L0X_write_multi)
    i.VL53L0X_write_word                     0x08004b90   Section        0  vl53l0x_i2c.o(i.VL53L0X_write_word)
    i.VL_IIC_Ack                             0x08004be8   Section        0  vl53l0x_i2c.o(i.VL_IIC_Ack)
    i.VL_IIC_NAck                            0x08004c38   Section        0  vl53l0x_i2c.o(i.VL_IIC_NAck)
    i.VL_IIC_Read_Byte                       0x08004c88   Section        0  vl53l0x_i2c.o(i.VL_IIC_Read_Byte)
    i.VL_IIC_Read_nByte                      0x08004cf8   Section        0  vl53l0x_i2c.o(i.VL_IIC_Read_nByte)
    i.VL_IIC_Send_Byte                       0x08004d64   Section        0  vl53l0x_i2c.o(i.VL_IIC_Send_Byte)
    i.VL_IIC_Start                           0x08004dd8   Section        0  vl53l0x_i2c.o(i.VL_IIC_Start)
    i.VL_IIC_Stop                            0x08004e24   Section        0  vl53l0x_i2c.o(i.VL_IIC_Stop)
    i.VL_IIC_Wait_Ack                        0x08004e70   Section        0  vl53l0x_i2c.o(i.VL_IIC_Wait_Ack)
    i.VL_IIC_Write_nByte                     0x08004ed4   Section        0  vl53l0x_i2c.o(i.VL_IIC_Write_nByte)
    i.__0printf$8                            0x08004f24   Section        0  printf8.o(i.__0printf$8)
    i.__ARM_fpclassify                       0x08004f44   Section        0  fpclassify.o(i.__ARM_fpclassify)
    i.__ieee754_rem_pio2                     0x08004f6c   Section        0  rred.o(i.__ieee754_rem_pio2)
    i.__kernel_cos                           0x080052f4   Section        0  cos_i.o(i.__kernel_cos)
    i.__kernel_poly                          0x080053f0   Section        0  poly.o(i.__kernel_poly)
    i.__kernel_sin                           0x0800549c   Section        0  sin_i.o(i.__kernel_sin)
    i.__mathlib_dbl_infnan                   0x08005588   Section        0  dunder.o(i.__mathlib_dbl_infnan)
    i.__mathlib_dbl_invalid                  0x0800558e   Section        0  dunder.o(i.__mathlib_dbl_invalid)
    i.__mathlib_dbl_underflow                0x0800559c   Section        0  dunder.o(i.__mathlib_dbl_underflow)
    i.__scatterload_copy                     0x080055ac   Section       14  handlers.o(i.__scatterload_copy)
    i.__scatterload_null                     0x080055ba   Section        2  handlers.o(i.__scatterload_null)
    i.__scatterload_zeroinit                 0x080055bc   Section       14  handlers.o(i.__scatterload_zeroinit)
    i.__set_errno                            0x080055cc   Section        0  errno.o(i.__set_errno)
    i._printf_core                           0x080055d8   Section        0  printf8.o(i._printf_core)
    _printf_core                             0x080055d9   Thumb Code   996  printf8.o(i._printf_core)
    i._printf_post_padding                   0x080059e8   Section        0  printf8.o(i._printf_post_padding)
    _printf_post_padding                     0x080059e9   Thumb Code    36  printf8.o(i._printf_post_padding)
    i._printf_pre_padding                    0x08005a0c   Section        0  printf8.o(i._printf_pre_padding)
    _printf_pre_padding                      0x08005a0d   Thumb Code    46  printf8.o(i._printf_pre_padding)
    i.absolute                               0x08005a3a   Section        0  control.o(i.absolute)
    i.cos                                    0x08005a48   Section        0  cos.o(i.cos)
    i.delay1                                 0x08005ae4   Section        0  control.o(i.delay1)
    i.enable_ref_spads                       0x08005af8   Section        0  vl53l0x_api_calibration.o(i.enable_ref_spads)
    i.enable_spad_bit                        0x08005ba4   Section        0  vl53l0x_api_calibration.o(i.enable_spad_bit)
    i.fputc                                  0x08005bd8   Section        0  ec_usart.o(i.fputc)
    i.free                                   0x08005bf4   Section        0  malloc.o(i.free)
    i.gengsui1                               0x08005c44   Section        0  control.o(i.gengsui1)
    i.get_next_good_spad                     0x08005cc4   Section        0  vl53l0x_api_calibration.o(i.get_next_good_spad)
    i.get_ref_spad_map                       0x08005d2c   Section        0  vl53l0x_api_calibration.o(i.get_ref_spad_map)
    i.get_sequence_step_timeout              0x08005d44   Section        0  vl53l0x_api_core.o(i.get_sequence_step_timeout)
    i.go_anywhere                            0x08005e68   Section        0  control.o(i.go_anywhere)
    i.go_left                                0x08006044   Section        0  control.o(i.go_left)
    i.go_right                               0x080060b6   Section        0  control.o(i.go_right)
    i.is_aperture                            0x08006128   Section        0  vl53l0x_api_calibration.o(i.is_aperture)
    i.main                                   0x08006140   Section        0  main.o(i.main)
    i.malloc                                 0x0800646c   Section        0  malloc.o(i.malloc)
    i.move_ahead                             0x080064d8   Section        0  control.o(i.move_ahead)
    i.move_ahead1                            0x080065f8   Section        0  control.o(i.move_ahead1)
    i.move_time                              0x08006720   Section        0  control.o(i.move_time)
    i.perform_ref_signal_measurement         0x08006760   Section        0  vl53l0x_api_calibration.o(i.perform_ref_signal_measurement)
    i.print_pal_error                        0x080067d0   Section        0  vl53l0x.o(i.print_pal_error)
    i.sequence_step_enabled                  0x08006804   Section        0  vl53l0x_api.o(i.sequence_step_enabled)
    i.set_direction                          0x0800684c   Section        0  control.o(i.set_direction)
    i.set_ref_spad_map                       0x0800694c   Section        0  vl53l0x_api_calibration.o(i.set_ref_spad_map)
    i.set_sequence_step_timeout              0x08006964   Section        0  vl53l0x_api_core.o(i.set_sequence_step_timeout)
    i.sin                                    0x08006a98   Section        0  sin.o(i.sin)
    i.sqrt                                   0x08006b38   Section        0  sqrt.o(i.sqrt)
    i.test_distance                          0x08006b84   Section        0  control.o(i.test_distance)
    i.vl53l0x_Addr_set                       0x08006ba8   Section        0  vl53l0x.o(i.vl53l0x_Addr_set)
    i.vl53l0x_info                           0x08006c4c   Section        0  vl53l0x.o(i.vl53l0x_info)
    i.vl53l0x_info2                          0x08006d50   Section        0  vl53l0x.o(i.vl53l0x_info2)
    i.vl53l0x_info3                          0x08006e54   Section        0  vl53l0x.o(i.vl53l0x_info3)
    i.vl53l0x_init                           0x08006f58   Section        0  vl53l0x.o(i.vl53l0x_init)
    i.vl53l0x_init_2                         0x0800702c   Section        0  vl53l0x.o(i.vl53l0x_init_2)
    i.vl53l0x_init_3                         0x08007118   Section        0  vl53l0x.o(i.vl53l0x_init_3)
    i.vl53l0x_set_mode                       0x08007204   Section        0  vl53l0x_gen.o(i.vl53l0x_set_mode)
    i.vl53l0x_start_single_test              0x0800732c   Section        0  vl53l0x_gen.o(i.vl53l0x_start_single_test)
    .constdata                               0x0800736c   Section       17  main.o(.constdata)
    .constdata                               0x08007380   Section       48  cos_i.o(.constdata)
    C                                        0x08007380   Data          48  cos_i.o(.constdata)
    .constdata                               0x080073b0   Section      200  rred.o(.constdata)
    pio2s                                    0x080073b0   Data          48  rred.o(.constdata)
    twooverpi                                0x080073e0   Data         152  rred.o(.constdata)
    .constdata                               0x08007478   Section       40  sin_i.o(.constdata)
    S                                        0x08007478   Data          40  sin_i.o(.constdata)
    .data                                    0x20000000   Section        1  ec_timer.o(.data)
    on                                       0x20000000   Data           1  ec_timer.o(.data)
    .data                                    0x20000004   Section        8  ec_usart.o(.data)
    .data                                    0x2000000c   Section        4  ec_delay.o(.data)
    fac_us                                   0x2000000c   Data           1  ec_delay.o(.data)
    fac_ms                                   0x2000000e   Data           2  ec_delay.o(.data)
    .data                                    0x20000010   Section       20  system_stm32f10x.o(.data)
    .data                                    0x20000024   Section       24  control.o(.data)
    .data                                    0x2000003c   Section       20  stm32f10x_rcc.o(.data)
    APBAHBPrescTable                         0x2000003c   Data          16  stm32f10x_rcc.o(.data)
    ADCPrescTable                            0x2000004c   Data           4  stm32f10x_rcc.o(.data)
    .data                                    0x20000050   Section      681  vl53l0x_api.o(.data)
    .data                                    0x200002fc   Section       16  vl53l0x_api_calibration.o(.data)
    .data                                    0x2000030c   Section       57  vl53l0x.o(.data)
    .data                                    0x20000346   Section        2  vl53l0x_gen.o(.data)
    .data                                    0x20000348   Section       13  vl53l0x_it.o(.data)
    .data                                    0x20000358   Section        4  mvars.o(.data)
    .data                                    0x2000035c   Section        4  mvars.o(.data)
    .data                                    0x20000360   Section        4  errno.o(.data)
    _errno                                   0x20000360   Data           4  errno.o(.data)
    .bss                                     0x20000364   Section      200  ec_usart.o(.bss)
    .bss                                     0x2000042c   Section     2048  stmflash.o(.bss)
    .bss                                     0x20000c2c   Section       32  control.o(.bss)
    buf                                      0x20000c2c   Data          32  control.o(.bss)
    .bss                                     0x20000c4c   Section     1353  vl53l0x.o(.bss)
    .bss                                     0x20001198   Section      116  vl53l0x_gen.o(.bss)
    buf                                      0x200011ec   Data          32  vl53l0x_gen.o(.bss)
    HEAP                                     0x20001210   Section      512  startup_stm32f10x_hd.o(HEAP)
    STACK                                    0x20001410   Section     1024  startup_stm32f10x_hd.o(STACK)

    Global Symbols

    Symbol Name                              Value     Ov Type        Size  Object(Section)

    BuildAttributes$$THM_ISAv4$P$D$K$B$S$PE$A:L22UL41UL21$X:L11$S22US41US21$IEEE1$IW$USESV6$~STKCKD$USESV7$~SHL$OTIME$ROPI$IEEEX$EBA8$MICROLIB$REQ8$PRES8$EABIv2 0x00000000   Number         0  anon$$obj.o ABSOLUTE
    __ARM_use_no_argv                        0x00000000   Number         0  main.o ABSOLUTE
    __use_no_errno                           0x00000000   Number         0  useno.o ABSOLUTE
    __use_no_exception_handling              0x00000000   Number         0  useno.o ABSOLUTE
    __use_no_fp                              0x00000000   Number         0  useno.o ABSOLUTE
    __use_no_heap                            0x00000000   Number         0  useno.o ABSOLUTE
    __use_no_heap_region                     0x00000000   Number         0  useno.o ABSOLUTE
    __use_no_semihosting                     0x00000000   Number         0  useno.o ABSOLUTE
    __use_no_semihosting_swi                 0x00000000   Number         0  useno.o ABSOLUTE
    __use_no_signal_handling                 0x00000000   Number         0  useno.o ABSOLUTE
    _printf_a                                0x00000000   Number         0  stubs.o ABSOLUTE
    _printf_c                                0x00000000   Number         0  stubs.o ABSOLUTE
    _printf_charcount                        0x00000000   Number         0  stubs.o ABSOLUTE
    _printf_d                                0x00000000   Number         0  stubs.o ABSOLUTE
    _printf_e                                0x00000000   Number         0  stubs.o ABSOLUTE
    _printf_f                                0x00000000   Number         0  stubs.o ABSOLUTE
    _printf_flags                            0x00000000   Number         0  stubs.o ABSOLUTE
    _printf_fp_dec                           0x00000000   Number         0  stubs.o ABSOLUTE
    _printf_fp_hex                           0x00000000   Number         0  stubs.o ABSOLUTE
    _printf_g                                0x00000000   Number         0  stubs.o ABSOLUTE
    _printf_i                                0x00000000   Number         0  stubs.o ABSOLUTE
    _printf_int_dec                          0x00000000   Number         0  stubs.o ABSOLUTE
    _printf_l                                0x00000000   Number         0  stubs.o ABSOLUTE
    _printf_lc                               0x00000000   Number         0  stubs.o ABSOLUTE
    _printf_ll                               0x00000000   Number         0  stubs.o ABSOLUTE
    _printf_lld                              0x00000000   Number         0  stubs.o ABSOLUTE
    _printf_lli                              0x00000000   Number         0  stubs.o ABSOLUTE
    _printf_llo                              0x00000000   Number         0  stubs.o ABSOLUTE
    _printf_llu                              0x00000000   Number         0  stubs.o ABSOLUTE
    _printf_llx                              0x00000000   Number         0  stubs.o ABSOLUTE
    _printf_longlong_dec                     0x00000000   Number         0  stubs.o ABSOLUTE
    _printf_longlong_hex                     0x00000000   Number         0  stubs.o ABSOLUTE
    _printf_longlong_oct                     0x00000000   Number         0  stubs.o ABSOLUTE
    _printf_ls                               0x00000000   Number         0  stubs.o ABSOLUTE
    _printf_mbtowc                           0x00000000   Number         0  stubs.o ABSOLUTE
    _printf_n                                0x00000000   Number         0  stubs.o ABSOLUTE
    _printf_o                                0x00000000   Number         0  stubs.o ABSOLUTE
    _printf_p                                0x00000000   Number         0  stubs.o ABSOLUTE
    _printf_percent                          0x00000000   Number         0  stubs.o ABSOLUTE
    _printf_pre_padding                      0x00000000   Number         0  stubs.o ABSOLUTE
    _printf_return_value                     0x00000000   Number         0  stubs.o ABSOLUTE
    _printf_s                                0x00000000   Number         0  stubs.o ABSOLUTE
    _printf_sizespec                         0x00000000   Number         0  stubs.o ABSOLUTE
    _printf_str                              0x00000000   Number         0  stubs.o ABSOLUTE
    _printf_truncate_signed                  0x00000000   Number         0  stubs.o ABSOLUTE
    _printf_truncate_unsigned                0x00000000   Number         0  stubs.o ABSOLUTE
    _printf_u                                0x00000000   Number         0  stubs.o ABSOLUTE
    _printf_wc                               0x00000000   Number         0  stubs.o ABSOLUTE
    _printf_wctomb                           0x00000000   Number         0  stubs.o ABSOLUTE
    _printf_widthprec                        0x00000000   Number         0  stubs.o ABSOLUTE
    _printf_x                                0x00000000   Number         0  stubs.o ABSOLUTE
    __cpp_initialize__aeabi_                  - Undefined Weak Reference
    __cxa_finalize                            - Undefined Weak Reference
    _clock_init                               - Undefined Weak Reference
    _microlib_exit                            - Undefined Weak Reference
    __Vectors_Size                           0x00000130   Number         0  startup_stm32f10x_hd.o ABSOLUTE
    __Vectors                                0x08000000   Data           4  startup_stm32f10x_hd.o(RESET)
    __Vectors_End                            0x08000130   Data           0  startup_stm32f10x_hd.o(RESET)
    __main                                   0x08000131   Thumb Code     0  entry.o(.ARM.Collect$$$$00000000)
    _main_stk                                0x08000131   Thumb Code     0  entry2.o(.ARM.Collect$$$$00000001)
    _main_scatterload                        0x08000135   Thumb Code     0  entry5.o(.ARM.Collect$$$$00000004)
    __main_after_scatterload                 0x08000139   Thumb Code     0  entry5.o(.ARM.Collect$$$$00000004)
    _main_clock                              0x08000139   Thumb Code     0  entry7b.o(.ARM.Collect$$$$00000008)
    _main_cpp_init                           0x08000139   Thumb Code     0  entry8b.o(.ARM.Collect$$$$0000000A)
    _main_init                               0x08000139   Thumb Code     0  entry9a.o(.ARM.Collect$$$$0000000B)
    __rt_final_cpp                           0x08000141   Thumb Code     0  entry10a.o(.ARM.Collect$$$$0000000D)
    __rt_final_exit                          0x08000141   Thumb Code     0  entry11a.o(.ARM.Collect$$$$0000000F)
    Reset_Handler                            0x08000145   Thumb Code     8  startup_stm32f10x_hd.o(.text)
    ADC1_2_IRQHandler                        0x0800015f   Thumb Code     0  startup_stm32f10x_hd.o(.text)
    ADC3_IRQHandler                          0x0800015f   Thumb Code     0  startup_stm32f10x_hd.o(.text)
    CAN1_RX1_IRQHandler                      0x0800015f   Thumb Code     0  startup_stm32f10x_hd.o(.text)
    CAN1_SCE_IRQHandler                      0x0800015f   Thumb Code     0  startup_stm32f10x_hd.o(.text)
    DMA1_Channel1_IRQHandler                 0x0800015f   Thumb Code     0  startup_stm32f10x_hd.o(.text)
    DMA1_Channel2_IRQHandler                 0x0800015f   Thumb Code     0  startup_stm32f10x_hd.o(.text)
    DMA1_Channel3_IRQHandler                 0x0800015f   Thumb Code     0  startup_stm32f10x_hd.o(.text)
    DMA1_Channel4_IRQHandler                 0x0800015f   Thumb Code     0  startup_stm32f10x_hd.o(.text)
    DMA1_Channel5_IRQHandler                 0x0800015f   Thumb Code     0  startup_stm32f10x_hd.o(.text)
    DMA1_Channel6_IRQHandler                 0x0800015f   Thumb Code     0  startup_stm32f10x_hd.o(.text)
    DMA1_Channel7_IRQHandler                 0x0800015f   Thumb Code     0  startup_stm32f10x_hd.o(.text)
    DMA2_Channel1_IRQHandler                 0x0800015f   Thumb Code     0  startup_stm32f10x_hd.o(.text)
    DMA2_Channel2_IRQHandler                 0x0800015f   Thumb Code     0  startup_stm32f10x_hd.o(.text)
    DMA2_Channel3_IRQHandler                 0x0800015f   Thumb Code     0  startup_stm32f10x_hd.o(.text)
    DMA2_Channel4_5_IRQHandler               0x0800015f   Thumb Code     0  startup_stm32f10x_hd.o(.text)
    EXTI0_IRQHandler                         0x0800015f   Thumb Code     0  startup_stm32f10x_hd.o(.text)
    EXTI15_10_IRQHandler                     0x0800015f   Thumb Code     0  startup_stm32f10x_hd.o(.text)
    EXTI1_IRQHandler                         0x0800015f   Thumb Code     0  startup_stm32f10x_hd.o(.text)
    EXTI2_IRQHandler                         0x0800015f   Thumb Code     0  startup_stm32f10x_hd.o(.text)
    EXTI3_IRQHandler                         0x0800015f   Thumb Code     0  startup_stm32f10x_hd.o(.text)
    EXTI9_5_IRQHandler                       0x0800015f   Thumb Code     0  startup_stm32f10x_hd.o(.text)
    FLASH_IRQHandler                         0x0800015f   Thumb Code     0  startup_stm32f10x_hd.o(.text)
    FSMC_IRQHandler                          0x0800015f   Thumb Code     0  startup_stm32f10x_hd.o(.text)
    I2C1_ER_IRQHandler                       0x0800015f   Thumb Code     0  startup_stm32f10x_hd.o(.text)
    I2C1_EV_IRQHandler                       0x0800015f   Thumb Code     0  startup_stm32f10x_hd.o(.text)
    I2C2_ER_IRQHandler                       0x0800015f   Thumb Code     0  startup_stm32f10x_hd.o(.text)
    I2C2_EV_IRQHandler                       0x0800015f   Thumb Code     0  startup_stm32f10x_hd.o(.text)
    PVD_IRQHandler                           0x0800015f   Thumb Code     0  startup_stm32f10x_hd.o(.text)
    RCC_IRQHandler                           0x0800015f   Thumb Code     0  startup_stm32f10x_hd.o(.text)
    RTCAlarm_IRQHandler                      0x0800015f   Thumb Code     0  startup_stm32f10x_hd.o(.text)
    RTC_IRQHandler                           0x0800015f   Thumb Code     0  startup_stm32f10x_hd.o(.text)
    SDIO_IRQHandler                          0x0800015f   Thumb Code     0  startup_stm32f10x_hd.o(.text)
    SPI1_IRQHandler                          0x0800015f   Thumb Code     0  startup_stm32f10x_hd.o(.text)
    SPI2_IRQHandler                          0x0800015f   Thumb Code     0  startup_stm32f10x_hd.o(.text)
    SPI3_IRQHandler                          0x0800015f   Thumb Code     0  startup_stm32f10x_hd.o(.text)
    TAMPER_IRQHandler                        0x0800015f   Thumb Code     0  startup_stm32f10x_hd.o(.text)
    TIM1_BRK_IRQHandler                      0x0800015f   Thumb Code     0  startup_stm32f10x_hd.o(.text)
    TIM1_CC_IRQHandler                       0x0800015f   Thumb Code     0  startup_stm32f10x_hd.o(.text)
    TIM1_TRG_COM_IRQHandler                  0x0800015f   Thumb Code     0  startup_stm32f10x_hd.o(.text)
    TIM1_UP_IRQHandler                       0x0800015f   Thumb Code     0  startup_stm32f10x_hd.o(.text)
    TIM3_IRQHandler                          0x0800015f   Thumb Code     0  startup_stm32f10x_hd.o(.text)
    TIM4_IRQHandler                          0x0800015f   Thumb Code     0  startup_stm32f10x_hd.o(.text)
    TIM5_IRQHandler                          0x0800015f   Thumb Code     0  startup_stm32f10x_hd.o(.text)
    TIM6_IRQHandler                          0x0800015f   Thumb Code     0  startup_stm32f10x_hd.o(.text)
    TIM7_IRQHandler                          0x0800015f   Thumb Code     0  startup_stm32f10x_hd.o(.text)
    TIM8_BRK_IRQHandler                      0x0800015f   Thumb Code     0  startup_stm32f10x_hd.o(.text)
    TIM8_CC_IRQHandler                       0x0800015f   Thumb Code     0  startup_stm32f10x_hd.o(.text)
    TIM8_TRG_COM_IRQHandler                  0x0800015f   Thumb Code     0  startup_stm32f10x_hd.o(.text)
    TIM8_UP_IRQHandler                       0x0800015f   Thumb Code     0  startup_stm32f10x_hd.o(.text)
    UART4_IRQHandler                         0x0800015f   Thumb Code     0  startup_stm32f10x_hd.o(.text)
    UART5_IRQHandler                         0x0800015f   Thumb Code     0  startup_stm32f10x_hd.o(.text)
    USART2_IRQHandler                        0x0800015f   Thumb Code     0  startup_stm32f10x_hd.o(.text)
    USART3_IRQHandler                        0x0800015f   Thumb Code     0  startup_stm32f10x_hd.o(.text)
    USBWakeUp_IRQHandler                     0x0800015f   Thumb Code     0  startup_stm32f10x_hd.o(.text)
    USB_HP_CAN1_TX_IRQHandler                0x0800015f   Thumb Code     0  startup_stm32f10x_hd.o(.text)
    USB_LP_CAN1_RX0_IRQHandler               0x0800015f   Thumb Code     0  startup_stm32f10x_hd.o(.text)
    WWDG_IRQHandler                          0x0800015f   Thumb Code     0  startup_stm32f10x_hd.o(.text)
    __aeabi_memcpy                           0x08000169   Thumb Code    36  memcpya.o(.text)
    __aeabi_memcpy4                          0x08000169   Thumb Code     0  memcpya.o(.text)
    __aeabi_memcpy8                          0x08000169   Thumb Code     0  memcpya.o(.text)
    __aeabi_memset                           0x0800018d   Thumb Code    14  memseta.o(.text)
    __aeabi_memset4                          0x0800018d   Thumb Code     0  memseta.o(.text)
    __aeabi_memset8                          0x0800018d   Thumb Code     0  memseta.o(.text)
    __aeabi_memclr                           0x0800019b   Thumb Code     4  memseta.o(.text)
    __aeabi_memclr4                          0x0800019b   Thumb Code     0  memseta.o(.text)
    __aeabi_memclr8                          0x0800019b   Thumb Code     0  memseta.o(.text)
    _memset$wrapper                          0x0800019f   Thumb Code    18  memseta.o(.text)
    strcpy                                   0x080001b1   Thumb Code    18  strcpy.o(.text)
    __aeabi_fmul                             0x080001c3   Thumb Code   100  fmul.o(.text)
    __aeabi_fdiv                             0x08000227   Thumb Code   124  fdiv.o(.text)
    __aeabi_dadd                             0x080002a3   Thumb Code   322  dadd.o(.text)
    __aeabi_dsub                             0x080003e5   Thumb Code     6  dadd.o(.text)
    __aeabi_drsub                            0x080003eb   Thumb Code     6  dadd.o(.text)
    __aeabi_dmul                             0x080003f1   Thumb Code   228  dmul.o(.text)
    __aeabi_ddiv                             0x080004d5   Thumb Code   222  ddiv.o(.text)
    __aeabi_i2f                              0x080005b3   Thumb Code    18  fflti.o(.text)
    __aeabi_ui2f                             0x080005c5   Thumb Code    10  ffltui.o(.text)
    __aeabi_i2d                              0x080005cf   Thumb Code    34  dflti.o(.text)
    __aeabi_d2iz                             0x080005f1   Thumb Code    62  dfixi.o(.text)
    __aeabi_f2d                              0x0800062f   Thumb Code    38  f2d.o(.text)
    __aeabi_uldivmod                         0x08000655   Thumb Code    98  uldiv.o(.text)
    __aeabi_llsl                             0x080006b7   Thumb Code    30  llshl.o(.text)
    _ll_shift_l                              0x080006b7   Thumb Code     0  llshl.o(.text)
    __aeabi_llsr                             0x080006d5   Thumb Code    32  llushr.o(.text)
    _ll_ushift_r                             0x080006d5   Thumb Code     0  llushr.o(.text)
    __aeabi_lasr                             0x080006f5   Thumb Code    36  llsshr.o(.text)
    _ll_sshift_r                             0x080006f5   Thumb Code     0  llsshr.o(.text)
    __I$use$fp                               0x08000719   Thumb Code     0  iusefp.o(.text)
    _float_round                             0x08000719   Thumb Code    18  fepilogue.o(.text)
    _float_epilogue                          0x0800072b   Thumb Code    92  fepilogue.o(.text)
    _double_round                            0x08000787   Thumb Code    30  depilogue.o(.text)
    _double_epilogue                         0x080007a5   Thumb Code   156  depilogue.o(.text)
    __ARM_scalbn                             0x08000841   Thumb Code    46  dscalb.o(.text)
    scalbn                                   0x08000841   Thumb Code     0  dscalb.o(.text)
    _dsqrt                                   0x0800086f   Thumb Code   162  dsqrt.o(.text)
    __scatterload                            0x08000911   Thumb Code    28  init.o(.text)
    __scatterload_rt2                        0x08000911   Thumb Code     0  init.o(.text)
    __aeabi_ui2d                             0x08000935   Thumb Code    26  dfltui.o(.text)
    __decompress                             0x0800094f   Thumb Code     0  __dclz77c.o(.text)
    __decompress2                            0x0800094f   Thumb Code    94  __dclz77c.o(.text)
    BusFault_Handler                         0x080009ad   Thumb Code     4  stm32f10x_it.o(i.BusFault_Handler)
    CreateStack                              0x080009b1   Thumb Code    30  stack.o(i.CreateStack)
    DebugMon_Handler                         0x080009e1   Thumb Code     2  stm32f10x_it.o(i.DebugMon_Handler)
    Delay_Initialize                         0x080009e5   Thumb Code    50  ec_delay.o(i.Delay_Initialize)
    Delay_ms                                 0x08000a29   Thumb Code    72  ec_delay.o(i.Delay_ms)
    Delay_us                                 0x08000a75   Thumb Code    72  ec_delay.o(i.Delay_us)
    DestoryStack                             0x08000ac1   Thumb Code    18  stack.o(i.DestoryStack)
    EXTI4_IRQHandler                         0x08000af1   Thumb Code    22  vl53l0x_it.o(i.EXTI4_IRQHandler)
    EXTI_ClearITPendingBit                   0x08000b19   Thumb Code     6  stm32f10x_exti.o(i.EXTI_ClearITPendingBit)
    FLASH_ErasePage                          0x08000b25   Thumb Code    72  stm32f10x_flash.o(i.FLASH_ErasePage)
    FLASH_GetBank1Status                     0x08000b71   Thumb Code    48  stm32f10x_flash.o(i.FLASH_GetBank1Status)
    FLASH_Lock                               0x08000ba5   Thumb Code    14  stm32f10x_flash.o(i.FLASH_Lock)
    FLASH_ProgramHalfWord                    0x08000bb9   Thumb Code    60  stm32f10x_flash.o(i.FLASH_ProgramHalfWord)
    FLASH_Unlock                             0x08000bf9   Thumb Code    12  stm32f10x_flash.o(i.FLASH_Unlock)
    FLASH_WaitForLastOperation               0x08000c11   Thumb Code    38  stm32f10x_flash.o(i.FLASH_WaitForLastOperation)
    GPIO_Init                                0x08000c37   Thumb Code   278  stm32f10x_gpio.o(i.GPIO_Init)
    GPIO_ResetBits                           0x08000d4d   Thumb Code     4  stm32f10x_gpio.o(i.GPIO_ResetBits)
    GPIO_SetBits                             0x08000d51   Thumb Code     4  stm32f10x_gpio.o(i.GPIO_SetBits)
    GetTIM_Index                             0x08000d55   Thumb Code    30  ec_motor.o(i.GetTIM_Index)
    GetTopElement                            0x08000d7d   Thumb Code    30  stack.o(i.GetTopElement)
    HardFault_Handler                        0x08000dbd   Thumb Code     4  stm32f10x_it.o(i.HardFault_Handler)
    IsEmpty                                  0x08000dc1   Thumb Code    14  stack.o(i.IsEmpty)
    Led_Initialize                           0x08000dd1   Thumb Code    40  ec_led.o(i.Led_Initialize)
    Led_On                                   0x08000dfd   Thumb Code    30  ec_led.o(i.Led_On)
    MemManage_Handler                        0x08000e21   Thumb Code     4  stm32f10x_it.o(i.MemManage_Handler)
    Motor_Config                             0x08000e25   Thumb Code   326  ec_motor.o(i.Motor_Config)
    Motor_EnableDriver                       0x08000f71   Thumb Code    26  ec_motor.o(i.Motor_EnableDriver)
    Motor_Initialize                         0x08000f91   Thumb Code    72  ec_motor.o(i.Motor_Initialize)
    Motor_SetCCW                             0x08000fe1   Thumb Code    92  ec_motor.o(i.Motor_SetCCW)
    Motor_Stop                               0x08001045   Thumb Code    28  ec_motor.o(i.Motor_Stop)
    NMI_Handler                              0x08001061   Thumb Code     2  stm32f10x_it.o(i.NMI_Handler)
    NVIC_Init                                0x08001065   Thumb Code   100  misc.o(i.NVIC_Init)
    NVIC_PriorityGroupConfig                 0x080010d5   Thumb Code    10  misc.o(i.NVIC_PriorityGroupConfig)
    One_measurement                          0x080010e9   Thumb Code    32  vl53l0x.o(i.One_measurement)
    One_measurement2                         0x08001121   Thumb Code    32  vl53l0x.o(i.One_measurement2)
    One_measurement3                         0x08001159   Thumb Code    32  vl53l0x.o(i.One_measurement3)
    PendSV_Handler                           0x08001191   Thumb Code     2  stm32f10x_it.o(i.PendSV_Handler)
    PopStack                                 0x08001193   Thumb Code    32  stack.o(i.PopStack)
    PushStack                                0x080011b5   Thumb Code    38  stack.o(i.PushStack)
    RCC_APB1PeriphClockCmd                   0x080011f9   Thumb Code    26  stm32f10x_rcc.o(i.RCC_APB1PeriphClockCmd)
    RCC_APB2PeriphClockCmd                   0x08001219   Thumb Code    26  stm32f10x_rcc.o(i.RCC_APB2PeriphClockCmd)
    RCC_GetClocksFreq                        0x08001239   Thumb Code   192  stm32f10x_rcc.o(i.RCC_GetClocksFreq)
    STMFLASH_Read                            0x0800130d   Thumb Code    34  stmflash.o(i.STMFLASH_Read)
    STMFLASH_ReadHalfWord                    0x0800132f   Thumb Code     6  stmflash.o(i.STMFLASH_ReadHalfWord)
    STMFLASH_Write                           0x08001335   Thumb Code   222  stmflash.o(i.STMFLASH_Write)
    STMFLASH_Write_NoCheck                   0x0800141d   Thumb Code    38  stmflash.o(i.STMFLASH_Write_NoCheck)
    SVC_Handler                              0x08001443   Thumb Code     2  stm32f10x_it.o(i.SVC_Handler)
    SysTick_CLKSourceConfig                  0x0800152d   Thumb Code    40  misc.o(i.SysTick_CLKSourceConfig)
    SysTick_Handler                          0x08001555   Thumb Code     2  stm32f10x_it.o(i.SysTick_Handler)
    SystemInit                               0x08001559   Thumb Code    78  system_stm32f10x.o(i.SystemInit)
    TIM2_IRQHandler                          0x080015b9   Thumb Code    32  ec_timer.o(i.TIM2_IRQHandler)
    TIM_BDTRConfig                           0x080015dd   Thumb Code    32  stm32f10x_tim.o(i.TIM_BDTRConfig)
    TIM_ClearITPendingBit                    0x080015fd   Thumb Code     6  stm32f10x_tim.o(i.TIM_ClearITPendingBit)
    TIM_Cmd                                  0x08001603   Thumb Code    24  stm32f10x_tim.o(i.TIM_Cmd)
    TIM_CtrlPWMOutputs                       0x0800161b   Thumb Code    30  stm32f10x_tim.o(i.TIM_CtrlPWMOutputs)
    TIM_OC1Init                              0x08001639   Thumb Code   132  stm32f10x_tim.o(i.TIM_OC1Init)
    TIM_OC1PreloadConfig                     0x080016d1   Thumb Code    18  stm32f10x_tim.o(i.TIM_OC1PreloadConfig)
    TIM_TimeBaseInit                         0x080016e5   Thumb Code   122  stm32f10x_tim.o(i.TIM_TimeBaseInit)
    USART1_IRQHandler                        0x08001789   Thumb Code   122  ec_usart.o(i.USART1_IRQHandler)
    USART_Cmd                                0x08001811   Thumb Code    24  stm32f10x_usart.o(i.USART_Cmd)
    USART_GetITStatus                        0x08001829   Thumb Code    84  stm32f10x_usart.o(i.USART_GetITStatus)
    USART_ITConfig                           0x0800187d   Thumb Code    74  stm32f10x_usart.o(i.USART_ITConfig)
    USART_Init                               0x080018c9   Thumb Code   210  stm32f10x_usart.o(i.USART_Init)
    USART_ReceiveData                        0x080019a1   Thumb Code    10  stm32f10x_usart.o(i.USART_ReceiveData)
    Uart1_Initialize                         0x080019ad   Thumb Code   152  ec_usart.o(i.Uart1_Initialize)
    UsageFault_Handler                       0x08001a4d   Thumb Code     4  stm32f10x_it.o(i.UsageFault_Handler)
    VL53L0X_CheckAndLoadInterruptSettings    0x08001a51   Thumb Code   126  vl53l0x_api.o(i.VL53L0X_CheckAndLoadInterruptSettings)
    VL53L0X_ClearInterruptMask               0x08001ad5   Thumb Code    82  vl53l0x_api.o(i.VL53L0X_ClearInterruptMask)
    VL53L0X_DataInit                         0x08001b29   Thumb Code   420  vl53l0x_api.o(i.VL53L0X_DataInit)
    VL53L0X_GetDeviceInfo                    0x08001cd5   Thumb Code    22  vl53l0x_api.o(i.VL53L0X_GetDeviceInfo)
    VL53L0X_GetDeviceMode                    0x08001ceb   Thumb Code    10  vl53l0x_api.o(i.VL53L0X_GetDeviceMode)
    VL53L0X_GetDeviceParameters              0x08001cf5   Thumb Code   160  vl53l0x_api.o(i.VL53L0X_GetDeviceParameters)
    VL53L0X_GetFractionEnable                0x08001d95   Thumb Code    34  vl53l0x_api.o(i.VL53L0X_GetFractionEnable)
    VL53L0X_GetInterMeasurementPeriodMilliSeconds 0x08001db7   Thumb Code    62  vl53l0x_api.o(i.VL53L0X_GetInterMeasurementPeriodMilliSeconds)
    VL53L0X_GetInterruptMaskStatus           0x08001df5   Thumb Code    48  vl53l0x_api.o(i.VL53L0X_GetInterruptMaskStatus)
    VL53L0X_GetInterruptThresholds           0x08001e25   Thumb Code    66  vl53l0x_api.o(i.VL53L0X_GetInterruptThresholds)
    VL53L0X_GetLimitCheckEnable              0x08001e67   Thumb Code    28  vl53l0x_api.o(i.VL53L0X_GetLimitCheckEnable)
    VL53L0X_GetLimitCheckValue               0x08001e83   Thumb Code   182  vl53l0x_api.o(i.VL53L0X_GetLimitCheckValue)
    VL53L0X_GetMeasurementDataReady          0x08001f39   Thumb Code    86  vl53l0x_api.o(i.VL53L0X_GetMeasurementDataReady)
    VL53L0X_GetMeasurementTimingBudgetMicroSeconds 0x08001f8f   Thumb Code    22  vl53l0x_api.o(i.VL53L0X_GetMeasurementTimingBudgetMicroSeconds)
    VL53L0X_GetOffsetCalibrationDataMicroMeter 0x08001fa5   Thumb Code    22  vl53l0x_api.o(i.VL53L0X_GetOffsetCalibrationDataMicroMeter)
    VL53L0X_GetPalErrorString                0x08001fbb   Thumb Code    22  vl53l0x_api.o(i.VL53L0X_GetPalErrorString)
    VL53L0X_GetRangeStatusString             0x08001fd1   Thumb Code    22  vl53l0x_api.o(i.VL53L0X_GetRangeStatusString)
    VL53L0X_GetRangingMeasurementData        0x08001fe7   Thumb Code   366  vl53l0x_api.o(i.VL53L0X_GetRangingMeasurementData)
    VL53L0X_GetSequenceStepEnables           0x08002155   Thumb Code   118  vl53l0x_api.o(i.VL53L0X_GetSequenceStepEnables)
    VL53L0X_GetVcselPulsePeriod              0x080021cb   Thumb Code    30  vl53l0x_api.o(i.VL53L0X_GetVcselPulsePeriod)
    VL53L0X_GetWrapAroundCheckEnable         0x080021e9   Thumb Code    62  vl53l0x_api.o(i.VL53L0X_GetWrapAroundCheckEnable)
    VL53L0X_GetXTalkCompensationEnable       0x08002227   Thumb Code    12  vl53l0x_api.o(i.VL53L0X_GetXTalkCompensationEnable)
    VL53L0X_GetXTalkCompensationRateMegaCps  0x08002233   Thumb Code    56  vl53l0x_api.o(i.VL53L0X_GetXTalkCompensationRateMegaCps)
    VL53L0X_PerformRefCalibration            0x0800226b   Thumb Code    32  vl53l0x_api.o(i.VL53L0X_PerformRefCalibration)
    VL53L0X_PerformRefSpadManagement         0x0800228b   Thumb Code    30  vl53l0x_api.o(i.VL53L0X_PerformRefSpadManagement)
    VL53L0X_PerformSingleMeasurement         0x080022a9   Thumb Code    60  vl53l0x_api.o(i.VL53L0X_PerformSingleMeasurement)
    VL53L0X_PerformSingleRangingMeasurement  0x080022e5   Thumb Code    56  vl53l0x_api.o(i.VL53L0X_PerformSingleRangingMeasurement)
    VL53L0X_PollingDelay                     0x0800231d   Thumb Code    26  vl53l0x_platform.o(i.VL53L0X_PollingDelay)
    VL53L0X_RdByte                           0x08002337   Thumb Code    44  vl53l0x_platform.o(i.VL53L0X_RdByte)
    VL53L0X_RdDWord                          0x08002363   Thumb Code    44  vl53l0x_platform.o(i.VL53L0X_RdDWord)
    VL53L0X_RdWord                           0x0800238f   Thumb Code    44  vl53l0x_platform.o(i.VL53L0X_RdWord)
    VL53L0X_ReadMulti                        0x080023bb   Thumb Code    54  vl53l0x_platform.o(i.VL53L0X_ReadMulti)
    VL53L0X_SetDeviceAddress                 0x080023f1   Thumb Code    36  vl53l0x_api.o(i.VL53L0X_SetDeviceAddress)
    VL53L0X_SetDeviceMode                    0x08002415   Thumb Code    50  vl53l0x_api.o(i.VL53L0X_SetDeviceMode)
    VL53L0X_SetGpioConfig                    0x08002447   Thumb Code   358  vl53l0x_api.o(i.VL53L0X_SetGpioConfig)
    VL53L0X_SetLimitCheckEnable              0x080025ad   Thumb Code   194  vl53l0x_api.o(i.VL53L0X_SetLimitCheckEnable)
    VL53L0X_SetLimitCheckValue               0x0800266f   Thumb Code   118  vl53l0x_api.o(i.VL53L0X_SetLimitCheckValue)
    VL53L0X_SetMeasurementTimingBudgetMicroSeconds 0x080026e5   Thumb Code    22  vl53l0x_api.o(i.VL53L0X_SetMeasurementTimingBudgetMicroSeconds)
    VL53L0X_SetSequenceStepEnable            0x080026fb   Thumb Code   196  vl53l0x_api.o(i.VL53L0X_SetSequenceStepEnable)
    VL53L0X_SetVcselPulsePeriod              0x080027bf   Thumb Code    30  vl53l0x_api.o(i.VL53L0X_SetVcselPulsePeriod)
    VL53L0X_StartMeasurement                 0x080027dd   Thumb Code   268  vl53l0x_api.o(i.VL53L0X_StartMeasurement)
    VL53L0X_StaticInit                       0x080028e9   Thumb Code   410  vl53l0x_api.o(i.VL53L0X_StaticInit)
    VL53L0X_UpdateByte                       0x08002a89   Thumb Code    82  vl53l0x_platform.o(i.VL53L0X_UpdateByte)
    VL53L0X_WrByte                           0x08002adb   Thumb Code    44  vl53l0x_platform.o(i.VL53L0X_WrByte)
    VL53L0X_WrWord                           0x08002b07   Thumb Code    44  vl53l0x_platform.o(i.VL53L0X_WrWord)
    VL53L0X_WriteMulti                       0x08002b33   Thumb Code    60  vl53l0x_platform.o(i.VL53L0X_WriteMulti)
    VL53L0X_calc_dmax                        0x08002b71   Thumb Code   390  vl53l0x_api_core.o(i.VL53L0X_calc_dmax)
    VL53L0X_calc_macro_period_ps             0x08002cfd   Thumb Code    22  vl53l0x_api_core.o(i.VL53L0X_calc_macro_period_ps)
    VL53L0X_calc_sigma_estimate              0x08002d15   Thumb Code   772  vl53l0x_api_core.o(i.VL53L0X_calc_sigma_estimate)
    VL53L0X_calc_timeout_mclks               0x08003025   Thumb Code    52  vl53l0x_api_core.o(i.VL53L0X_calc_timeout_mclks)
    VL53L0X_calc_timeout_us                  0x08003059   Thumb Code    52  vl53l0x_api_core.o(i.VL53L0X_calc_timeout_us)
    VL53L0X_check_part_used                  0x0800308d   Thumb Code    74  vl53l0x_api_strings.o(i.VL53L0X_check_part_used)
    VL53L0X_decode_timeout                   0x080030dd   Thumb Code    14  vl53l0x_api_core.o(i.VL53L0X_decode_timeout)
    VL53L0X_decode_vcsel_period              0x080030eb   Thumb Code    12  vl53l0x_api_core.o(i.VL53L0X_decode_vcsel_period)
    VL53L0X_device_read_strobe               0x080030f7   Thumb Code    82  vl53l0x_api_core.o(i.VL53L0X_device_read_strobe)
    VL53L0X_encode_timeout                   0x08003149   Thumb Code    40  vl53l0x_api_core.o(i.VL53L0X_encode_timeout)
    VL53L0X_encode_vcsel_period              0x08003171   Thumb Code    14  vl53l0x_api_core.o(i.VL53L0X_encode_vcsel_period)
    VL53L0X_get_device_info                  0x08003181   Thumb Code   152  vl53l0x_api_strings.o(i.VL53L0X_get_device_info)
    VL53L0X_get_info_from_device             0x0800325d   Thumb Code  1354  vl53l0x_api_core.o(i.VL53L0X_get_info_from_device)
    VL53L0X_get_measurement_timing_budget_micro_seconds 0x080037a7   Thumb Code   238  vl53l0x_api_core.o(i.VL53L0X_get_measurement_timing_budget_micro_seconds)
    VL53L0X_get_offset_calibration_data_micro_meter 0x08003895   Thumb Code    86  vl53l0x_api_calibration.o(i.VL53L0X_get_offset_calibration_data_micro_meter)
    VL53L0X_get_pal_error_string             0x080038ed   Thumb Code   298  vl53l0x_api_strings.o(i.VL53L0X_get_pal_error_string)
    VL53L0X_get_pal_range_status             0x08003bb9   Thumb Code   564  vl53l0x_api_core.o(i.VL53L0X_get_pal_range_status)
    VL53L0X_get_range_status_string          0x08003ded   Thumb Code    98  vl53l0x_api_strings.o(i.VL53L0X_get_range_status_string)
    VL53L0X_get_total_signal_rate            0x08003ec1   Thumb Code    40  vl53l0x_api_core.o(i.VL53L0X_get_total_signal_rate)
    VL53L0X_get_total_xtalk_rate             0x08003ee9   Thumb Code    58  vl53l0x_api_core.o(i.VL53L0X_get_total_xtalk_rate)
    VL53L0X_get_vcsel_pulse_period           0x08003f23   Thumb Code    70  vl53l0x_api_core.o(i.VL53L0X_get_vcsel_pulse_period)
    VL53L0X_i2c_init                         0x08003f69   Thumb Code    46  vl53l0x_i2c.o(i.VL53L0X_i2c_init)
    VL53L0X_isqrt                            0x08003f9d   Thumb Code    44  vl53l0x_api_core.o(i.VL53L0X_isqrt)
    VL53L0X_load_tuning_settings             0x08003fc9   Thumb Code   234  vl53l0x_api_core.o(i.VL53L0X_load_tuning_settings)
    VL53L0X_measurement_poll_for_completion  0x080040b3   Thumb Code    66  vl53l0x_api_core.o(i.VL53L0X_measurement_poll_for_completion)
    VL53L0X_perform_phase_calibration        0x080040f5   Thumb Code   124  vl53l0x_api_calibration.o(i.VL53L0X_perform_phase_calibration)
    VL53L0X_perform_ref_calibration          0x08004171   Thumb Code    76  vl53l0x_api_calibration.o(i.VL53L0X_perform_ref_calibration)
    VL53L0X_perform_ref_spad_management      0x080041bd   Thumb Code   658  vl53l0x_api_calibration.o(i.VL53L0X_perform_ref_spad_management)
    VL53L0X_perform_single_ref_calibration   0x0800444f   Thumb Code    64  vl53l0x_api_calibration.o(i.VL53L0X_perform_single_ref_calibration)
    VL53L0X_perform_vhv_calibration          0x0800448f   Thumb Code   126  vl53l0x_api_calibration.o(i.VL53L0X_perform_vhv_calibration)
    VL53L0X_read_byte                        0x0800450d   Thumb Code    32  vl53l0x_i2c.o(i.VL53L0X_read_byte)
    VL53L0X_read_dword                       0x0800452d   Thumb Code    58  vl53l0x_i2c.o(i.VL53L0X_read_dword)
    VL53L0X_read_multi                       0x08004567   Thumb Code    40  vl53l0x_i2c.o(i.VL53L0X_read_multi)
    VL53L0X_read_word                        0x0800458f   Thumb Code    42  vl53l0x_i2c.o(i.VL53L0X_read_word)
    VL53L0X_ref_calibration_io               0x080045b9   Thumb Code   176  vl53l0x_api_calibration.o(i.VL53L0X_ref_calibration_io)
    VL53L0X_set_measurement_timing_budget_micro_seconds 0x08004669   Thumb Code   294  vl53l0x_api_core.o(i.VL53L0X_set_measurement_timing_budget_micro_seconds)
    VL53L0X_set_reference_spads              0x0800478f   Thumb Code   194  vl53l0x_api_calibration.o(i.VL53L0X_set_reference_spads)
    VL53L0X_set_vcsel_pulse_period           0x08004851   Thumb Code   766  vl53l0x_api_core.o(i.VL53L0X_set_vcsel_pulse_period)
    VL53L0X_write_byte                       0x08004b4f   Thumb Code    26  vl53l0x_i2c.o(i.VL53L0X_write_byte)
    VL53L0X_write_multi                      0x08004b69   Thumb Code    40  vl53l0x_i2c.o(i.VL53L0X_write_multi)
    VL53L0X_write_word                       0x08004b91   Thumb Code    86  vl53l0x_i2c.o(i.VL53L0X_write_word)
    VL_IIC_Ack                               0x08004be9   Thumb Code    66  vl53l0x_i2c.o(i.VL_IIC_Ack)
    VL_IIC_NAck                              0x08004c39   Thumb Code    66  vl53l0x_i2c.o(i.VL_IIC_NAck)
    VL_IIC_Read_Byte                         0x08004c89   Thumb Code    98  vl53l0x_i2c.o(i.VL_IIC_Read_Byte)
    VL_IIC_Read_nByte                        0x08004cf9   Thumb Code   106  vl53l0x_i2c.o(i.VL_IIC_Read_nByte)
    VL_IIC_Send_Byte                         0x08004d65   Thumb Code   104  vl53l0x_i2c.o(i.VL_IIC_Send_Byte)
    VL_IIC_Start                             0x08004dd9   Thumb Code    64  vl53l0x_i2c.o(i.VL_IIC_Start)
    VL_IIC_Stop                              0x08004e25   Thumb Code    62  vl53l0x_i2c.o(i.VL_IIC_Stop)
    VL_IIC_Wait_Ack                          0x08004e71   Thumb Code    86  vl53l0x_i2c.o(i.VL_IIC_Wait_Ack)
    VL_IIC_Write_nByte                       0x08004ed5   Thumb Code    80  vl53l0x_i2c.o(i.VL_IIC_Write_nByte)
    __0printf$8                              0x08004f25   Thumb Code    22  printf8.o(i.__0printf$8)
    __1printf$8                              0x08004f25   Thumb Code     0  printf8.o(i.__0printf$8)
    __2printf                                0x08004f25   Thumb Code     0  printf8.o(i.__0printf$8)
    __ARM_fpclassify                         0x08004f45   Thumb Code    40  fpclassify.o(i.__ARM_fpclassify)
    __ieee754_rem_pio2                       0x08004f6d   Thumb Code   828  rred.o(i.__ieee754_rem_pio2)
    __kernel_cos                             0x080052f5   Thumb Code   230  cos_i.o(i.__kernel_cos)
    __kernel_poly                            0x080053f1   Thumb Code   170  poly.o(i.__kernel_poly)
    __kernel_sin                             0x0800549d   Thumb Code   224  sin_i.o(i.__kernel_sin)
    __mathlib_dbl_infnan                     0x08005589   Thumb Code     6  dunder.o(i.__mathlib_dbl_infnan)
    __mathlib_dbl_invalid                    0x0800558f   Thumb Code    12  dunder.o(i.__mathlib_dbl_invalid)
    __mathlib_dbl_underflow                  0x0800559d   Thumb Code    10  dunder.o(i.__mathlib_dbl_underflow)
    __scatterload_copy                       0x080055ad   Thumb Code    14  handlers.o(i.__scatterload_copy)
    __scatterload_null                       0x080055bb   Thumb Code     2  handlers.o(i.__scatterload_null)
    __scatterload_zeroinit                   0x080055bd   Thumb Code    14  handlers.o(i.__scatterload_zeroinit)
    __set_errno                              0x080055cd   Thumb Code     6  errno.o(i.__set_errno)
    absolute                                 0x08005a3b   Thumb Code    14  control.o(i.absolute)
    cos                                      0x08005a49   Thumb Code   148  cos.o(i.cos)
    delay1                                   0x08005ae5   Thumb Code    20  control.o(i.delay1)
    enable_ref_spads                         0x08005af9   Thumb Code   172  vl53l0x_api_calibration.o(i.enable_ref_spads)
    enable_spad_bit                          0x08005ba5   Thumb Code    50  vl53l0x_api_calibration.o(i.enable_spad_bit)
    fputc                                    0x08005bd9   Thumb Code    24  ec_usart.o(i.fputc)
    free                                     0x08005bf5   Thumb Code    76  malloc.o(i.free)
    gengsui1                                 0x08005c45   Thumb Code   120  control.o(i.gengsui1)
    get_next_good_spad                       0x08005cc5   Thumb Code   104  vl53l0x_api_calibration.o(i.get_next_good_spad)
    get_ref_spad_map                         0x08005d2d   Thumb Code    24  vl53l0x_api_calibration.o(i.get_ref_spad_map)
    get_sequence_step_timeout                0x08005d45   Thumb Code   290  vl53l0x_api_core.o(i.get_sequence_step_timeout)
    go_anywhere                              0x08005e69   Thumb Code   444  control.o(i.go_anywhere)
    go_left                                  0x08006045   Thumb Code   114  control.o(i.go_left)
    go_right                                 0x080060b7   Thumb Code   114  control.o(i.go_right)
    is_aperture                              0x08006129   Thumb Code    18  vl53l0x_api_calibration.o(i.is_aperture)
    main                                     0x08006141   Thumb Code   676  main.o(i.main)
    malloc                                   0x0800646d   Thumb Code    92  malloc.o(i.malloc)
    move_ahead                               0x080064d9   Thumb Code   268  control.o(i.move_ahead)
    move_ahead1                              0x080065f9   Thumb Code   274  control.o(i.move_ahead1)
    move_time                                0x08006721   Thumb Code    64  control.o(i.move_time)
    perform_ref_signal_measurement           0x08006761   Thumb Code   110  vl53l0x_api_calibration.o(i.perform_ref_signal_measurement)
    print_pal_error                          0x080067d1   Thumb Code    28  vl53l0x.o(i.print_pal_error)
    sequence_step_enabled                    0x08006805   Thumb Code    72  vl53l0x_api.o(i.sequence_step_enabled)
    set_direction                            0x0800684d   Thumb Code   244  control.o(i.set_direction)
    set_ref_spad_map                         0x0800694d   Thumb Code    24  vl53l0x_api_calibration.o(i.set_ref_spad_map)
    set_sequence_step_timeout                0x08006965   Thumb Code   306  vl53l0x_api_core.o(i.set_sequence_step_timeout)
    sin                                      0x08006a99   Thumb Code   150  sin.o(i.sin)
    sqrt                                     0x08006b39   Thumb Code    76  sqrt.o(i.sqrt)
    test_distance                            0x08006b85   Thumb Code    18  control.o(i.test_distance)
    vl53l0x_Addr_set                         0x08006ba9   Thumb Code   150  vl53l0x.o(i.vl53l0x_Addr_set)
    vl53l0x_info                             0x08006c4d   Thumb Code    70  vl53l0x.o(i.vl53l0x_info)
    vl53l0x_info2                            0x08006d51   Thumb Code    70  vl53l0x.o(i.vl53l0x_info2)
    vl53l0x_info3                            0x08006e55   Thumb Code    70  vl53l0x.o(i.vl53l0x_info3)
    vl53l0x_init                             0x08006f59   Thumb Code   180  vl53l0x.o(i.vl53l0x_init)
    vl53l0x_init_2                           0x0800702d   Thumb Code   198  vl53l0x.o(i.vl53l0x_init_2)
    vl53l0x_init_3                           0x08007119   Thumb Code   204  vl53l0x.o(i.vl53l0x_init_3)
    vl53l0x_set_mode                         0x08007205   Thumb Code   292  vl53l0x_gen.o(i.vl53l0x_set_mode)
    vl53l0x_start_single_test                0x0800732d   Thumb Code    58  vl53l0x_gen.o(i.vl53l0x_start_single_test)
    TEXT_Buffer                              0x0800736c   Data          17  main.o(.constdata)
    Region$$Table$$Base                      0x080074a0   Number         0  anon$$obj.o(Region$$Table)
    Region$$Table$$Limit                     0x080074c0   Number         0  anon$$obj.o(Region$$Table)
    USART_RX_STA                             0x20000004   Data           2  ec_usart.o(.data)
    __stdout                                 0x20000008   Data           4  ec_usart.o(.data)
    SystemCoreClock                          0x20000010   Data           4  system_stm32f10x.o(.data)
    AHBPrescTable                            0x20000014   Data          16  system_stm32f10x.o(.data)
    Va                                       0x20000024   Data           4  control.o(.data)
    Vb                                       0x20000028   Data           4  control.o(.data)
    Vc                                       0x2000002c   Data           4  control.o(.data)
    Pitch                                    0x20000030   Data           4  control.o(.data)
    Roll                                     0x20000034   Data           4  control.o(.data)
    Yaw                                      0x20000038   Data           4  control.o(.data)
    DefaultTuningSettings                    0x20000050   Data         243  vl53l0x_api.o(.data)
    InterruptThresholdSettings               0x20000143   Data         438  vl53l0x_api.o(.data)
    refArrayQuadrants                        0x200002fc   Data          16  vl53l0x_api_calibration.o(.data)
    AjustOK                                  0x2000030c   Data           1  vl53l0x.o(.data)
    Mode_data                                0x2000030d   Data          56  vl53l0x.o(.data)
    Distance_data                            0x20000346   Data           2  vl53l0x_gen.o(.data)
    AlarmModes                               0x20000348   Data          12  vl53l0x_it.o(.data)
    alarm_flag                               0x20000354   Data           1  vl53l0x_it.o(.data)
    __microlib_freelist                      0x20000358   Data           4  mvars.o(.data)
    __microlib_freelist_initialised          0x2000035c   Data           4  mvars.o(.data)
    USART_RX_BUF                             0x20000364   Data         200  ec_usart.o(.bss)
    STMFLASH_BUF                             0x2000042c   Data        2048  stmflash.o(.bss)
    vl53l0x_dev                              0x20000c4c   Data         352  vl53l0x.o(.bss)
    vl53l0x_dev2                             0x20000dac   Data         352  vl53l0x.o(.bss)
    vl53l0x_dev3                             0x20000f0c   Data         352  vl53l0x.o(.bss)
    vl53l0x_dev_info                         0x2000106c   Data          99  vl53l0x.o(.bss)
    vl53l0x_dev_info2                        0x200010cf   Data          99  vl53l0x.o(.bss)
    vl53l0x_dev_info3                        0x20001132   Data          99  vl53l0x.o(.bss)
    vl53l0x_data                             0x20001198   Data          28  vl53l0x_gen.o(.bss)
    vl53l0x_data2                            0x200011b4   Data          28  vl53l0x_gen.o(.bss)
    vl53l0x_data3                            0x200011d0   Data          28  vl53l0x_gen.o(.bss)
    __heap_base                              0x20001210   Data           0  startup_stm32f10x_hd.o(HEAP)
    __heap_limit                             0x20001410   Data           0  startup_stm32f10x_hd.o(HEAP)
    __initial_sp                             0x20001810   Data           0  startup_stm32f10x_hd.o(STACK)



==============================================================================

Memory Map of the image

  Image Entry point : 0x08000131

  Load Region LR_IROM1 (Base: 0x08000000, Size: 0x00007824, Max: 0x00040000, ABSOLUTE, COMPRESSED[0x00007794])

    Execution Region ER_IROM1 (Base: 0x08000000, Size: 0x000074c0, Max: 0x00040000, ABSOLUTE)

    Base Addr    Size         Type   Attr      Idx    E Section Name        Object

    0x08000000   0x00000130   Data   RO            3    RESET               startup_stm32f10x_hd.o
    0x08000130   0x00000000   Code   RO         4905  * .ARM.Collect$$$$00000000  mc_w.l(entry.o)
    0x08000130   0x00000004   Code   RO         5284    .ARM.Collect$$$$00000001  mc_w.l(entry2.o)
    0x08000134   0x00000004   Code   RO         5287    .ARM.Collect$$$$00000004  mc_w.l(entry5.o)
    0x08000138   0x00000000   Code   RO         5289    .ARM.Collect$$$$00000008  mc_w.l(entry7b.o)
    0x08000138   0x00000000   Code   RO         5291    .ARM.Collect$$$$0000000A  mc_w.l(entry8b.o)
    0x08000138   0x00000008   Code   RO         5292    .ARM.Collect$$$$0000000B  mc_w.l(entry9a.o)
    0x08000140   0x00000000   Code   RO         5294    .ARM.Collect$$$$0000000D  mc_w.l(entry10a.o)
    0x08000140   0x00000000   Code   RO         5296    .ARM.Collect$$$$0000000F  mc_w.l(entry11a.o)
    0x08000140   0x00000004   Code   RO         5285    .ARM.Collect$$$$00002712  mc_w.l(entry2.o)
    0x08000144   0x00000024   Code   RO            4    .text               startup_stm32f10x_hd.o
    0x08000168   0x00000024   Code   RO         4910    .text               mc_w.l(memcpya.o)
    0x0800018c   0x00000024   Code   RO         4912    .text               mc_w.l(memseta.o)
    0x080001b0   0x00000012   Code   RO         4916    .text               mc_w.l(strcpy.o)
    0x080001c2   0x00000064   Code   RO         5211    .text               mf_w.l(fmul.o)
    0x08000226   0x0000007c   Code   RO         5213    .text               mf_w.l(fdiv.o)
    0x080002a2   0x0000014e   Code   RO         5215    .text               mf_w.l(dadd.o)
    0x080003f0   0x000000e4   Code   RO         5217    .text               mf_w.l(dmul.o)
    0x080004d4   0x000000de   Code   RO         5219    .text               mf_w.l(ddiv.o)
    0x080005b2   0x00000012   Code   RO         5221    .text               mf_w.l(fflti.o)
    0x080005c4   0x0000000a   Code   RO         5223    .text               mf_w.l(ffltui.o)
    0x080005ce   0x00000022   Code   RO         5225    .text               mf_w.l(dflti.o)
    0x080005f0   0x0000003e   Code   RO         5231    .text               mf_w.l(dfixi.o)
    0x0800062e   0x00000026   Code   RO         5233    .text               mf_w.l(f2d.o)
    0x08000654   0x00000062   Code   RO         5300    .text               mc_w.l(uldiv.o)
    0x080006b6   0x0000001e   Code   RO         5302    .text               mc_w.l(llshl.o)
    0x080006d4   0x00000020   Code   RO         5304    .text               mc_w.l(llushr.o)
    0x080006f4   0x00000024   Code   RO         5306    .text               mc_w.l(llsshr.o)
    0x08000718   0x00000000   Code   RO         5317    .text               mc_w.l(iusefp.o)
    0x08000718   0x0000006e   Code   RO         5318    .text               mf_w.l(fepilogue.o)
    0x08000786   0x000000ba   Code   RO         5320    .text               mf_w.l(depilogue.o)
    0x08000840   0x0000002e   Code   RO         5322    .text               mf_w.l(dscalb.o)
    0x0800086e   0x000000a2   Code   RO         5324    .text               mf_w.l(dsqrt.o)
    0x08000910   0x00000024   Code   RO         5332    .text               mc_w.l(init.o)
    0x08000934   0x0000001a   Code   RO         5334    .text               mf_w.l(dfltui.o)
    0x0800094e   0x0000005e   Code   RO         5344    .text               mc_w.l(__dclz77c.o)
    0x080009ac   0x00000004   Code   RO          545    i.BusFault_Handler  stm32f10x_it.o
    0x080009b0   0x00000030   Code   RO         1149    i.CreateStack       stack.o
    0x080009e0   0x00000002   Code   RO          546    i.DebugMon_Handler  stm32f10x_it.o
    0x080009e2   0x00000002   PAD
    0x080009e4   0x00000044   Code   RO          449    i.Delay_Initialize  ec_delay.o
    0x08000a28   0x0000004c   Code   RO          450    i.Delay_ms          ec_delay.o
    0x08000a74   0x0000004c   Code   RO          451    i.Delay_us          ec_delay.o
    0x08000ac0   0x00000030   Code   RO         1150    i.DestoryStack      stack.o
    0x08000af0   0x00000028   Code   RO         4825    i.EXTI4_IRQHandler  vl53l0x_it.o
    0x08000b18   0x0000000c   Code   RO         2598    i.EXTI_ClearITPendingBit  stm32f10x_exti.o
    0x08000b24   0x0000004c   Code   RO         2665    i.FLASH_ErasePage   stm32f10x_flash.o
    0x08000b70   0x00000034   Code   RO         2666    i.FLASH_GetBank1Status  stm32f10x_flash.o
    0x08000ba4   0x00000014   Code   RO         2675    i.FLASH_Lock        stm32f10x_flash.o
    0x08000bb8   0x00000040   Code   RO         2678    i.FLASH_ProgramHalfWord  stm32f10x_flash.o
    0x08000bf8   0x00000018   Code   RO         2683    i.FLASH_Unlock      stm32f10x_flash.o
    0x08000c10   0x00000026   Code   RO         2687    i.FLASH_WaitForLastOperation  stm32f10x_flash.o
    0x08000c36   0x00000116   Code   RO         1513    i.GPIO_Init         stm32f10x_gpio.o
    0x08000d4c   0x00000004   Code   RO         1520    i.GPIO_ResetBits    stm32f10x_gpio.o
    0x08000d50   0x00000004   Code   RO         1521    i.GPIO_SetBits      stm32f10x_gpio.o
    0x08000d54   0x00000028   Code   RO          218    i.GetTIM_Index      ec_motor.o
    0x08000d7c   0x00000040   Code   RO         1151    i.GetTopElement     stack.o
    0x08000dbc   0x00000004   Code   RO          547    i.HardFault_Handler  stm32f10x_it.o
    0x08000dc0   0x0000000e   Code   RO         1152    i.IsEmpty           stack.o
    0x08000dce   0x00000002   PAD
    0x08000dd0   0x0000002c   Code   RO          184    i.Led_Initialize    ec_led.o
    0x08000dfc   0x00000024   Code   RO          185    i.Led_On            ec_led.o
    0x08000e20   0x00000004   Code   RO          548    i.MemManage_Handler  stm32f10x_it.o
    0x08000e24   0x0000014c   Code   RO          219    i.Motor_Config      ec_motor.o
    0x08000f70   0x00000020   Code   RO          220    i.Motor_EnableDriver  ec_motor.o
    0x08000f90   0x00000050   Code   RO          221    i.Motor_Initialize  ec_motor.o
    0x08000fe0   0x00000064   Code   RO          223    i.Motor_SetCCW      ec_motor.o
    0x08001044   0x0000001c   Code   RO          226    i.Motor_Stop        ec_motor.o
    0x08001060   0x00000002   Code   RO          549    i.NMI_Handler       stm32f10x_it.o
    0x08001062   0x00000002   PAD
    0x08001064   0x00000070   Code   RO         1324    i.NVIC_Init         misc.o
    0x080010d4   0x00000014   Code   RO         1325    i.NVIC_PriorityGroupConfig  misc.o
    0x080010e8   0x00000038   Code   RO         4636    i.One_measurement   vl53l0x.o
    0x08001120   0x00000038   Code   RO         4637    i.One_measurement2  vl53l0x.o
    0x08001158   0x00000038   Code   RO         4638    i.One_measurement3  vl53l0x.o
    0x08001190   0x00000002   Code   RO          550    i.PendSV_Handler    stm32f10x_it.o
    0x08001192   0x00000020   Code   RO         1153    i.PopStack          stack.o
    0x080011b2   0x00000002   PAD
    0x080011b4   0x00000044   Code   RO         1154    i.PushStack         stack.o
    0x080011f8   0x00000020   Code   RO         2195    i.RCC_APB1PeriphClockCmd  stm32f10x_rcc.o
    0x08001218   0x00000020   Code   RO         2197    i.RCC_APB2PeriphClockCmd  stm32f10x_rcc.o
    0x08001238   0x000000d4   Code   RO         2205    i.RCC_GetClocksFreq  stm32f10x_rcc.o
    0x0800130c   0x00000022   Code   RO         1098    i.STMFLASH_Read     stmflash.o
    0x0800132e   0x00000006   Code   RO         1099    i.STMFLASH_ReadHalfWord  stmflash.o
    0x08001334   0x000000e8   Code   RO         1100    i.STMFLASH_Write    stmflash.o
    0x0800141c   0x00000026   Code   RO         1101    i.STMFLASH_Write_NoCheck  stmflash.o
    0x08001442   0x00000002   Code   RO          551    i.SVC_Handler       stm32f10x_it.o
    0x08001444   0x00000008   Code   RO          499    i.SetSysClock       system_stm32f10x.o
    0x0800144c   0x000000e0   Code   RO          500    i.SetSysClockTo72   system_stm32f10x.o
    0x0800152c   0x00000028   Code   RO         1328    i.SysTick_CLKSourceConfig  misc.o
    0x08001554   0x00000002   Code   RO          552    i.SysTick_Handler   stm32f10x_it.o
    0x08001556   0x00000002   PAD
    0x08001558   0x00000060   Code   RO          502    i.SystemInit        system_stm32f10x.o
    0x080015b8   0x00000024   Code   RO          320    i.TIM2_IRQHandler   ec_timer.o
    0x080015dc   0x00000020   Code   RO         1638    i.TIM_BDTRConfig    stm32f10x_tim.o
    0x080015fc   0x00000006   Code   RO         1644    i.TIM_ClearITPendingBit  stm32f10x_tim.o
    0x08001602   0x00000018   Code   RO         1649    i.TIM_Cmd           stm32f10x_tim.o
    0x0800161a   0x0000001e   Code   RO         1651    i.TIM_CtrlPWMOutputs  stm32f10x_tim.o
    0x08001638   0x00000098   Code   RO         1678    i.TIM_OC1Init       stm32f10x_tim.o
    0x080016d0   0x00000012   Code   RO         1681    i.TIM_OC1PreloadConfig  stm32f10x_tim.o
    0x080016e2   0x00000002   PAD
    0x080016e4   0x000000a4   Code   RO         1720    i.TIM_TimeBaseInit  stm32f10x_tim.o
    0x08001788   0x00000088   Code   RO          396    i.USART1_IRQHandler  ec_usart.o
    0x08001810   0x00000018   Code   RO         2409    i.USART_Cmd         stm32f10x_usart.o
    0x08001828   0x00000054   Code   RO         2413    i.USART_GetITStatus  stm32f10x_usart.o
    0x0800187c   0x0000004a   Code   RO         2415    i.USART_ITConfig    stm32f10x_usart.o
    0x080018c6   0x00000002   PAD
    0x080018c8   0x000000d8   Code   RO         2416    i.USART_Init        stm32f10x_usart.o
    0x080019a0   0x0000000a   Code   RO         2423    i.USART_ReceiveData  stm32f10x_usart.o
    0x080019aa   0x00000002   PAD
    0x080019ac   0x000000a0   Code   RO          397    i.Uart1_Initialize  ec_usart.o
    0x08001a4c   0x00000004   Code   RO          553    i.UsageFault_Handler  stm32f10x_it.o
    0x08001a50   0x00000084   Code   RO         3364    i.VL53L0X_CheckAndLoadInterruptSettings  vl53l0x_api.o
    0x08001ad4   0x00000052   Code   RO         3365    i.VL53L0X_ClearInterruptMask  vl53l0x_api.o
    0x08001b26   0x00000002   PAD
    0x08001b28   0x000001ac   Code   RO         3366    i.VL53L0X_DataInit  vl53l0x_api.o
    0x08001cd4   0x00000016   Code   RO         3370    i.VL53L0X_GetDeviceInfo  vl53l0x_api.o
    0x08001cea   0x0000000a   Code   RO         3371    i.VL53L0X_GetDeviceMode  vl53l0x_api.o
    0x08001cf4   0x000000a0   Code   RO         3372    i.VL53L0X_GetDeviceParameters  vl53l0x_api.o
    0x08001d94   0x00000022   Code   RO         3374    i.VL53L0X_GetFractionEnable  vl53l0x_api.o
    0x08001db6   0x0000003e   Code   RO         3378    i.VL53L0X_GetInterMeasurementPeriodMilliSeconds  vl53l0x_api.o
    0x08001df4   0x00000030   Code   RO         3379    i.VL53L0X_GetInterruptMaskStatus  vl53l0x_api.o
    0x08001e24   0x00000042   Code   RO         3380    i.VL53L0X_GetInterruptThresholds  vl53l0x_api.o
    0x08001e66   0x0000001c   Code   RO         3382    i.VL53L0X_GetLimitCheckEnable  vl53l0x_api.o
    0x08001e82   0x000000b6   Code   RO         3385    i.VL53L0X_GetLimitCheckValue  vl53l0x_api.o
    0x08001f38   0x00000056   Code   RO         3388    i.VL53L0X_GetMeasurementDataReady  vl53l0x_api.o
    0x08001f8e   0x00000016   Code   RO         3390    i.VL53L0X_GetMeasurementTimingBudgetMicroSeconds  vl53l0x_api.o
    0x08001fa4   0x00000016   Code   RO         3394    i.VL53L0X_GetOffsetCalibrationDataMicroMeter  vl53l0x_api.o
    0x08001fba   0x00000016   Code   RO         3395    i.VL53L0X_GetPalErrorString  vl53l0x_api.o
    0x08001fd0   0x00000016   Code   RO         3401    i.VL53L0X_GetRangeStatusString  vl53l0x_api.o
    0x08001fe6   0x0000016e   Code   RO         3402    i.VL53L0X_GetRangingMeasurementData  vl53l0x_api.o
    0x08002154   0x00000076   Code   RO         3406    i.VL53L0X_GetSequenceStepEnables  vl53l0x_api.o
    0x080021ca   0x0000001e   Code   RO         3415    i.VL53L0X_GetVcselPulsePeriod  vl53l0x_api.o
    0x080021e8   0x0000003e   Code   RO         3417    i.VL53L0X_GetWrapAroundCheckEnable  vl53l0x_api.o
    0x08002226   0x0000000c   Code   RO         3418    i.VL53L0X_GetXTalkCompensationEnable  vl53l0x_api.o
    0x08002232   0x00000038   Code   RO         3419    i.VL53L0X_GetXTalkCompensationRateMegaCps  vl53l0x_api.o
    0x0800226a   0x00000020   Code   RO         3421    i.VL53L0X_PerformRefCalibration  vl53l0x_api.o
    0x0800228a   0x0000001e   Code   RO         3422    i.VL53L0X_PerformRefSpadManagement  vl53l0x_api.o
    0x080022a8   0x0000003c   Code   RO         3424    i.VL53L0X_PerformSingleMeasurement  vl53l0x_api.o
    0x080022e4   0x00000038   Code   RO         3425    i.VL53L0X_PerformSingleRangingMeasurement  vl53l0x_api.o
    0x0800231c   0x0000001a   Code   RO         4558    i.VL53L0X_PollingDelay  vl53l0x_platform.o
    0x08002336   0x0000002c   Code   RO         4559    i.VL53L0X_RdByte    vl53l0x_platform.o
    0x08002362   0x0000002c   Code   RO         4560    i.VL53L0X_RdDWord   vl53l0x_platform.o
    0x0800238e   0x0000002c   Code   RO         4561    i.VL53L0X_RdWord    vl53l0x_platform.o
    0x080023ba   0x00000036   Code   RO         4562    i.VL53L0X_ReadMulti  vl53l0x_platform.o
    0x080023f0   0x00000024   Code   RO         3429    i.VL53L0X_SetDeviceAddress  vl53l0x_api.o
    0x08002414   0x00000032   Code   RO         3430    i.VL53L0X_SetDeviceMode  vl53l0x_api.o
    0x08002446   0x00000166   Code   RO         3433    i.VL53L0X_SetGpioConfig  vl53l0x_api.o
    0x080025ac   0x000000c2   Code   RO         3438    i.VL53L0X_SetLimitCheckEnable  vl53l0x_api.o
    0x0800266e   0x00000076   Code   RO         3439    i.VL53L0X_SetLimitCheckValue  vl53l0x_api.o
    0x080026e4   0x00000016   Code   RO         3441    i.VL53L0X_SetMeasurementTimingBudgetMicroSeconds  vl53l0x_api.o
    0x080026fa   0x000000c4   Code   RO         3448    i.VL53L0X_SetSequenceStepEnable  vl53l0x_api.o
    0x080027be   0x0000001e   Code   RO         3453    i.VL53L0X_SetVcselPulsePeriod  vl53l0x_api.o
    0x080027dc   0x0000010c   Code   RO         3457    i.VL53L0X_StartMeasurement  vl53l0x_api.o
    0x080028e8   0x000001a0   Code   RO         3458    i.VL53L0X_StaticInit  vl53l0x_api.o
    0x08002a88   0x00000052   Code   RO         4563    i.VL53L0X_UpdateByte  vl53l0x_platform.o
    0x08002ada   0x0000002c   Code   RO         4564    i.VL53L0X_WrByte    vl53l0x_platform.o
    0x08002b06   0x0000002c   Code   RO         4566    i.VL53L0X_WrWord    vl53l0x_platform.o
    0x08002b32   0x0000003c   Code   RO         4567    i.VL53L0X_WriteMulti  vl53l0x_platform.o
    0x08002b6e   0x00000002   PAD
    0x08002b70   0x0000018c   Code   RO         4168    i.VL53L0X_calc_dmax  vl53l0x_api_core.o
    0x08002cfc   0x00000016   Code   RO         4169    i.VL53L0X_calc_macro_period_ps  vl53l0x_api_core.o
    0x08002d12   0x00000002   PAD
    0x08002d14   0x00000310   Code   RO         4170    i.VL53L0X_calc_sigma_estimate  vl53l0x_api_core.o
    0x08003024   0x00000034   Code   RO         4171    i.VL53L0X_calc_timeout_mclks  vl53l0x_api_core.o
    0x08003058   0x00000034   Code   RO         4172    i.VL53L0X_calc_timeout_us  vl53l0x_api_core.o
    0x0800308c   0x00000050   Code   RO         4354    i.VL53L0X_check_part_used  vl53l0x_api_strings.o
    0x080030dc   0x0000000e   Code   RO         4173    i.VL53L0X_decode_timeout  vl53l0x_api_core.o
    0x080030ea   0x0000000c   Code   RO         4174    i.VL53L0X_decode_vcsel_period  vl53l0x_api_core.o
    0x080030f6   0x00000052   Code   RO         4175    i.VL53L0X_device_read_strobe  vl53l0x_api_core.o
    0x08003148   0x00000028   Code   RO         4176    i.VL53L0X_encode_timeout  vl53l0x_api_core.o
    0x08003170   0x0000000e   Code   RO         4177    i.VL53L0X_encode_vcsel_period  vl53l0x_api_core.o
    0x0800317e   0x00000002   PAD
    0x08003180   0x000000dc   Code   RO         4356    i.VL53L0X_get_device_info  vl53l0x_api_strings.o
    0x0800325c   0x0000054a   Code   RO         4178    i.VL53L0X_get_info_from_device  vl53l0x_api_core.o
    0x080037a6   0x000000ee   Code   RO         4179    i.VL53L0X_get_measurement_timing_budget_micro_seconds  vl53l0x_api_core.o
    0x08003894   0x00000056   Code   RO         4010    i.VL53L0X_get_offset_calibration_data_micro_meter  vl53l0x_api_calibration.o
    0x080038ea   0x00000002   PAD
    0x080038ec   0x000002cc   Code   RO         4358    i.VL53L0X_get_pal_error_string  vl53l0x_api_strings.o
    0x08003bb8   0x00000234   Code   RO         4180    i.VL53L0X_get_pal_range_status  vl53l0x_api_core.o
    0x08003dec   0x000000d4   Code   RO         4360    i.VL53L0X_get_range_status_string  vl53l0x_api_strings.o
    0x08003ec0   0x00000028   Code   RO         4181    i.VL53L0X_get_total_signal_rate  vl53l0x_api_core.o
    0x08003ee8   0x0000003a   Code   RO         4182    i.VL53L0X_get_total_xtalk_rate  vl53l0x_api_core.o
    0x08003f22   0x00000046   Code   RO         4183    i.VL53L0X_get_vcsel_pulse_period  vl53l0x_api_core.o
    0x08003f68   0x00000034   Code   RO         4420    i.VL53L0X_i2c_init  vl53l0x_i2c.o
    0x08003f9c   0x0000002c   Code   RO         4184    i.VL53L0X_isqrt     vl53l0x_api_core.o
    0x08003fc8   0x000000ea   Code   RO         4185    i.VL53L0X_load_tuning_settings  vl53l0x_api_core.o
    0x080040b2   0x00000042   Code   RO         4186    i.VL53L0X_measurement_poll_for_completion  vl53l0x_api_core.o
    0x080040f4   0x0000007c   Code   RO         4014    i.VL53L0X_perform_phase_calibration  vl53l0x_api_calibration.o
    0x08004170   0x0000004c   Code   RO         4015    i.VL53L0X_perform_ref_calibration  vl53l0x_api_calibration.o
    0x080041bc   0x00000292   Code   RO         4016    i.VL53L0X_perform_ref_spad_management  vl53l0x_api_calibration.o
    0x0800444e   0x00000040   Code   RO         4017    i.VL53L0X_perform_single_ref_calibration  vl53l0x_api_calibration.o
    0x0800448e   0x0000007e   Code   RO         4018    i.VL53L0X_perform_vhv_calibration  vl53l0x_api_calibration.o
    0x0800450c   0x00000020   Code   RO         4421    i.VL53L0X_read_byte  vl53l0x_i2c.o
    0x0800452c   0x0000003a   Code   RO         4422    i.VL53L0X_read_dword  vl53l0x_i2c.o
    0x08004566   0x00000028   Code   RO         4423    i.VL53L0X_read_multi  vl53l0x_i2c.o
    0x0800458e   0x0000002a   Code   RO         4424    i.VL53L0X_read_word  vl53l0x_i2c.o
    0x080045b8   0x000000b0   Code   RO         4020    i.VL53L0X_ref_calibration_io  vl53l0x_api_calibration.o
    0x08004668   0x00000126   Code   RO         4189    i.VL53L0X_set_measurement_timing_budget_micro_seconds  vl53l0x_api_core.o
    0x0800478e   0x000000c2   Code   RO         4023    i.VL53L0X_set_reference_spads  vl53l0x_api_calibration.o
    0x08004850   0x000002fe   Code   RO         4190    i.VL53L0X_set_vcsel_pulse_period  vl53l0x_api_core.o
    0x08004b4e   0x0000001a   Code   RO         4425    i.VL53L0X_write_byte  vl53l0x_i2c.o
    0x08004b68   0x00000028   Code   RO         4427    i.VL53L0X_write_multi  vl53l0x_i2c.o
    0x08004b90   0x00000056   Code   RO         4428    i.VL53L0X_write_word  vl53l0x_i2c.o
    0x08004be6   0x00000002   PAD
    0x08004be8   0x00000050   Code   RO         4429    i.VL_IIC_Ack        vl53l0x_i2c.o
    0x08004c38   0x00000050   Code   RO         4430    i.VL_IIC_NAck       vl53l0x_i2c.o
    0x08004c88   0x00000070   Code   RO         4432    i.VL_IIC_Read_Byte  vl53l0x_i2c.o
    0x08004cf8   0x0000006a   Code   RO         4433    i.VL_IIC_Read_nByte  vl53l0x_i2c.o
    0x08004d62   0x00000002   PAD
    0x08004d64   0x00000074   Code   RO         4434    i.VL_IIC_Send_Byte  vl53l0x_i2c.o
    0x08004dd8   0x0000004c   Code   RO         4435    i.VL_IIC_Start      vl53l0x_i2c.o
    0x08004e24   0x0000004c   Code   RO         4436    i.VL_IIC_Stop       vl53l0x_i2c.o
    0x08004e70   0x00000064   Code   RO         4437    i.VL_IIC_Wait_Ack   vl53l0x_i2c.o
    0x08004ed4   0x00000050   Code   RO         4439    i.VL_IIC_Write_nByte  vl53l0x_i2c.o
    0x08004f24   0x00000020   Code   RO         5127    i.__0printf$8       mc_w.l(printf8.o)
    0x08004f44   0x00000028   Code   RO         5268    i.__ARM_fpclassify  m_ws.l(fpclassify.o)
    0x08004f6c   0x00000388   Code   RO         5273    i.__ieee754_rem_pio2  m_ws.l(rred.o)
    0x080052f4   0x000000fc   Code   RO         5251    i.__kernel_cos      m_ws.l(cos_i.o)
    0x080053f0   0x000000aa   Code   RO         5270    i.__kernel_poly     m_ws.l(poly.o)
    0x0800549a   0x00000002   PAD
    0x0800549c   0x000000ec   Code   RO         5278    i.__kernel_sin      m_ws.l(sin_i.o)
    0x08005588   0x00000006   Code   RO         5255    i.__mathlib_dbl_infnan  m_ws.l(dunder.o)
    0x0800558e   0x0000000c   Code   RO         5257    i.__mathlib_dbl_invalid  m_ws.l(dunder.o)
    0x0800559a   0x00000002   PAD
    0x0800559c   0x00000010   Code   RO         5260    i.__mathlib_dbl_underflow  m_ws.l(dunder.o)
    0x080055ac   0x0000000e   Code   RO         5338    i.__scatterload_copy  mc_w.l(handlers.o)
    0x080055ba   0x00000002   Code   RO         5339    i.__scatterload_null  mc_w.l(handlers.o)
    0x080055bc   0x0000000e   Code   RO         5340    i.__scatterload_zeroinit  mc_w.l(handlers.o)
    0x080055ca   0x00000002   PAD
    0x080055cc   0x0000000c   Code   RO         5312    i.__set_errno       mc_w.l(errno.o)
    0x080055d8   0x00000410   Code   RO         5134    i._printf_core      mc_w.l(printf8.o)
    0x080059e8   0x00000024   Code   RO         5135    i._printf_post_padding  mc_w.l(printf8.o)
    0x08005a0c   0x0000002e   Code   RO         5136    i._printf_pre_padding  mc_w.l(printf8.o)
    0x08005a3a   0x0000000e   Code   RO         1207    i.absolute          control.o
    0x08005a48   0x0000009c   Code   RO         4882    i.cos               m_ws.l(cos.o)
    0x08005ae4   0x00000014   Code   RO         1208    i.delay1            control.o
    0x08005af8   0x000000ac   Code   RO         4025    i.enable_ref_spads  vl53l0x_api_calibration.o
    0x08005ba4   0x00000032   Code   RO         4026    i.enable_spad_bit   vl53l0x_api_calibration.o
    0x08005bd6   0x00000002   PAD
    0x08005bd8   0x0000001c   Code   RO          399    i.fputc             ec_usart.o
    0x08005bf4   0x00000050   Code   RO         5181    i.free              mc_w.l(malloc.o)
    0x08005c44   0x00000080   Code   RO         1210    i.gengsui1          control.o
    0x08005cc4   0x00000068   Code   RO         4027    i.get_next_good_spad  vl53l0x_api_calibration.o
    0x08005d2c   0x00000018   Code   RO         4028    i.get_ref_spad_map  vl53l0x_api_calibration.o
    0x08005d44   0x00000122   Code   RO         4191    i.get_sequence_step_timeout  vl53l0x_api_core.o
    0x08005e66   0x00000002   PAD
    0x08005e68   0x000001dc   Code   RO         1212    i.go_anywhere       control.o
    0x08006044   0x00000072   Code   RO         1213    i.go_left           control.o
    0x080060b6   0x00000072   Code   RO         1214    i.go_right          control.o
    0x08006128   0x00000018   Code   RO         4029    i.is_aperture       vl53l0x_api_calibration.o
    0x08006140   0x0000032c   Code   RO           13    i.main              main.o
    0x0800646c   0x0000006c   Code   RO         5182    i.malloc            mc_w.l(malloc.o)
    0x080064d8   0x00000120   Code   RO         1215    i.move_ahead        control.o
    0x080065f8   0x00000128   Code   RO         1216    i.move_ahead1       control.o
    0x08006720   0x00000040   Code   RO         1218    i.move_time         control.o
    0x08006760   0x0000006e   Code   RO         4030    i.perform_ref_signal_measurement  vl53l0x_api_calibration.o
    0x080067ce   0x00000002   PAD
    0x080067d0   0x00000034   Code   RO         4640    i.print_pal_error   vl53l0x.o
    0x08006804   0x00000048   Code   RO         3462    i.sequence_step_enabled  vl53l0x_api.o
    0x0800684c   0x00000100   Code   RO         1219    i.set_direction     control.o
    0x0800694c   0x00000018   Code   RO         4031    i.set_ref_spad_map  vl53l0x_api_calibration.o
    0x08006964   0x00000132   Code   RO         4192    i.set_sequence_step_timeout  vl53l0x_api_core.o
    0x08006a96   0x00000002   PAD
    0x08006a98   0x000000a0   Code   RO         4890    i.sin               m_ws.l(sin.o)
    0x08006b38   0x0000004c   Code   RO         4898    i.sqrt              m_ws.l(sqrt.o)
    0x08006b84   0x00000024   Code   RO         1220    i.test_distance     control.o
    0x08006ba8   0x000000a4   Code   RO         4641    i.vl53l0x_Addr_set  vl53l0x.o
    0x08006c4c   0x00000104   Code   RO         4642    i.vl53l0x_info      vl53l0x.o
    0x08006d50   0x00000104   Code   RO         4643    i.vl53l0x_info2     vl53l0x.o
    0x08006e54   0x00000104   Code   RO         4644    i.vl53l0x_info3     vl53l0x.o
    0x08006f58   0x000000d4   Code   RO         4645    i.vl53l0x_init      vl53l0x.o
    0x0800702c   0x000000ec   Code   RO         4646    i.vl53l0x_init_2    vl53l0x.o
    0x08007118   0x000000ec   Code   RO         4647    i.vl53l0x_init_3    vl53l0x.o
    0x08007204   0x00000128   Code   RO         4778    i.vl53l0x_set_mode  vl53l0x_gen.o
    0x0800732c   0x00000040   Code   RO         4779    i.vl53l0x_start_single_test  vl53l0x_gen.o
    0x0800736c   0x00000011   Data   RO           14    .constdata          main.o
    0x0800737d   0x00000003   PAD
    0x08007380   0x00000030   Data   RO         5252    .constdata          m_ws.l(cos_i.o)
    0x080073b0   0x000000c8   Data   RO         5275    .constdata          m_ws.l(rred.o)
    0x08007478   0x00000028   Data   RO         5279    .constdata          m_ws.l(sin_i.o)
    0x080074a0   0x00000020   Data   RO         5336    Region$$Table       anon$$obj.o


    Execution Region RW_IRAM1 (Base: 0x20000000, Size: 0x00001810, Max: 0x0000c000, ABSOLUTE, COMPRESSED[0x000002d4])

    Base Addr    Size         Type   Attr      Idx    E Section Name        Object

    0x20000000   0x00000001   Data   RW          323    .data               ec_timer.o
    0x20000001   0x00000003   PAD
    0x20000004   0x00000008   Data   RW          401    .data               ec_usart.o
    0x2000000c   0x00000004   Data   RW          454    .data               ec_delay.o
    0x20000010   0x00000014   Data   RW          503    .data               system_stm32f10x.o
    0x20000024   0x00000018   Data   RW         1222    .data               control.o
    0x2000003c   0x00000014   Data   RW         2225    .data               stm32f10x_rcc.o
    0x20000050   0x000002a9   Data   RW         3463    .data               vl53l0x_api.o
    0x200002f9   0x00000003   PAD
    0x200002fc   0x00000010   Data   RW         4032    .data               vl53l0x_api_calibration.o
    0x2000030c   0x00000039   Data   RW         4650    .data               vl53l0x.o
    0x20000345   0x00000001   PAD
    0x20000346   0x00000002   Data   RW         4781    .data               vl53l0x_gen.o
    0x20000348   0x0000000d   Data   RW         4828    .data               vl53l0x_it.o
    0x20000355   0x00000003   PAD
    0x20000358   0x00000004   Data   RW         5308    .data               mc_w.l(mvars.o)
    0x2000035c   0x00000004   Data   RW         5309    .data               mc_w.l(mvars.o)
    0x20000360   0x00000004   Data   RW         5313    .data               mc_w.l(errno.o)
    0x20000364   0x000000c8   Zero   RW          400    .bss                ec_usart.o
    0x2000042c   0x00000800   Zero   RW         1103    .bss                stmflash.o
    0x20000c2c   0x00000020   Zero   RW         1221    .bss                control.o
    0x20000c4c   0x00000549   Zero   RW         4649    .bss                vl53l0x.o
    0x20001195   0x00000003   PAD
    0x20001198   0x00000074   Zero   RW         4780    .bss                vl53l0x_gen.o
    0x2000120c   0x00000004   PAD
    0x20001210   0x00000200   Zero   RW            2    HEAP                startup_stm32f10x_hd.o
    0x20001410   0x00000400   Zero   RW            1    STACK               startup_stm32f10x_hd.o


==============================================================================

Image component sizes


      Code (inc. data)   RO Data    RW Data    ZI Data      Debug   Object Name

      1806        112          0         24         32       6767   control.o
       220         26          0          4          0       1549   ec_delay.o
        80         10          0          0          0        902   ec_led.o
       612         38          0          0          0       4006   ec_motor.o
        36          4          0          1          0        450   ec_timer.o
       324         26          0          8        200       9723   ec_usart.o
       812        136         17          0          0     265157   main.o
       172         22          0          0          0       1913   misc.o
       274        112          0          0          0       3382   stack.o
        36          8        304          0       1536        804   startup_stm32f10x_hd.o
        12          6          0          0          0        465   stm32f10x_exti.o
       274         30          0          0          0       9398   stm32f10x_flash.o
       286          0          0          0          0       2872   stm32f10x_gpio.o
        26          0          0          0          0       3602   stm32f10x_it.o
       276         32          0         20          0       4262   stm32f10x_rcc.o
       426         62          0          0          0       4360   stm32f10x_tim.o
       408          6          0          0          0       4698   stm32f10x_usart.o
       310         10          0          0       2048       3157   stmflash.o
       328         28          0         20          0       2069   system_stm32f10x.o
      1848        782          0         57       1353       8092   vl53l0x.o
      4010         62          0        681          0      29395   vl53l0x_api.o
      2012          6          0         16          0      14151   vl53l0x_api_calibration.o
      5792         18          0          0          0      26663   vl53l0x_api_core.o
      1228        620          0          0          0       3761   vl53l0x_api_strings.o
       360         10          0          2        116       2840   vl53l0x_gen.o
      1202        100          0          0          0      10726   vl53l0x_i2c.o
        40         18          0         13          0       1283   vl53l0x_it.o
       442          0          0          0          0       6575   vl53l0x_platform.o

    ----------------------------------------------------------------------
     23690       2284        356        856       5292     433022   Object Totals
         0          0         32          0          0          0   (incl. Generated)
        38          0          3         10          7          0   (incl. Padding)

    ----------------------------------------------------------------------

      Code (inc. data)   RO Data    RW Data    ZI Data      Debug   Library Member Name

       156          8          0          0          0        104   cos.o
       252         22         48          0          0        124   cos_i.o
        34          6          0          0          0        204   dunder.o
        40          0          0          0          0         68   fpclassify.o
       170          0          0          0          0         96   poly.o
       904         76        200          0          0        140   rred.o
       160         10          0          0          0        108   sin.o
       236         12         40          0          0        128   sin_i.o
        76          0          0          0          0         84   sqrt.o
        94          0          0          0          0          0   __dclz77c.o
         0          0          0          0          0          0   entry.o
         0          0          0          0          0          0   entry10a.o
         0          0          0          0          0          0   entry11a.o
         8          4          0          0          0          0   entry2.o
         4          0          0          0          0          0   entry5.o
         0          0          0          0          0          0   entry7b.o
         0          0          0          0          0          0   entry8b.o
         8          4          0          0          0          0   entry9a.o
        12          6          0          4          0         68   errno.o
        30          0          0          0          0          0   handlers.o
        36          8          0          0          0         68   init.o
         0          0          0          0          0          0   iusefp.o
        30          0          0          0          0         68   llshl.o
        36          0          0          0          0         68   llsshr.o
        32          0          0          0          0         68   llushr.o
       188         20          0          0          0        160   malloc.o
        36          0          0          0          0         68   memcpya.o
        36          0          0          0          0        108   memseta.o
         0          0          0          8          0          0   mvars.o
      1154         54          0          0          0        352   printf8.o
        18          0          0          0          0         68   strcpy.o
        98          0          0          0          0         92   uldiv.o
       334          0          0          0          0        148   dadd.o
       222          0          0          0          0        100   ddiv.o
       186          0          0          0          0        176   depilogue.o
        62          0          0          0          0         80   dfixi.o
        34          0          0          0          0         76   dflti.o
        26          0          0          0          0         76   dfltui.o
       228          0          0          0          0         96   dmul.o
        46          0          0          0          0         80   dscalb.o
       162          0          0          0          0        100   dsqrt.o
        38          0          0          0          0         68   f2d.o
       124          0          0          0          0         88   fdiv.o
       110          0          0          0          0        168   fepilogue.o
        18          0          0          0          0         68   fflti.o
        10          0          0          0          0         68   ffltui.o
       100          0          0          0          0         76   fmul.o

    ----------------------------------------------------------------------
      5554        230        288         12          0       3712   Library Totals
         6          0          0          0          0          0   (incl. Padding)

    ----------------------------------------------------------------------

      Code (inc. data)   RO Data    RW Data    ZI Data      Debug   Library Name

      2028        134        288          0          0       1056   m_ws.l
      1820         96          0         12          0       1188   mc_w.l
      1700          0          0          0          0       1468   mf_w.l

    ----------------------------------------------------------------------
      5554        230        288         12          0       3712   Library Totals

    ----------------------------------------------------------------------

==============================================================================


      Code (inc. data)   RO Data    RW Data    ZI Data      Debug   

     29244       2514        644        868       5292     424902   Grand Totals
     29244       2514        644        724       5292     424902   ELF Image Totals (compressed)
     29244       2514        644        724          0          0   ROM Totals

==============================================================================

    Total RO  Size (Code + RO Data)                29888 (  29.19kB)
    Total RW  Size (RW Data + ZI Data)              6160 (   6.02kB)
    Total ROM Size (Code + RO Data + RW Data)      30612 (  29.89kB)

==============================================================================

