Component: ARM Compiler 5.05 update 1 (build 106) Tool: armlink [4d0efa]

==============================================================================

Section Cross References

    startup_stm32f10x_hd.o(RESET) refers to startup_stm32f10x_hd.o(STACK) for __initial_sp
    startup_stm32f10x_hd.o(RESET) refers to startup_stm32f10x_hd.o(.text) for Reset_Handler
    startup_stm32f10x_hd.o(RESET) refers to stm32f10x_it.o(i.NMI_Handler) for NMI_Handler
    startup_stm32f10x_hd.o(RESET) refers to stm32f10x_it.o(i.HardFault_Handler) for HardFault_Handler
    startup_stm32f10x_hd.o(RESET) refers to stm32f10x_it.o(i.MemManage_Handler) for MemManage_Handler
    startup_stm32f10x_hd.o(RESET) refers to stm32f10x_it.o(i.BusFault_Handler) for BusFault_Handler
    startup_stm32f10x_hd.o(RESET) refers to stm32f10x_it.o(i.UsageFault_Handler) for UsageFault_Handler
    startup_stm32f10x_hd.o(RESET) refers to stm32f10x_it.o(i.SVC_Handler) for SVC_Handler
    startup_stm32f10x_hd.o(RESET) refers to stm32f10x_it.o(i.DebugMon_Handler) for DebugMon_Handler
    startup_stm32f10x_hd.o(RESET) refers to stm32f10x_it.o(i.PendSV_Handler) for PendSV_Handler
    startup_stm32f10x_hd.o(RESET) refers to stm32f10x_it.o(i.SysTick_Handler) for SysTick_Handler
    startup_stm32f10x_hd.o(RESET) refers to vl53l0x_it.o(i.EXTI4_IRQHandler) for EXTI4_IRQHandler
    startup_stm32f10x_hd.o(RESET) refers to ec_timer.o(i.TIM2_IRQHandler) for TIM2_IRQHandler
    startup_stm32f10x_hd.o(RESET) refers to ec_usart.o(i.USART1_IRQHandler) for USART1_IRQHandler
    startup_stm32f10x_hd.o(.text) refers to system_stm32f10x.o(i.SystemInit) for SystemInit
    startup_stm32f10x_hd.o(.text) refers to entry.o(.ARM.Collect$$$$00000000) for __main
    main.o(i.main) refers to ec_delay.o(i.Delay_Initialize) for Delay_Initialize
    main.o(i.main) refers to ec_usart.o(i.Uart1_Initialize) for Uart1_Initialize
    main.o(i.main) refers to ioi2c_1.o(i.IIC_Init) for IIC_Init
    main.o(i.main) refers to mpu6050.o(i.MPU6050_initialize) for MPU6050_initialize
    main.o(i.main) refers to mpu6050.o(i.DMP_Init) for DMP_Init
    main.o(i.main) refers to printfa.o(i.__0printf) for __2printf
    main.o(i.main) refers to ec_delay.o(i.Delay_ms) for Delay_ms
    main.o(i.main) refers to mpu6050.o(i.Read_DMP) for Read_DMP
    main.o(i.main) refers to f2d.o(.text) for __aeabi_f2d
    main.o(i.main) refers to control.o(.data) for Yaw
    ec_led.o(i.Led_Initialize) refers to stm32f10x_rcc.o(i.RCC_APB2PeriphClockCmd) for RCC_APB2PeriphClockCmd
    ec_led.o(i.Led_Initialize) refers to stm32f10x_gpio.o(i.GPIO_Init) for GPIO_Init
    ec_led.o(i.Led_On) refers to stm32f10x_gpio.o(i.GPIO_SetBits) for GPIO_SetBits
    ec_led.o(i.Led_On) refers to stm32f10x_gpio.o(i.GPIO_ResetBits) for GPIO_ResetBits
    ec_motor.o(i.Motor_Config) refers to ec_motor.o(i.GetTIM_Index) for GetTIM_Index
    ec_motor.o(i.Motor_Config) refers to stm32f10x_rcc.o(i.RCC_APB2PeriphClockCmd) for RCC_APB2PeriphClockCmd
    ec_motor.o(i.Motor_Config) refers to stm32f10x_rcc.o(i.RCC_APB1PeriphClockCmd) for RCC_APB1PeriphClockCmd
    ec_motor.o(i.Motor_Config) refers to stm32f10x_rcc.o(i.RCC_GetClocksFreq) for RCC_GetClocksFreq
    ec_motor.o(i.Motor_Config) refers to stm32f10x_tim.o(i.TIM_TimeBaseInit) for TIM_TimeBaseInit
    ec_motor.o(i.Motor_Config) refers to stm32f10x_tim.o(i.TIM_OC1Init) for TIM_OC1Init
    ec_motor.o(i.Motor_Config) refers to stm32f10x_tim.o(i.TIM_OC1PreloadConfig) for TIM_OC1PreloadConfig
    ec_motor.o(i.Motor_Config) refers to stm32f10x_tim.o(i.TIM_BDTRConfig) for TIM_BDTRConfig
    ec_motor.o(i.Motor_Config) refers to stm32f10x_tim.o(i.TIM_CtrlPWMOutputs) for TIM_CtrlPWMOutputs
    ec_motor.o(i.Motor_Config) refers to stm32f10x_gpio.o(i.GPIO_Init) for GPIO_Init
    ec_motor.o(i.Motor_Config) refers to stm32f10x_tim.o(i.TIM_Cmd) for TIM_Cmd
    ec_motor.o(i.Motor_EnableDriver) refers to stm32f10x_gpio.o(i.GPIO_SetBits) for GPIO_SetBits
    ec_motor.o(i.Motor_EnableDriver) refers to stm32f10x_gpio.o(i.GPIO_ResetBits) for GPIO_ResetBits
    ec_motor.o(i.Motor_Initialize) refers to stm32f10x_rcc.o(i.RCC_APB2PeriphClockCmd) for RCC_APB2PeriphClockCmd
    ec_motor.o(i.Motor_Initialize) refers to stm32f10x_gpio.o(i.GPIO_Init) for GPIO_Init
    ec_motor.o(i.Motor_IsCCW) refers to stm32f10x_gpio.o(i.GPIO_ReadInputDataBit) for GPIO_ReadInputDataBit
    ec_motor.o(i.Motor_SetCCW) refers to stm32f10x_gpio.o(i.GPIO_SetBits) for GPIO_SetBits
    ec_motor.o(i.Motor_SetCCW) refers to stm32f10x_gpio.o(i.GPIO_ResetBits) for GPIO_ResetBits
    ec_motor.o(i.Motor_Speed) refers to ec_motor.o(i.GetTIM_Index) for GetTIM_Index
    ec_motor.o(i.Motor_Speed) refers to stm32f10x_rcc.o(i.RCC_GetClocksFreq) for RCC_GetClocksFreq
    ec_motor.o(i.Motor_Speed) refers to ec_motor.o(i.Motor_Stop) for Motor_Stop
    ec_motor.o(i.Motor_Speed) refers to stm32f10x_tim.o(i.TIM_TimeBaseInit) for TIM_TimeBaseInit
    ec_motor.o(i.Motor_Speed) refers to stm32f10x_tim.o(i.TIM_OC1Init) for TIM_OC1Init
[...]
    ../fplib/microlib/fpdiv.c                0x00000000   Number         0  fdiv.o ABSOLUTE
    ../fplib/microlib/fpepilogue.c           0x00000000   Number         0  fepilogue.o ABSOLUTE
    ../fplib/microlib/fpepilogue.c           0x00000000   Number         0  depilogue.o ABSOLUTE
    ../fplib/microlib/fpfix.c                0x00000000   Number         0  dfixul.o ABSOLUTE
    ../fplib/microlib/fpfix.c                0x00000000   Number         0  ffixi.o ABSOLUTE
    ../fplib/microlib/fpfix.c                0x00000000   Number         0  ffixui.o ABSOLUTE
    ../fplib/microlib/fpfix.c                0x00000000   Number         0  dfixi.o ABSOLUTE
    ../fplib/microlib/fpflt.c                0x00000000   Number         0  fflti.o ABSOLUTE
    ../fplib/microlib/fpflt.c                0x00000000   Number         0  ffltui.o ABSOLUTE
    ../fplib/microlib/fpflt.c                0x00000000   Number         0  dfltui.o ABSOLUTE
    ../fplib/microlib/fpflt.c                0x00000000   Number         0  dflti.o ABSOLUTE
    ../fplib/microlib/fpmul.c                0x00000000   Number         0  dmul.o ABSOLUTE
    ../fplib/microlib/fpmul.c                0x00000000   Number         0  fmul.o ABSOLUTE
    ../fplib/microlib/fpscalb.c              0x00000000   Number         0  dscalb.o ABSOLUTE
    ../fplib/microlib/fpsqrt.c               0x00000000   Number         0  dsqrt.o ABSOLUTE
    ../mathlib/asin.c                        0x00000000   Number         0  asin.o ABSOLUTE
    ../mathlib/asin.c                        0x00000000   Number         0  asin_x.o ABSOLUTE
    ../mathlib/atan.c                        0x00000000   Number         0  atan.o ABSOLUTE
    ../mathlib/atan.c                        0x00000000   Number         0  atan_x.o ABSOLUTE
    ../mathlib/atan2.c                       0x00000000   Number         0  atan2_x.o ABSOLUTE
    ../mathlib/atan2.c                       0x00000000   Number         0  atan2.o ABSOLUTE
    ../mathlib/cos.c                         0x00000000   Number         0  cos.o ABSOLUTE
    ../mathlib/cos.c                         0x00000000   Number         0  cos_x.o ABSOLUTE
    ../mathlib/cos_i.c                       0x00000000   Number         0  cos_i.o ABSOLUTE
    ../mathlib/dunder.c                      0x00000000   Number         0  dunder.o ABSOLUTE
    ../mathlib/fpclassify.c                  0x00000000   Number         0  fpclassify.o ABSOLUTE
    ../mathlib/poly.c                        0x00000000   Number         0  poly.o ABSOLUTE
    ../mathlib/qnan.c                        0x00000000   Number         0  qnan.o ABSOLUTE
    ../mathlib/rred.c                        0x00000000   Number         0  rred.o ABSOLUTE
    ../mathlib/sin.c                         0x00000000   Number         0  sin.o ABSOLUTE
    ../mathlib/sin.c                         0x00000000   Number         0  sin_x.o ABSOLUTE
    ../mathlib/sin_i.c                       0x00000000   Number         0  sin_i_x.o ABSOLUTE
    ../mathlib/sin_i.c                       0x00000000   Number         0  sin_i.o ABSOLUTE
    ../mathlib/sqrt.c                        0x00000000   Number         0  sqrt_x.o ABSOLUTE
    ../mathlib/sqrt.c                        0x00000000   Number         0  sqrt.o ABSOLUTE
    ..\Libraries\misc.c                      0x00000000   Number         0  misc.o ABSOLUTE
    ..\Libraries\stm32f10x_flash.c           0x00000000   Number         0  stm32f10x_flash.o ABSOLUTE
    ..\Libraries\stm32f10x_fsmc.c            0x00000000   Number         0  stm32f10x_fsmc.o ABSOLUTE
    ..\Libraries\stm32f10x_gpio.c            0x00000000   Number         0  stm32f10x_gpio.o ABSOLUTE
    ..\Libraries\stm32f10x_rcc.c             0x00000000   Number         0  stm32f10x_rcc.o ABSOLUTE
    ..\Libraries\stm32f10x_tim.c             0x00000000   Number         0  stm32f10x_tim.o ABSOLUTE
    ..\Libraries\stm32f10x_usart.c           0x00000000   Number         0  stm32f10x_usart.o ABSOLUTE
    ..\System\startup_stm32f10x_hd.s         0x00000000   Number         0  startup_stm32f10x_hd.o ABSOLUTE
    ..\User\IOI2C.c                          0x00000000   Number         0  ioi2c_1.o ABSOLUTE
    ..\User\MPU6050.c                        0x00000000   Number         0  mpu6050.o ABSOLUTE
    ..\User\control.c                        0x00000000   Number         0  control.o ABSOLUTE
    ..\User\ec_delay.c                       0x00000000   Number         0  ec_delay.o ABSOLUTE
    ..\User\ec_key.c                         0x00000000   Number         0  ec_key.o ABSOLUTE
    ..\User\ec_led.c                         0x00000000   Number         0  ec_led.o ABSOLUTE
    ..\User\ec_motor.c                       0x00000000   Number         0  ec_motor.o ABSOLUTE
    ..\User\ec_timer.c                       0x00000000   Number         0  ec_timer.o ABSOLUTE
    ..\User\ec_usart.c                       0x00000000   Number         0  ec_usart.o ABSOLUTE
    ..\User\exti.c                           0x00000000   Number         0  exti.o ABSOLUTE
    ..\User\inv_mpu.c                        0x00000000   Number         0  inv_mpu.o ABSOLUTE
    ..\User\inv_mpu_dmp_motion_driver.c      0x00000000   Number         0  inv_mpu_dmp_motion_driver.o ABSOLUTE
    ..\User\main.c                           0x00000000   Number         0  main.o ABSOLUTE
    ..\User\stack.c                          0x00000000   Number         0  stack.o ABSOLUTE
    ..\User\stm32f10x_exti.c                 0x00000000   Number         0  stm32f10x_exti.o ABSOLUTE
    ..\User\stm32f10x_i2c.c                  0x00000000   Number         0  stm32f10x_i2c.o ABSOLUTE
    ..\User\stm32f10x_it.c                   0x00000000   Number         0  stm32f10x_it.o ABSOLUTE
    ..\User\stmflash.c                       0x00000000   Number         0  stmflash.o ABSOLUTE
    ..\User\sys.c                            0x00000000   Number         0  sys.o ABSOLUTE
    ..\User\system_stm32f10x.c               0x00000000   Number         0  system_stm32f10x.o ABSOLUTE
    ..\\Libraries\\misc.c                    0x00000000   Number         0  misc.o ABSOLUTE
    ..\\Libraries\\stm32f10x_fsmc.c          0x00000000   Number         0  stm32f10x_fsmc.o ABSOLUTE
    ..\\Libraries\\stm32f10x_gpio.c          0x00000000   Number         0  stm32f10x_gpio.o ABSOLUTE
    ..\\Libraries\\stm32f10x_rcc.c           0x00000000   Number         0  stm32f10x_rcc.o ABSOLUTE
    ..\\Libraries\\stm32f10x_tim.c           0x00000000   Number         0  stm32f10x_tim.o ABSOLUTE
    ..\\Libraries\\stm32f10x_usart.c         0x00000000   Number         0  stm32f10x_usart.o ABSOLUTE
    ..\\User\\IOI2C.c                        0x00000000   Number         0  ioi2c_1.o ABSOLUTE
    ..\\User\\MPU6050.c                      0x00000000   Number         0  mpu6050.o ABSOLUTE
    ..\\User\\control.c                      0x00000000   Number         0  control.o ABSOLUTE
    ..\\User\\ec_delay.c                     0x00000000   Number         0  ec_delay.o ABSOLUTE
    ..\\User\\ec_key.c                       0x00000000   Number         0  ec_key.o ABSOLUTE
    ..\\User\\ec_led.c                       0x00000000   Number         0  ec_led.o ABSOLUTE
    ..\\User\\ec_motor.c                     0x00000000   Number         0  ec_motor.o ABSOLUTE
    ..\\User\\ec_timer.c                     0x00000000   Number         0  ec_timer.o ABSOLUTE
    ..\\User\\ec_usart.c                     0x00000000   Number         0  ec_usart.o ABSOLUTE
    ..\\User\\exti.c                         0x00000000   Number         0  exti.o ABSOLUTE
    ..\\User\\inv_mpu.c                      0x00000000   Number         0  inv_mpu.o ABSOLUTE
    ..\\User\\inv_mpu_dmp_motion_driver.c    0x00000000   Number         0  inv_mpu_dmp_motion_driver.o ABSOLUTE
    ..\\User\\main.c                         0x00000000   Number         0  main.o ABSOLUTE
    ..\\User\\stm32f10x_exti.c               0x00000000   Number         0  stm32f10x_exti.o ABSOLUTE
    ..\\User\\stm32f10x_i2c.c                0x00000000   Number         0  stm32f10x_i2c.o ABSOLUTE
    ..\\User\\stm32f10x_it.c                 0x00000000   Number         0  stm32f10x_it.o ABSOLUTE
    ..\\User\\stmflash.c                     0x00000000   Number         0  stmflash.o ABSOLUTE
    ..\\User\\sys.c                          0x00000000   Number         0  sys.o ABSOLUTE
    ..\\User\\system_stm32f10x.c             0x00000000   Number         0  system_stm32f10x.o ABSOLUTE
    ..\\vl51\\core\\src\\vl53l0x_api.c       0x00000000   Number         0  vl53l0x_api.o ABSOLUTE
    ..\\vl51\\core\\src\\vl53l0x_api_calibration.c 0x00000000   Number         0  vl53l0x_api_calibration.o ABSOLUTE
    ..\\vl51\\core\\src\\vl53l0x_api_core.c  0x00000000   Number         0  vl53l0x_api_core.o ABSOLUTE
    ..\\vl51\\core\\src\\vl53l0x_api_ranging.c 0x00000000   Number         0  vl53l0x_api_ranging.o ABSOLUTE
    ..\\vl51\\core\\src\\vl53l0x_api_strings.c 0x00000000   Number         0  vl53l0x_api_strings.o ABSOLUTE
    ..\\vl51\\demo\\vl53l0x.c                0x00000000   Number         0  vl53l0x.o ABSOLUTE
    ..\\vl51\\demo\\vl53l0x_cali.c           0x00000000   Number         0  vl53l0x_cali.o ABSOLUTE
    ..\\vl51\\demo\\vl53l0x_gen.c            0x00000000   Number         0  vl53l0x_gen.o ABSOLUTE
    ..\\vl51\\demo\\vl53l0x_it.c             0x00000000   Number         0  vl53l0x_it.o ABSOLUTE
    ..\\vl51\\platform\\src\\vl53l0x_i2c.c   0x00000000   Number         0  vl53l0x_i2c.o ABSOLUTE
    ..\\vl51\\platform\\src\\vl53l0x_platform.c 0x00000000   Number         0  vl53l0x_platform.o ABSOLUTE
    ..\vl51\core\src\vl53l0x_api.c           0x00000000   Number         0  vl53l0x_api.o ABSOLUTE
    ..\vl51\core\src\vl53l0x_api_calibration.c 0x00000000   Number         0  vl53l0x_api_calibration.o ABSOLUTE
    ..\vl51\core\src\vl53l0x_api_core.c      0x00000000   Number         0  vl53l0x_api_core.o ABSOLUTE
    ..\vl51\core\src\vl53l0x_api_ranging.c   0x00000000   Number         0  vl53l0x_api_ranging.o ABSOLUTE
    ..\vl51\core\src\vl53l0x_api_strings.c   0x00000000   Number         0  vl53l0x_api_strings.o ABSOLUTE
    ..\vl51\demo\vl53l0x.c                   0x00000000   Number         0  vl53l0x.o ABSOLUTE
    ..\vl51\demo\vl53l0x_cali.c              0x00000000   Number         0  vl53l0x_cali.o ABSOLUTE
    ..\vl51\demo\vl53l0x_gen.c               0x00000000   Number         0  vl53l0x_gen.o ABSOLUTE
    ..\vl51\demo\vl53l0x_it.c                0x00000000   Number         0  vl53l0x_it.o ABSOLUTE
    ..\vl51\platform\src\vl53l0x_i2c.c       0x00000000   Number         0  vl53l0x_i2c.o ABSOLUTE
    ..\vl51\platform\src\vl53l0x_platform.c  0x00000000   Number         0  vl53l0x_platform.o ABSOLUTE
    cdcmple.s                                0x00000000   Number         0  cdcmple.o ABSOLUTE
    cdrcmple.s                               0x00000000   Number         0  cdrcmple.o ABSOLUTE
    cfcmple.s                                0x00000000   Number         0  cfcmple.o ABSOLUTE
    cfrcmple.s                               0x00000000   Number         0  cfrcmple.o ABSOLUTE
    dc.s                                     0x00000000   Number         0  dc.o ABSOLUTE
    handlers.s                               0x00000000   Number         0  handlers.o ABSOLUTE
    init.s                                   0x00000000   Number         0  init.o ABSOLUTE
    RESET                                    0x08000000   Section      304  startup_stm32f10x_hd.o(RESET)
    .ARM.Collect$$$$00000000                 0x08000130   Section        0  entry.o(.ARM.Collect$$$$00000000)
    .ARM.Collect$$$$00000001                 0x08000130   Section        4  entry2.o(.ARM.Collect$$$$00000001)
    .ARM.Collect$$$$00000004                 0x08000134   Section        4  entry5.o(.ARM.Collect$$$$00000004)
    .ARM.Collect$$$$00000008                 0x08000138   Section        0  entry7b.o(.ARM.Collect$$$$00000008)
    .ARM.Collect$$$$0000000A                 0x08000138   Section        0  entry8b.o(.ARM.Collect$$$$0000000A)
    .ARM.Collect$$$$0000000B                 0x08000138   Section        8  entry9a.o(.ARM.Collect$$$$0000000B)
    .ARM.Collect$$$$0000000D                 0x08000140   Section        0  entry10a.o(.ARM.Collect$$$$0000000D)
    .ARM.Collect$$$$0000000F                 0x08000140   Section        0  entry11a.o(.ARM.Collect$$$$0000000F)
    .ARM.Collect$$$$00002712                 0x08000140   Section        4  entry2.o(.ARM.Collect$$$$00002712)
    __lit__00000000                          0x08000140   Data           4  entry2.o(.ARM.Collect$$$$00002712)
    .text                                    0x08000144   Section       36  startup_stm32f10x_hd.o(.text)
    .text                                    0x08000168   Section        0  ldiv.o(.text)
    .text                                    0x080001ca   Section        0  memseta.o(.text)
    .text                                    0x080001ee   Section        0  memcmp.o(.text)
    .text                                    0x08000208   Section        0  fadd.o(.text)
    .text                                    0x080002b8   Section        0  fmul.o(.text)
    .text                                    0x0800031c   Section        0  fdiv.o(.text)
    .text                                    0x08000398   Section        0  dadd.o(.text)
    .text                                    0x080004e6   Section        0  dmul.o(.text)
    .text                                    0x080005ca   Section        0  ddiv.o(.text)
    .text                                    0x080006a8   Section        0  fflti.o(.text)
    .text                                    0x080006ba   Section        0  ffltui.o(.text)
    .text                                    0x080006c4   Section        0  ffixi.o(.text)
    .text                                    0x080006f6   Section        0  ffixui.o(.text)
    .text                                    0x0800071e   Section        0  f2d.o(.text)
    .text                                    0x08000744   Section        0  d2f.o(.text)
    .text                                    0x0800077c   Section       20  cfcmple.o(.text)
    .text                                    0x08000790   Section       20  cfrcmple.o(.text)
    .text                                    0x080007a4   Section        0  uidiv.o(.text)
    .text                                    0x080007d0   Section        0  uldiv.o(.text)
    .text                                    0x08000832   Section        0  llshl.o(.text)
    .text                                    0x08000850   Section        0  llushr.o(.text)
    .text                                    0x08000870   Section        0  llsshr.o(.text)
    .text                                    0x08000894   Section        0  iusefp.o(.text)
    .text                                    0x08000894   Section        0  fepilogue.o(.text)
    .text                                    0x08000902   Section        0  depilogue.o(.text)
    .text                                    0x080009bc   Section        0  dscalb.o(.text)
    .text                                    0x080009ea   Section        0  dsqrt.o(.text)
    .text                                    0x08000a8c   Section        0  dfixul.o(.text)
    .text                                    0x08000abc   Section       48  cdrcmple.o(.text)
    .text                                    0x08000aec   Section       36  init.o(.text)
    i.BusFault_Handler                       0x08000b10   Section        0  stm32f10x_it.o(i.BusFault_Handler)
    i.DMP_Init                               0x08000b14   Section        0  mpu6050.o(i.DMP_Init)
    i.DebugMon_Handler                       0x08000d28   Section        0  stm32f10x_it.o(i.DebugMon_Handler)
    i.Delay_Initialize                       0x08000d2c   Section        0  ec_delay.o(i.Delay_Initialize)
    i.Delay_ms                               0x08000d70   Section        0  ec_delay.o(i.Delay_ms)
    i.Delay_us                               0x08000dbc   Section        0  ec_delay.o(i.Delay_us)
    i.EXTI4_IRQHandler                       0x08000e08   Section        0  vl53l0x_it.o(i.EXTI4_IRQHandler)
    i.EXTI_ClearITPendingBit                 0x08000e30   Section        0  stm32f10x_exti.o(i.EXTI_ClearITPendingBit)
    i.GPIO_Init                              0x08000e3c   Section        0  stm32f10x_gpio.o(i.GPIO_Init)
    i.GPIO_ResetBits                         0x08000f52   Section        0  stm32f10x_gpio.o(i.GPIO_ResetBits)
    i.GPIO_SetBits                           0x08000f56   Section        0  stm32f10x_gpio.o(i.GPIO_SetBits)
    i.HardFault_Handler                      0x08000f5a   Section        0  stm32f10x_it.o(i.HardFault_Handler)
    i.I2C_ReadOneByte                        0x08000f5e   Section        0  ioi2c_1.o(i.I2C_ReadOneByte)
    i.IIC_Ack                                0x08000fa4   Section        0  ioi2c_1.o(i.IIC_Ack)
    i.IIC_Init                               0x08000ff0   Section        0  ioi2c_1.o(i.IIC_Init)
    i.IIC_NAck                               0x0800101c   Section        0  ioi2c_1.o(i.IIC_NAck)
    i.IIC_Read_Byte                          0x08001068   Section        0  ioi2c_1.o(i.IIC_Read_Byte)
    i.IIC_Send_Byte                          0x080010d8   Section        0  ioi2c_1.o(i.IIC_Send_Byte)
    i.IIC_Start                              0x0800113c   Section        0  ioi2c_1.o(i.IIC_Start)
    i.IIC_Stop                               0x080011a4   Section        0  ioi2c_1.o(i.IIC_Stop)
    i.IIC_Wait_Ack                           0x080011ec   Section        0  ioi2c_1.o(i.IIC_Wait_Ack)
    i.IICreadByte                            0x08001254   Section        0  ioi2c_1.o(i.IICreadByte)
    i.IICwriteBit                            0x0800126a   Section        0  ioi2c_1.o(i.IICwriteBit)
    i.IICwriteBits                           0x080012aa   Section        0  ioi2c_1.o(i.IICwriteBits)
    i.IICwriteByte                           0x08001314   Section        0  ioi2c_1.o(i.IICwriteByte)
    i.IICwriteBytes                          0x08001328   Section        0  ioi2c_1.o(i.IICwriteBytes)
    i.Led_On                                 0x08001370   Section        0  ec_led.o(i.Led_On)
    i.MPU6050_initialize                     0x08001394   Section        0  mpu6050.o(i.MPU6050_initialize)
    i.MPU6050_setClockSource                 0x080013bc   Section        0  mpu6050.o(i.MPU6050_setClockSource)
    i.MPU6050_setFullScaleAccelRange         0x080013d0   Section        0  mpu6050.o(i.MPU6050_setFullScaleAccelRange)
    i.MPU6050_setFullScaleGyroRange          0x080013e4   Section        0  mpu6050.o(i.MPU6050_setFullScaleGyroRange)
    i.MPU6050_setI2CBypassEnabled            0x080013f8   Section        0  mpu6050.o(i.MPU6050_setI2CBypassEnabled)
    i.MPU6050_setI2CMasterModeEnabled        0x0800140a   Section        0  mpu6050.o(i.MPU6050_setI2CMasterModeEnabled)
    i.MPU6050_setSleepEnabled                0x0800141c   Section        0  mpu6050.o(i.MPU6050_setSleepEnabled)
    i.MemManage_Handler                      0x0800142e   Section        0  stm32f10x_it.o(i.MemManage_Handler)
    i.NMI_Handler                            0x08001432   Section        0  stm32f10x_it.o(i.NMI_Handler)
    i.NVIC_Init                              0x08001434   Section        0  misc.o(i.NVIC_Init)
    i.PendSV_Handler                         0x080014a4   Section        0  stm32f10x_it.o(i.PendSV_Handler)
    i.RCC_APB2PeriphClockCmd                 0x080014a8   Section        0  stm32f10x_rcc.o(i.RCC_APB2PeriphClockCmd)
    i.RCC_GetClocksFreq                      0x080014c8   Section        0  stm32f10x_rcc.o(i.RCC_GetClocksFreq)
    i.Read_DMP                               0x0800159c   Section        0  mpu6050.o(i.Read_DMP)
    i.SVC_Handler                            0x080017f8   Section        0  stm32f10x_it.o(i.SVC_Handler)
    i.SetSysClock                            0x080017fa   Section        0  system_stm32f10x.o(i.SetSysClock)
    SetSysClock                              0x080017fb   Thumb Code     8  system_stm32f10x.o(i.SetSysClock)
    i.SetSysClockTo72                        0x08001804   Section        0  system_stm32f10x.o(i.SetSysClockTo72)
    SetSysClockTo72                          0x08001805   Thumb Code   214  system_stm32f10x.o(i.SetSysClockTo72)
    i.SysTick_CLKSourceConfig                0x080018e4   Section        0  misc.o(i.SysTick_CLKSourceConfig)
    i.SysTick_Handler                        0x0800190c   Section        0  stm32f10x_it.o(i.SysTick_Handler)
    i.SystemInit                             0x08001910   Section        0  system_stm32f10x.o(i.SystemInit)
    i.TIM2_IRQHandler                        0x08001970   Section        0  ec_timer.o(i.TIM2_IRQHandler)
    i.TIM_ClearITPendingBit                  0x08001994   Section        0  stm32f10x_tim.o(i.TIM_ClearITPendingBit)
    i.USART1_IRQHandler                      0x0800199c   Section        0  ec_usart.o(i.USART1_IRQHandler)
    i.USART_Cmd                              0x08001a24   Section        0  stm32f10x_usart.o(i.USART_Cmd)
    i.USART_GetITStatus                      0x08001a3c   Section        0  stm32f10x_usart.o(i.USART_GetITStatus)
    i.USART_ITConfig                         0x08001a90   Section        0  stm32f10x_usart.o(i.USART_ITConfig)
    i.USART_Init                             0x08001adc   Section        0  stm32f10x_usart.o(i.USART_Init)
    i.USART_ReceiveData                      0x08001bb4   Section        0  stm32f10x_usart.o(i.USART_ReceiveData)
    i.Uart1_Initialize                       0x08001bc0   Section        0  ec_usart.o(i.Uart1_Initialize)
    i.UsageFault_Handler                     0x08001c60   Section        0  stm32f10x_it.o(i.UsageFault_Handler)
    i.__0printf                              0x08001c64   Section        0  printfa.o(i.__0printf)
    i.__ARM_fpclassify                       0x08001c84   Section        0  fpclassify.o(i.__ARM_fpclassify)
    i.__kernel_poly                          0x08001cac   Section        0  poly.o(i.__kernel_poly)
    i.__mathlib_dbl_infnan                   0x08001d56   Section        0  dunder.o(i.__mathlib_dbl_infnan)
    i.__mathlib_dbl_infnan2                  0x08001d5c   Section        0  dunder.o(i.__mathlib_dbl_infnan2)
    i.__mathlib_dbl_invalid                  0x08001d60   Section        0  dunder.o(i.__mathlib_dbl_invalid)
    i.__mathlib_dbl_underflow                0x08001d6c   Section        0  dunder.o(i.__mathlib_dbl_underflow)
    i.__scatterload_copy                     0x08001d7c   Section       14  handlers.o(i.__scatterload_copy)
    i.__scatterload_null                     0x08001d8a   Section        2  handlers.o(i.__scatterload_null)
    i.__scatterload_zeroinit                 0x08001d8c   Section       14  handlers.o(i.__scatterload_zeroinit)
    i.__set_errno                            0x08001d9c   Section        0  errno.o(i.__set_errno)
    i._fp_digits                             0x08001da8   Section        0  printfa.o(i._fp_digits)
    _fp_digits                               0x08001da9   Thumb Code   334  printfa.o(i._fp_digits)
    i._printf_core                           0x08001f0c   Section        0  printfa.o(i._printf_core)
    _printf_core                             0x08001f0d   Thumb Code  1744  printfa.o(i._printf_core)
    i._printf_post_padding                   0x080025e8   Section        0  printfa.o(i._printf_post_padding)
    _printf_post_padding                     0x080025e9   Thumb Code    36  printfa.o(i._printf_post_padding)
    i._printf_pre_padding                    0x0800260c   Section        0  printfa.o(i._printf_pre_padding)
    _printf_pre_padding                      0x0800260d   Thumb Code    46  printfa.o(i._printf_pre_padding)
    i.accel_self_test                        0x0800263c   Section        0  inv_mpu.o(i.accel_self_test)
    accel_self_test                          0x0800263d   Thumb Code   164  inv_mpu.o(i.accel_self_test)
    i.asin                                   0x080026e4   Section        0  asin.o(i.asin)
    i.atan                                   0x08002954   Section        0  atan.o(i.atan)
    i.atan2                                  0x08002b74   Section        0  atan2.o(i.atan2)
    i.decode_gesture                         0x08002cf4   Section        0  inv_mpu_dmp_motion_driver.o(i.decode_gesture)
    decode_gesture                           0x08002cf5   Thumb Code    94  inv_mpu_dmp_motion_driver.o(i.decode_gesture)
    i.dmp_enable_6x_lp_quat                  0x08002d58   Section        0  inv_mpu_dmp_motion_driver.o(i.dmp_enable_6x_lp_quat)
    i.dmp_enable_feature                     0x08002d94   Section        0  inv_mpu_dmp_motion_driver.o(i.dmp_enable_feature)
    i.dmp_enable_gyro_cal                    0x08002fb0   Section        0  inv_mpu_dmp_motion_driver.o(i.dmp_enable_gyro_cal)
    i.dmp_enable_lp_quat                     0x08003008   Section        0  inv_mpu_dmp_motion_driver.o(i.dmp_enable_lp_quat)
    i.dmp_load_motion_driver_firmware        0x08003044   Section        0  inv_mpu_dmp_motion_driver.o(i.dmp_load_motion_driver_firmware)
    i.dmp_read_fifo                          0x0800305c   Section        0  inv_mpu_dmp_motion_driver.o(i.dmp_read_fifo)
    i.dmp_set_accel_bias                     0x08003228   Section        0  inv_mpu_dmp_motion_driver.o(i.dmp_set_accel_bias)
    i.dmp_set_fifo_rate                      0x08003358   Section        0  inv_mpu_dmp_motion_driver.o(i.dmp_set_fifo_rate)
    i.dmp_set_gyro_bias                      0x080033c8   Section        0  inv_mpu_dmp_motion_driver.o(i.dmp_set_gyro_bias)
    i.dmp_set_orientation                    0x080034f8   Section        0  inv_mpu_dmp_motion_driver.o(i.dmp_set_orientation)
    i.dmp_set_shake_reject_thresh            0x08003630   Section        0  inv_mpu_dmp_motion_driver.o(i.dmp_set_shake_reject_thresh)
    i.dmp_set_shake_reject_time              0x08003668   Section        0  inv_mpu_dmp_motion_driver.o(i.dmp_set_shake_reject_time)
    i.dmp_set_shake_reject_timeout           0x0800368e   Section        0  inv_mpu_dmp_motion_driver.o(i.dmp_set_shake_reject_timeout)
    i.dmp_set_tap_axes                       0x080036b4   Section        0  inv_mpu_dmp_motion_driver.o(i.dmp_set_tap_axes)
    i.dmp_set_tap_count                      0x080036fa   Section        0  inv_mpu_dmp_motion_driver.o(i.dmp_set_tap_count)
    i.dmp_set_tap_thresh                     0x08003720   Section        0  inv_mpu_dmp_motion_driver.o(i.dmp_set_tap_thresh)
    i.dmp_set_tap_time                       0x080038c0   Section        0  inv_mpu_dmp_motion_driver.o(i.dmp_set_tap_time)
    i.dmp_set_tap_time_multi                 0x080038e6   Section        0  inv_mpu_dmp_motion_driver.o(i.dmp_set_tap_time_multi)
    i.fputc                                  0x0800390c   Section        0  ec_usart.o(i.fputc)
    i.get_accel_prod_shift                   0x08003928   Section        0  inv_mpu.o(i.get_accel_prod_shift)
    get_accel_prod_shift                     0x08003929   Thumb Code   168  inv_mpu.o(i.get_accel_prod_shift)
    i.get_st_biases                          0x080039dc   Section        0  inv_mpu.o(i.get_st_biases)
    get_st_biases                            0x080039dd   Thumb Code  1132  inv_mpu.o(i.get_st_biases)
    i.gyro_self_test                         0x08003e4c   Section        0  inv_mpu.o(i.gyro_self_test)
    gyro_self_test                           0x08003e4d   Thumb Code   256  inv_mpu.o(i.gyro_self_test)
    i.i2cRead                                0x08003f5c   Section        0  ioi2c_1.o(i.i2cRead)
    i.i2cWrite                               0x08003fd2   Section        0  ioi2c_1.o(i.i2cWrite)
    i.inv_orientation_matrix_to_scalar       0x08004032   Section        0  mpu6050.o(i.inv_orientation_matrix_to_scalar)
    inv_orientation_matrix_to_scalar         0x08004033   Thumb Code    40  mpu6050.o(i.inv_orientation_matrix_to_scalar)
    i.inv_row_2_scale                        0x0800405a   Section        0  mpu6050.o(i.inv_row_2_scale)
    inv_row_2_scale                          0x0800405b   Thumb Code    78  mpu6050.o(i.inv_row_2_scale)
    i.main                                   0x080040a8   Section        0  main.o(i.main)
    i.mpu_configure_fifo                     0x08004158   Section        0  inv_mpu.o(i.mpu_configure_fifo)
    i.mpu_get_accel_fsr                      0x080041c8   Section        0  inv_mpu.o(i.mpu_get_accel_fsr)
    i.mpu_get_accel_sens                     0x08004214   Section        0  inv_mpu.o(i.mpu_get_accel_sens)
    i.mpu_get_fifo_config                    0x08004268   Section        0  inv_mpu.o(i.mpu_get_fifo_config)
    i.mpu_get_gyro_fsr                       0x08004278   Section        0  inv_mpu.o(i.mpu_get_gyro_fsr)
    i.mpu_get_gyro_sens                      0x080042bc   Section        0  inv_mpu.o(i.mpu_get_gyro_sens)
    i.mpu_get_lpf                            0x0800430c   Section        0  inv_mpu.o(i.mpu_get_lpf)
    i.mpu_get_sample_rate                    0x0800435c   Section        0  inv_mpu.o(i.mpu_get_sample_rate)
    i.mpu_init                               0x0800437c   Section        0  inv_mpu.o(i.mpu_init)
    i.mpu_load_firmware                      0x0800456c   Section        0  inv_mpu.o(i.mpu_load_firmware)
    i.mpu_lp_accel_mode                      0x08004624   Section        0  inv_mpu.o(i.mpu_lp_accel_mode)
    i.mpu_read_fifo_stream                   0x08004704   Section        0  inv_mpu.o(i.mpu_read_fifo_stream)
    i.mpu_read_mem                           0x080047c4   Section        0  inv_mpu.o(i.mpu_read_mem)
    i.mpu_reset_fifo                         0x08004844   Section        0  inv_mpu.o(i.mpu_reset_fifo)
    i.mpu_run_self_test                      0x08004a00   Section        0  inv_mpu.o(i.mpu_run_self_test)
    i.mpu_set_accel_fsr                      0x08004b1c   Section        0  inv_mpu.o(i.mpu_set_accel_fsr)
    i.mpu_set_bypass                         0x08004ba0   Section        0  inv_mpu.o(i.mpu_set_bypass)
    i.mpu_set_dmp_state                      0x08004cec   Section        0  inv_mpu.o(i.mpu_set_dmp_state)
    i.mpu_set_gyro_fsr                       0x08004d7c   Section        0  inv_mpu.o(i.mpu_set_gyro_fsr)
    i.mpu_set_int_latched                    0x08004e04   Section        0  inv_mpu.o(i.mpu_set_int_latched)
    i.mpu_set_lpf                            0x08004e70   Section        0  inv_mpu.o(i.mpu_set_lpf)
    i.mpu_set_sample_rate                    0x08004ef4   Section        0  inv_mpu.o(i.mpu_set_sample_rate)
    i.mpu_set_sensors                        0x08004f90   Section        0  inv_mpu.o(i.mpu_set_sensors)
    i.mpu_write_mem                          0x08005060   Section        0  inv_mpu.o(i.mpu_write_mem)
    i.myget_ms                               0x080050e0   Section        0  inv_mpu.o(i.myget_ms)
    i.run_self_test                          0x080050e4   Section        0  mpu6050.o(i.run_self_test)
    run_self_test                            0x080050e5   Thumb Code   150  mpu6050.o(i.run_self_test)
    i.set_int_enable                         0x080051a0   Section        0  inv_mpu.o(i.set_int_enable)
    set_int_enable                           0x080051a1   Thumb Code   138  inv_mpu.o(i.set_int_enable)
    i.sqrt                                   0x08005230   Section        0  sqrt.o(i.sqrt)
    .constdata                               0x0800527c   Section       80  inv_mpu.o(.constdata)
    .constdata                               0x080052cc   Section     3062  inv_mpu_dmp_motion_driver.o(.constdata)
    dmp_memory                               0x080052cc   Data        3062  inv_mpu_dmp_motion_driver.o(.constdata)
    .constdata                               0x08005ec8   Section       80  asin.o(.constdata)
    pS                                       0x08005ec8   Data          48  asin.o(.constdata)
    qS                                       0x08005ef8   Data          32  asin.o(.constdata)
    .constdata                               0x08005f18   Section      152  atan.o(.constdata)
    atanhi                                   0x08005f18   Data          32  atan.o(.constdata)
    atanlo                                   0x08005f38   Data          32  atan.o(.constdata)
    aTodd                                    0x08005f58   Data          40  atan.o(.constdata)
    aTeven                                   0x08005f80   Data          48  atan.o(.constdata)
    .constdata                               0x08005fb0   Section        8  qnan.o(.constdata)
    .conststring                             0x08005fb8   Section       78  inv_mpu.o(.conststring)
    .data                                    0x20000000   Section        1  ec_timer.o(.data)
    on                                       0x20000000   Data           1  ec_timer.o(.data)
    .data                                    0x20000004   Section        8  ec_usart.o(.data)
    .data                                    0x2000000c   Section        4  ec_delay.o(.data)
    fac_us                                   0x2000000c   Data           1  ec_delay.o(.data)
    fac_ms                                   0x2000000e   Data           2  ec_delay.o(.data)
    .data                                    0x20000010   Section       20  system_stm32f10x.o(.data)
    .data                                    0x20000024   Section       24  control.o(.data)
    .data                                    0x2000003c   Section       20  stm32f10x_rcc.o(.data)
    APBAHBPrescTable                         0x2000003c   Data          16  stm32f10x_rcc.o(.data)
    ADCPrescTable                            0x2000004c   Data           4  stm32f10x_rcc.o(.data)
    .data                                    0x20000050   Section       44  inv_mpu.o(.data)
    st                                       0x20000050   Data          44  inv_mpu.o(.data)
    .data                                    0x2000007c   Section       48  mpu6050.o(.data)
    gyro_orientation                         0x2000009c   Data           9  mpu6050.o(.data)
    .data                                    0x200000ac   Section       13  vl53l0x_it.o(.data)
    .data                                    0x200000bc   Section        4  errno.o(.data)
    _errno                                   0x200000bc   Data           4  errno.o(.data)
    .bss                                     0x200000c0   Section      200  ec_usart.o(.bss)
    .bss                                     0x20000188   Section       16  inv_mpu_dmp_motion_driver.o(.bss)
    dmp                                      0x20000188   Data          16  inv_mpu_dmp_motion_driver.o(.bss)
    STACK                                    0x20000198   Section     1024  startup_stm32f10x_hd.o(STACK)

    Global Symbols

    Symbol Name                              Value     Ov Type        Size  Object(Section)

    BuildAttributes$$THM_ISAv4$P$D$K$B$S$PE$A:L22UL41UL21$X:L11$S22US41US21$IEEE1$IW$USESV6$~STKCKD$USESV7$~SHL$OTIME$ROPI$IEEEX$EBA8$MICROLIB$REQ8$PRES8$EABIv2 0x00000000   Number         0  anon$$obj.o ABSOLUTE
    __ARM_use_no_argv                        0x00000000   Number         0  main.o ABSOLUTE
    __use_no_errno                           0x00000000   Number         0  useno.o ABSOLUTE
    __use_no_exception_handling              0x00000000   Number         0  useno.o ABSOLUTE
    __use_no_fp                              0x00000000   Number         0  useno.o ABSOLUTE
    __use_no_heap                            0x00000000   Number         0  useno.o ABSOLUTE
    __use_no_heap_region                     0x00000000   Number         0  useno.o ABSOLUTE
    __use_no_semihosting                     0x00000000   Number         0  useno.o ABSOLUTE
    __use_no_semihosting_swi                 0x00000000   Number         0  useno.o ABSOLUTE
    __use_no_signal_handling                 0x00000000   Number         0  useno.o ABSOLUTE
    _printf_a                                0x00000000   Number         0  stubs.o ABSOLUTE
    _printf_c                                0x00000000   Number         0  stubs.o ABSOLUTE
    _printf_charcount                        0x00000000   Number         0  stubs.o ABSOLUTE
    _printf_d                                0x00000000   Number         0  stubs.o ABSOLUTE
    _printf_e                                0x00000000   Number         0  stubs.o ABSOLUTE
    _printf_f                                0x00000000   Number         0  stubs.o ABSOLUTE
    _printf_flags                            0x00000000   Number         0  stubs.o ABSOLUTE
    _printf_fp_dec                           0x00000000   Number         0  stubs.o ABSOLUTE
    _printf_fp_hex                           0x00000000   Number         0  stubs.o ABSOLUTE
    _printf_g                                0x00000000   Number         0  stubs.o ABSOLUTE
    _printf_i                                0x00000000   Number         0  stubs.o ABSOLUTE
    _printf_int_dec                          0x00000000   Number         0  stubs.o ABSOLUTE
    _printf_l                                0x00000000   Number         0  stubs.o ABSOLUTE
    _printf_lc                               0x00000000   Number         0  stubs.o ABSOLUTE
    _printf_ll                               0x00000000   Number         0  stubs.o ABSOLUTE
    _printf_lld                              0x00000000   Number         0  stubs.o ABSOLUTE
    _printf_lli                              0x00000000   Number         0  stubs.o ABSOLUTE
    _printf_llo                              0x00000000   Number         0  stubs.o ABSOLUTE
    _printf_llu                              0x00000000   Number         0  stubs.o ABSOLUTE
    _printf_llx                              0x00000000   Number         0  stubs.o ABSOLUTE
    _printf_longlong_dec                     0x00000000   Number         0  stubs.o ABSOLUTE
    _printf_longlong_hex                     0x00000000   Number         0  stubs.o ABSOLUTE
    _printf_longlong_oct                     0x00000000   Number         0  stubs.o ABSOLUTE
    _printf_ls                               0x00000000   Number         0  stubs.o ABSOLUTE
    _printf_mbtowc                           0x00000000   Number         0  stubs.o ABSOLUTE
    _printf_n                                0x00000000   Number         0  stubs.o ABSOLUTE
    _printf_o                                0x00000000   Number         0  stubs.o ABSOLUTE
    _printf_p                                0x00000000   Number         0  stubs.o ABSOLUTE
    _printf_percent                          0x00000000   Number         0  stubs.o ABSOLUTE
    _printf_pre_padding                      0x00000000   Number         0  stubs.o ABSOLUTE
    _printf_return_value                     0x00000000   Number         0  stubs.o ABSOLUTE
    _printf_s                                0x00000000   Number         0  stubs.o ABSOLUTE
    _printf_sizespec                         0x00000000   Number         0  stubs.o ABSOLUTE
    _printf_str                              0x00000000   Number         0  stubs.o ABSOLUTE
    _printf_truncate_signed                  0x00000000   Number         0  stubs.o ABSOLUTE
    _printf_truncate_unsigned                0x00000000   Number         0  stubs.o ABSOLUTE
    _printf_u                                0x00000000   Number         0  stubs.o ABSOLUTE
    _printf_wc                               0x00000000   Number         0  stubs.o ABSOLUTE
    _printf_wctomb                           0x00000000   Number         0  stubs.o ABSOLUTE
    _printf_widthprec                        0x00000000   Number         0  stubs.o ABSOLUTE
    _printf_x                                0x00000000   Number         0  stubs.o ABSOLUTE
    __cpp_initialize__aeabi_                  - Undefined Weak Reference
    __cxa_finalize                            - Undefined Weak Reference
    __decompress                              - Undefined Weak Reference
    _clock_init                               - Undefined Weak Reference
    _microlib_exit                            - Undefined Weak Reference
    __Vectors_Size                           0x00000130   Number         0  startup_stm32f10x_hd.o ABSOLUTE
    __Vectors                                0x08000000   Data           4  startup_stm32f10x_hd.o(RESET)
    __Vectors_End                            0x08000130   Data           0  startup_stm32f10x_hd.o(RESET)
    __main                                   0x08000131   Thumb Code     0  entry.o(.ARM.Collect$$$$00000000)
    _main_stk                                0x08000131   Thumb Code     0  entry2.o(.ARM.Collect$$$$00000001)
    _main_scatterload                        0x08000135   Thumb Code     0  entry5.o(.ARM.Collect$$$$00000004)
    __main_after_scatterload                 0x08000139   Thumb Code     0  entry5.o(.ARM.Collect$$$$00000004)
    _main_clock                              0x08000139   Thumb Code     0  entry7b.o(.ARM.Collect$$$$00000008)
    _main_cpp_init                           0x08000139   Thumb Code     0  entry8b.o(.ARM.Collect$$$$0000000A)
    _main_init                               0x08000139   Thumb Code     0  entry9a.o(.ARM.Collect$$$$0000000B)
    __rt_final_cpp                           0x08000141   Thumb Code     0  entry10a.o(.ARM.Collect$$$$0000000D)
    __rt_final_exit                          0x08000141   Thumb Code     0  entry11a.o(.ARM.Collect$$$$0000000F)
    Reset_Handler                            0x08000145   Thumb Code     8  startup_stm32f10x_hd.o(.text)
    ADC1_2_IRQHandler                        0x0800015f   Thumb Code     0  startup_stm32f10x_hd.o(.text)
    ADC3_IRQHandler                          0x0800015f   Thumb Code     0  startup_stm32f10x_hd.o(.text)
    CAN1_RX1_IRQHandler                      0x0800015f   Thumb Code     0  startup_stm32f10x_hd.o(.text)
    CAN1_SCE_IRQHandler                      0x0800015f   Thumb Code     0  startup_stm32f10x_hd.o(.text)
    DMA1_Channel1_IRQHandler                 0x0800015f   Thumb Code     0  startup_stm32f10x_hd.o(.text)
    DMA1_Channel2_IRQHandler                 0x0800015f   Thumb Code     0  startup_stm32f10x_hd.o(.text)
    DMA1_Channel3_IRQHandler                 0x0800015f   Thumb Code     0  startup_stm32f10x_hd.o(.text)
    DMA1_Channel4_IRQHandler                 0x0800015f   Thumb Code     0  startup_stm32f10x_hd.o(.text)
    DMA1_Channel5_IRQHandler                 0x0800015f   Thumb Code     0  startup_stm32f10x_hd.o(.text)
    DMA1_Channel6_IRQHandler                 0x0800015f   Thumb Code     0  startup_stm32f10x_hd.o(.text)
    DMA1_Channel7_IRQHandler                 0x0800015f   Thumb Code     0  startup_stm32f10x_hd.o(.text)
    DMA2_Channel1_IRQHandler                 0x0800015f   Thumb Code     0  startup_stm32f10x_hd.o(.text)
    DMA2_Channel2_IRQHandler                 0x0800015f   Thumb Code     0  startup_stm32f10x_hd.o(.text)
    DMA2_Channel3_IRQHandler                 0x0800015f   Thumb Code     0  startup_stm32f10x_hd.o(.text)
    DMA2_Channel4_5_IRQHandler               0x0800015f   Thumb Code     0  startup_stm32f10x_hd.o(.text)
    EXTI0_IRQHandler                         0x0800015f   Thumb Code     0  startup_stm32f10x_hd.o(.text)
    EXTI15_10_IRQHandler                     0x0800015f   Thumb Code     0  startup_stm32f10x_hd.o(.text)
    EXTI1_IRQHandler                         0x0800015f   Thumb Code     0  startup_stm32f10x_hd.o(.text)
    EXTI2_IRQHandler                         0x0800015f   Thumb Code     0  startup_stm32f10x_hd.o(.text)
    EXTI3_IRQHandler                         0x0800015f   Thumb Code     0  startup_stm32f10x_hd.o(.text)
    EXTI9_5_IRQHandler                       0x0800015f   Thumb Code     0  startup_stm32f10x_hd.o(.text)
    FLASH_IRQHandler                         0x0800015f   Thumb Code     0  startup_stm32f10x_hd.o(.text)
    FSMC_IRQHandler                          0x0800015f   Thumb Code     0  startup_stm32f10x_hd.o(.text)
    I2C1_ER_IRQHandler                       0x0800015f   Thumb Code     0  startup_stm32f10x_hd.o(.text)
    I2C1_EV_IRQHandler                       0x0800015f   Thumb Code     0  startup_stm32f10x_hd.o(.text)
    I2C2_ER_IRQHandler                       0x0800015f   Thumb Code     0  startup_stm32f10x_hd.o(.text)
    I2C2_EV_IRQHandler                       0x0800015f   Thumb Code     0  startup_stm32f10x_hd.o(.text)
    PVD_IRQHandler                           0x0800015f   Thumb Code     0  startup_stm32f10x_hd.o(.text)
    RCC_IRQHandler                           0x0800015f   Thumb Code     0  startup_stm32f10x_hd.o(.text)
    RTCAlarm_IRQHandler                      0x0800015f   Thumb Code     0  startup_stm32f10x_hd.o(.text)
    RTC_IRQHandler                           0x0800015f   Thumb Code     0  startup_stm32f10x_hd.o(.text)
    SDIO_IRQHandler                          0x0800015f   Thumb Code     0  startup_stm32f10x_hd.o(.text)
    SPI1_IRQHandler                          0x0800015f   Thumb Code     0  startup_stm32f10x_hd.o(.text)
    SPI2_IRQHandler                          0x0800015f   Thumb Code     0  startup_stm32f10x_hd.o(.text)
    SPI3_IRQHandler                          0x0800015f   Thumb Code     0  startup_stm32f10x_hd.o(.text)
    TAMPER_IRQHandler                        0x0800015f   Thumb Code     0  startup_stm32f10x_hd.o(.text)
    TIM1_BRK_IRQHandler                      0x0800015f   Thumb Code     0  startup_stm32f10x_hd.o(.text)
    TIM1_CC_IRQHandler                       0x0800015f   Thumb Code     0  startup_stm32f10x_hd.o(.text)
    TIM1_TRG_COM_IRQHandler                  0x0800015f   Thumb Code     0  startup_stm32f10x_hd.o(.text)
    TIM1_UP_IRQHandler                       0x0800015f   Thumb Code     0  startup_stm32f10x_hd.o(.text)
    TIM3_IRQHandler                          0x0800015f   Thumb Code     0  startup_stm32f10x_hd.o(.text)
    TIM4_IRQHandler                          0x0800015f   Thumb Code     0  startup_stm32f10x_hd.o(.text)
    TIM5_IRQHandler                          0x0800015f   Thumb Code     0  startup_stm32f10x_hd.o(.text)
    TIM6_IRQHandler                          0x0800015f   Thumb Code     0  startup_stm32f10x_hd.o(.text)
    TIM7_IRQHandler                          0x0800015f   Thumb Code     0  startup_stm32f10x_hd.o(.text)
    TIM8_BRK_IRQHandler                      0x0800015f   Thumb Code     0  startup_stm32f10x_hd.o(.text)
    TIM8_CC_IRQHandler                       0x0800015f   Thumb Code     0  startup_stm32f10x_hd.o(.text)
    TIM8_TRG_COM_IRQHandler                  0x0800015f   Thumb Code     0  startup_stm32f10x_hd.o(.text)
    TIM8_UP_IRQHandler                       0x0800015f   Thumb Code     0  startup_stm32f10x_hd.o(.text)
    UART4_IRQHandler                         0x0800015f   Thumb Code     0  startup_stm32f10x_hd.o(.text)
    UART5_IRQHandler                         0x0800015f   Thumb Code     0  startup_stm32f10x_hd.o(.text)
    USART2_IRQHandler                        0x0800015f   Thumb Code     0  startup_stm32f10x_hd.o(.text)
    USART3_IRQHandler                        0x0800015f   Thumb Code     0  startup_stm32f10x_hd.o(.text)
    USBWakeUp_IRQHandler                     0x0800015f   Thumb Code     0  startup_stm32f10x_hd.o(.text)
    USB_HP_CAN1_TX_IRQHandler                0x0800015f   Thumb Code     0  startup_stm32f10x_hd.o(.text)
    USB_LP_CAN1_RX0_IRQHandler               0x0800015f   Thumb Code     0  startup_stm32f10x_hd.o(.text)
    WWDG_IRQHandler                          0x0800015f   Thumb Code     0  startup_stm32f10x_hd.o(.text)
    __aeabi_ldivmod                          0x08000169   Thumb Code    98  ldiv.o(.text)
    __aeabi_memset                           0x080001cb   Thumb Code    14  memseta.o(.text)
    __aeabi_memset4                          0x080001cb   Thumb Code     0  memseta.o(.text)
    __aeabi_memset8                          0x080001cb   Thumb Code     0  memseta.o(.text)
    __aeabi_memclr                           0x080001d9   Thumb Code     4  memseta.o(.text)
    __aeabi_memclr4                          0x080001d9   Thumb Code     0  memseta.o(.text)
    __aeabi_memclr8                          0x080001d9   Thumb Code     0  memseta.o(.text)
    _memset$wrapper                          0x080001dd   Thumb Code    18  memseta.o(.text)
    memcmp                                   0x080001ef   Thumb Code    26  memcmp.o(.text)
    __aeabi_fadd                             0x08000209   Thumb Code   164  fadd.o(.text)
    __aeabi_fsub                             0x080002ad   Thumb Code     6  fadd.o(.text)
    __aeabi_frsub                            0x080002b3   Thumb Code     6  fadd.o(.text)
    __aeabi_fmul                             0x080002b9   Thumb Code   100  fmul.o(.text)
    __aeabi_fdiv                             0x0800031d   Thumb Code   124  fdiv.o(.text)
    __aeabi_dadd                             0x08000399   Thumb Code   322  dadd.o(.text)
    __aeabi_dsub                             0x080004db   Thumb Code     6  dadd.o(.text)
    __aeabi_drsub                            0x080004e1   Thumb Code     6  dadd.o(.text)
    __aeabi_dmul                             0x080004e7   Thumb Code   228  dmul.o(.text)
    __aeabi_ddiv                             0x080005cb   Thumb Code   222  ddiv.o(.text)
    __aeabi_i2f                              0x080006a9   Thumb Code    18  fflti.o(.text)
    __aeabi_ui2f                             0x080006bb   Thumb Code    10  ffltui.o(.text)
    __aeabi_f2iz                             0x080006c5   Thumb Code    50  ffixi.o(.text)
    __aeabi_f2uiz                            0x080006f7   Thumb Code    40  ffixui.o(.text)
    __aeabi_f2d                              0x0800071f   Thumb Code    38  f2d.o(.text)
    __aeabi_d2f                              0x08000745   Thumb Code    56  d2f.o(.text)
    __aeabi_cfcmpeq                          0x0800077d   Thumb Code     0  cfcmple.o(.text)
    __aeabi_cfcmple                          0x0800077d   Thumb Code    20  cfcmple.o(.text)
    __aeabi_cfrcmple                         0x08000791   Thumb Code    20  cfrcmple.o(.text)
    __aeabi_uidiv                            0x080007a5   Thumb Code     0  uidiv.o(.text)
    __aeabi_uidivmod                         0x080007a5   Thumb Code    44  uidiv.o(.text)
    __aeabi_uldivmod                         0x080007d1   Thumb Code    98  uldiv.o(.text)
    __aeabi_llsl                             0x08000833   Thumb Code    30  llshl.o(.text)
    _ll_shift_l                              0x08000833   Thumb Code     0  llshl.o(.text)
    __aeabi_llsr                             0x08000851   Thumb Code    32  llushr.o(.text)
    _ll_ushift_r                             0x08000851   Thumb Code     0  llushr.o(.text)
    __aeabi_lasr                             0x08000871   Thumb Code    36  llsshr.o(.text)
    _ll_sshift_r                             0x08000871   Thumb Code     0  llsshr.o(.text)
    __I$use$fp                               0x08000895   Thumb Code     0  iusefp.o(.text)
    _float_round                             0x08000895   Thumb Code    18  fepilogue.o(.text)
    _float_epilogue                          0x080008a7   Thumb Code    92  fepilogue.o(.text)
    _double_round                            0x08000903   Thumb Code    30  depilogue.o(.text)
    _double_epilogue                         0x08000921   Thumb Code   156  depilogue.o(.text)
    __ARM_scalbn                             0x080009bd   Thumb Code    46  dscalb.o(.text)
    scalbn                                   0x080009bd   Thumb Code     0  dscalb.o(.text)
    _dsqrt                                   0x080009eb   Thumb Code   162  dsqrt.o(.text)
    __aeabi_d2ulz                            0x08000a8d   Thumb Code    48  dfixul.o(.text)
    __aeabi_cdrcmple                         0x08000abd   Thumb Code    48  cdrcmple.o(.text)
    __scatterload                            0x08000aed   Thumb Code    28  init.o(.text)
    __scatterload_rt2                        0x08000aed   Thumb Code     0  init.o(.text)
    BusFault_Handler                         0x08000b11   Thumb Code     4  stm32f10x_it.o(i.BusFault_Handler)
    DMP_Init                                 0x08000b15   Thumb Code   198  mpu6050.o(i.DMP_Init)
    DebugMon_Handler                         0x08000d29   Thumb Code     2  stm32f10x_it.o(i.DebugMon_Handler)
    Delay_Initialize                         0x08000d2d   Thumb Code    50  ec_delay.o(i.Delay_Initialize)
    Delay_ms                                 0x08000d71   Thumb Code    72  ec_delay.o(i.Delay_ms)
    Delay_us                                 0x08000dbd   Thumb Code    72  ec_delay.o(i.Delay_us)
    EXTI4_IRQHandler                         0x08000e09   Thumb Code    22  vl53l0x_it.o(i.EXTI4_IRQHandler)
    EXTI_ClearITPendingBit                   0x08000e31   Thumb Code     6  stm32f10x_exti.o(i.EXTI_ClearITPendingBit)
    GPIO_Init                                0x08000e3d   Thumb Code   278  stm32f10x_gpio.o(i.GPIO_Init)
    GPIO_ResetBits                           0x08000f53   Thumb Code     4  stm32f10x_gpio.o(i.GPIO_ResetBits)
    GPIO_SetBits                             0x08000f57   Thumb Code     4  stm32f10x_gpio.o(i.GPIO_SetBits)
    HardFault_Handler                        0x08000f5b   Thumb Code     4  stm32f10x_it.o(i.HardFault_Handler)
    I2C_ReadOneByte                          0x08000f5f   Thumb Code    70  ioi2c_1.o(i.I2C_ReadOneByte)
    IIC_Ack                                  0x08000fa5   Thumb Code    64  ioi2c_1.o(i.IIC_Ack)
    IIC_Init                                 0x08000ff1   Thumb Code    36  ioi2c_1.o(i.IIC_Init)
    IIC_NAck                                 0x0800101d   Thumb Code    62  ioi2c_1.o(i.IIC_NAck)
    IIC_Read_Byte                            0x08001069   Thumb Code    98  ioi2c_1.o(i.IIC_Read_Byte)
    IIC_Send_Byte                            0x080010d9   Thumb Code    88  ioi2c_1.o(i.IIC_Send_Byte)
    IIC_Start                                0x0800113d   Thumb Code    92  ioi2c_1.o(i.IIC_Start)
    IIC_Stop                                 0x080011a5   Thumb Code    60  ioi2c_1.o(i.IIC_Stop)
    IIC_Wait_Ack                             0x080011ed   Thumb Code    92  ioi2c_1.o(i.IIC_Wait_Ack)
    IICreadByte                              0x08001255   Thumb Code    22  ioi2c_1.o(i.IICreadByte)
    IICwriteBit                              0x0800126b   Thumb Code    64  ioi2c_1.o(i.IICwriteBit)
    IICwriteBits                             0x080012ab   Thumb Code   106  ioi2c_1.o(i.IICwriteBits)
    IICwriteByte                             0x08001315   Thumb Code    20  ioi2c_1.o(i.IICwriteByte)
    IICwriteBytes                            0x08001329   Thumb Code    70  ioi2c_1.o(i.IICwriteBytes)
    Led_On                                   0x08001371   Thumb Code    30  ec_led.o(i.Led_On)
    MPU6050_initialize                       0x08001395   Thumb Code    40  mpu6050.o(i.MPU6050_initialize)
    MPU6050_setClockSource                   0x080013bd   Thumb Code    20  mpu6050.o(i.MPU6050_setClockSource)
    MPU6050_setFullScaleAccelRange           0x080013d1   Thumb Code    20  mpu6050.o(i.MPU6050_setFullScaleAccelRange)
    MPU6050_setFullScaleGyroRange            0x080013e5   Thumb Code    20  mpu6050.o(i.MPU6050_setFullScaleGyroRange)
    MPU6050_setI2CBypassEnabled              0x080013f9   Thumb Code    18  mpu6050.o(i.MPU6050_setI2CBypassEnabled)
    MPU6050_setI2CMasterModeEnabled          0x0800140b   Thumb Code    18  mpu6050.o(i.MPU6050_setI2CMasterModeEnabled)
    MPU6050_setSleepEnabled                  0x0800141d   Thumb Code    18  mpu6050.o(i.MPU6050_setSleepEnabled)
    MemManage_Handler                        0x0800142f   Thumb Code     4  stm32f10x_it.o(i.MemManage_Handler)
    NMI_Handler                              0x08001433   Thumb Code     2  stm32f10x_it.o(i.NMI_Handler)
    NVIC_Init                                0x08001435   Thumb Code   100  misc.o(i.NVIC_Init)
    PendSV_Handler                           0x080014a5   Thumb Code     2  stm32f10x_it.o(i.PendSV_Handler)
    RCC_APB2PeriphClockCmd                   0x080014a9   Thumb Code    26  stm32f10x_rcc.o(i.RCC_APB2PeriphClockCmd)
    RCC_GetClocksFreq                        0x080014c9   Thumb Code   192  stm32f10x_rcc.o(i.RCC_GetClocksFreq)
    Read_DMP                                 0x0800159d   Thumb Code   560  mpu6050.o(i.Read_DMP)
    SVC_Handler                              0x080017f9   Thumb Code     2  stm32f10x_it.o(i.SVC_Handler)
    SysTick_CLKSourceConfig                  0x080018e5   Thumb Code    40  misc.o(i.SysTick_CLKSourceConfig)
    SysTick_Handler                          0x0800190d   Thumb Code     2  stm32f10x_it.o(i.SysTick_Handler)
    SystemInit                               0x08001911   Thumb Code    78  system_stm32f10x.o(i.SystemInit)
    TIM2_IRQHandler                          0x08001971   Thumb Code    32  ec_timer.o(i.TIM2_IRQHandler)
    TIM_ClearITPendingBit                    0x08001995   Thumb Code     6  stm32f10x_tim.o(i.TIM_ClearITPendingBit)
    USART1_IRQHandler                        0x0800199d   Thumb Code   122  ec_usart.o(i.USART1_IRQHandler)
    USART_Cmd                                0x08001a25   Thumb Code    24  stm32f10x_usart.o(i.USART_Cmd)
    USART_GetITStatus                        0x08001a3d   Thumb Code    84  stm32f10x_usart.o(i.USART_GetITStatus)
    USART_ITConfig                           0x08001a91   Thumb Code    74  stm32f10x_usart.o(i.USART_ITConfig)
    USART_Init                               0x08001add   Thumb Code   210  stm32f10x_usart.o(i.USART_Init)
    USART_ReceiveData                        0x08001bb5   Thumb Code    10  stm32f10x_usart.o(i.USART_ReceiveData)
    Uart1_Initialize                         0x08001bc1   Thumb Code   152  ec_usart.o(i.Uart1_Initialize)
    UsageFault_Handler                       0x08001c61   Thumb Code     4  stm32f10x_it.o(i.UsageFault_Handler)
    __0printf                                0x08001c65   Thumb Code    22  printfa.o(i.__0printf)
    __1printf                                0x08001c65   Thumb Code     0  printfa.o(i.__0printf)
    __2printf                                0x08001c65   Thumb Code     0  printfa.o(i.__0printf)
    __c89printf                              0x08001c65   Thumb Code     0  printfa.o(i.__0printf)
    printf                                   0x08001c65   Thumb Code     0  printfa.o(i.__0printf)
    __ARM_fpclassify                         0x08001c85   Thumb Code    40  fpclassify.o(i.__ARM_fpclassify)
    __kernel_poly                            0x08001cad   Thumb Code   170  poly.o(i.__kernel_poly)
    __mathlib_dbl_infnan                     0x08001d57   Thumb Code     6  dunder.o(i.__mathlib_dbl_infnan)
    __mathlib_dbl_infnan2                    0x08001d5d   Thumb Code     4  dunder.o(i.__mathlib_dbl_infnan2)
    __mathlib_dbl_invalid                    0x08001d61   Thumb Code    12  dunder.o(i.__mathlib_dbl_invalid)
    __mathlib_dbl_underflow                  0x08001d6d   Thumb Code    10  dunder.o(i.__mathlib_dbl_underflow)
    __scatterload_copy                       0x08001d7d   Thumb Code    14  handlers.o(i.__scatterload_copy)
    __scatterload_null                       0x08001d8b   Thumb Code     2  handlers.o(i.__scatterload_null)
    __scatterload_zeroinit                   0x08001d8d   Thumb Code    14  handlers.o(i.__scatterload_zeroinit)
    __set_errno                              0x08001d9d   Thumb Code     6  errno.o(i.__set_errno)
    asin                                     0x080026e5   Thumb Code   572  asin.o(i.asin)
    atan                                     0x08002955   Thumb Code   474  atan.o(i.atan)
    atan2                                    0x08002b75   Thumb Code   346  atan2.o(i.atan2)
    dmp_enable_6x_lp_quat                    0x08002d59   Thumb Code    60  inv_mpu_dmp_motion_driver.o(i.dmp_enable_6x_lp_quat)
    dmp_enable_feature                       0x08002d95   Thumb Code   530  inv_mpu_dmp_motion_driver.o(i.dmp_enable_feature)
    dmp_enable_gyro_cal                      0x08002fb1   Thumb Code    62  inv_mpu_dmp_motion_driver.o(i.dmp_enable_gyro_cal)
    dmp_enable_lp_quat                       0x08003009   Thumb Code    60  inv_mpu_dmp_motion_driver.o(i.dmp_enable_lp_quat)
    dmp_load_motion_driver_firmware          0x08003045   Thumb Code    20  inv_mpu_dmp_motion_driver.o(i.dmp_load_motion_driver_firmware)
    dmp_read_fifo                            0x0800305d   Thumb Code   456  inv_mpu_dmp_motion_driver.o(i.dmp_read_fifo)
    dmp_set_accel_bias                       0x08003229   Thumb Code   300  inv_mpu_dmp_motion_driver.o(i.dmp_set_accel_bias)
    dmp_set_fifo_rate                        0x08003359   Thumb Code    96  inv_mpu_dmp_motion_driver.o(i.dmp_set_fifo_rate)
    dmp_set_gyro_bias                        0x080033c9   Thumb Code   294  inv_mpu_dmp_motion_driver.o(i.dmp_set_gyro_bias)
    dmp_set_orientation                      0x080034f9   Thumb Code   290  inv_mpu_dmp_motion_driver.o(i.dmp_set_orientation)
    dmp_set_shake_reject_thresh              0x08003631   Thumb Code    56  inv_mpu_dmp_motion_driver.o(i.dmp_set_shake_reject_thresh)
    dmp_set_shake_reject_time                0x08003669   Thumb Code    38  inv_mpu_dmp_motion_driver.o(i.dmp_set_shake_reject_time)
    dmp_set_shake_reject_timeout             0x0800368f   Thumb Code    38  inv_mpu_dmp_motion_driver.o(i.dmp_set_shake_reject_timeout)
    dmp_set_tap_axes                         0x080036b5   Thumb Code    70  inv_mpu_dmp_motion_driver.o(i.dmp_set_tap_axes)
    dmp_set_tap_count                        0x080036fb   Thumb Code    38  inv_mpu_dmp_motion_driver.o(i.dmp_set_tap_count)
    dmp_set_tap_thresh                       0x08003721   Thumb Code   396  inv_mpu_dmp_motion_driver.o(i.dmp_set_tap_thresh)
    dmp_set_tap_time                         0x080038c1   Thumb Code    38  inv_mpu_dmp_motion_driver.o(i.dmp_set_tap_time)
    dmp_set_tap_time_multi                   0x080038e7   Thumb Code    38  inv_mpu_dmp_motion_driver.o(i.dmp_set_tap_time_multi)
    fputc                                    0x0800390d   Thumb Code    24  ec_usart.o(i.fputc)
    i2cRead                                  0x08003f5d   Thumb Code   118  ioi2c_1.o(i.i2cRead)
    i2cWrite                                 0x08003fd3   Thumb Code    96  ioi2c_1.o(i.i2cWrite)
    main                                     0x080040a9   Thumb Code   118  main.o(i.main)
    mpu_configure_fifo                       0x08004159   Thumb Code   106  inv_mpu.o(i.mpu_configure_fifo)
    mpu_get_accel_fsr                        0x080041c9   Thumb Code    72  inv_mpu.o(i.mpu_get_accel_fsr)
    mpu_get_accel_sens                       0x08004215   Thumb Code    78  inv_mpu.o(i.mpu_get_accel_sens)
    mpu_get_fifo_config                      0x08004269   Thumb Code    12  inv_mpu.o(i.mpu_get_fifo_config)
    mpu_get_gyro_fsr                         0x08004279   Thumb Code    64  inv_mpu.o(i.mpu_get_gyro_fsr)
    mpu_get_gyro_sens                        0x080042bd   Thumb Code    58  inv_mpu.o(i.mpu_get_gyro_sens)
    mpu_get_lpf                              0x0800430d   Thumb Code    74  inv_mpu.o(i.mpu_get_lpf)
    mpu_get_sample_rate                      0x0800435d   Thumb Code    26  inv_mpu.o(i.mpu_get_sample_rate)
    mpu_init                                 0x0800437d   Thumb Code   416  inv_mpu.o(i.mpu_init)
    mpu_load_firmware                        0x0800456d   Thumb Code   180  inv_mpu.o(i.mpu_load_firmware)
    mpu_lp_accel_mode                        0x08004625   Thumb Code   218  inv_mpu.o(i.mpu_lp_accel_mode)
    mpu_read_fifo_stream                     0x08004705   Thumb Code   186  inv_mpu.o(i.mpu_read_fifo_stream)
    mpu_read_mem                             0x080047c5   Thumb Code   122  inv_mpu.o(i.mpu_read_mem)
    mpu_reset_fifo                           0x08004845   Thumb Code   438  inv_mpu.o(i.mpu_reset_fifo)
    mpu_run_self_test                        0x08004a01   Thumb Code   278  inv_mpu.o(i.mpu_run_self_test)
    mpu_set_accel_fsr                        0x08004b1d   Thumb Code   126  inv_mpu.o(i.mpu_set_accel_fsr)
    mpu_set_bypass                           0x08004ba1   Thumb Code   328  inv_mpu.o(i.mpu_set_bypass)
    mpu_set_dmp_state                        0x08004ced   Thumb Code   138  inv_mpu.o(i.mpu_set_dmp_state)
    mpu_set_gyro_fsr                         0x08004d7d   Thumb Code   132  inv_mpu.o(i.mpu_set_gyro_fsr)
    mpu_set_int_latched                      0x08004e05   Thumb Code   102  inv_mpu.o(i.mpu_set_int_latched)
    mpu_set_lpf                              0x08004e71   Thumb Code   126  inv_mpu.o(i.mpu_set_lpf)
    mpu_set_sample_rate                      0x08004ef5   Thumb Code   152  inv_mpu.o(i.mpu_set_sample_rate)
    mpu_set_sensors                          0x08004f91   Thumb Code   202  inv_mpu.o(i.mpu_set_sensors)
    mpu_write_mem                            0x08005061   Thumb Code   122  inv_mpu.o(i.mpu_write_mem)
    myget_ms                                 0x080050e1   Thumb Code     2  inv_mpu.o(i.myget_ms)
    sqrt                                     0x08005231   Thumb Code    76  sqrt.o(i.sqrt)
    hw                                       0x0800527c   Data          12  inv_mpu.o(.constdata)
    reg                                      0x08005288   Data          27  inv_mpu.o(.constdata)
    test                                     0x080052a4   Data          40  inv_mpu.o(.constdata)
    __mathlib_zero                           0x08005fb0   Data           8  qnan.o(.constdata)
    Region$$Table$$Base                      0x08006008   Number         0  anon$$obj.o(Region$$Table)
    Region$$Table$$Limit                     0x08006028   Number         0  anon$$obj.o(Region$$Table)
    USART_RX_STA                             0x20000004   Data           2  ec_usart.o(.data)
    __stdout                                 0x20000008   Data           4  ec_usart.o(.data)
    SystemCoreClock                          0x20000010   Data           4  system_stm32f10x.o(.data)
    AHBPrescTable                            0x20000014   Data          16  system_stm32f10x.o(.data)
    Va                                       0x20000024   Data           4  control.o(.data)
    Vb                                       0x20000028   Data           4  control.o(.data)
    Vc                                       0x2000002c   Data           4  control.o(.data)
    Pitch                                    0x20000030   Data           4  control.o(.data)
    Roll                                     0x20000034   Data           4  control.o(.data)
    Yaw                                      0x20000038   Data           4  control.o(.data)
    gyro                                     0x2000007c   Data           6  mpu6050.o(.data)
    accel                                    0x20000082   Data           6  mpu6050.o(.data)
    sensors                                  0x20000088   Data           2  mpu6050.o(.data)
    q0                                       0x2000008c   Data           4  mpu6050.o(.data)
    q1                                       0x20000090   Data           4  mpu6050.o(.data)
    q2                                       0x20000094   Data           4  mpu6050.o(.data)
    q3                                       0x20000098   Data           4  mpu6050.o(.data)
    Gx_offset                                0x200000a6   Data           2  mpu6050.o(.data)
    Gy_offset                                0x200000a8   Data           2  mpu6050.o(.data)
    Gz_offset                                0x200000aa   Data           2  mpu6050.o(.data)
    AlarmModes                               0x200000ac   Data          12  vl53l0x_it.o(.data)
    alarm_flag                               0x200000b8   Data           1  vl53l0x_it.o(.data)
    USART_RX_BUF                             0x200000c0   Data         200  ec_usart.o(.bss)
    __initial_sp                             0x20000598   Data           0  startup_stm32f10x_hd.o(STACK)



==============================================================================

Memory Map of the image

  Image Entry point : 0x08000131

  Load Region LR_IROM1 (Base: 0x08000000, Size: 0x000060e8, Max: 0x00040000, ABSOLUTE)

    Execution Region ER_IROM1 (Base: 0x08000000, Size: 0x00006028, Max: 0x00040000, ABSOLUTE)

    Base Addr    Size         Type   Attr      Idx    E Section Name        Object

    0x08000000   0x00000130   Data   RO            3    RESET               startup_stm32f10x_hd.o
    0x08000130   0x00000000   Code   RO         4984  * .ARM.Collect$$$$00000000  mc_w.l(entry.o)
    0x08000130   0x00000004   Code   RO         5363    .ARM.Collect$$$$00000001  mc_w.l(entry2.o)
    0x08000134   0x00000004   Code   RO         5366    .ARM.Collect$$$$00000004  mc_w.l(entry5.o)
    0x08000138   0x00000000   Code   RO         5368    .ARM.Collect$$$$00000008  mc_w.l(entry7b.o)
    0x08000138   0x00000000   Code   RO         5370    .ARM.Collect$$$$0000000A  mc_w.l(entry8b.o)
    0x08000138   0x00000008   Code   RO         5371    .ARM.Collect$$$$0000000B  mc_w.l(entry9a.o)
    0x08000140   0x00000000   Code   RO         5373    .ARM.Collect$$$$0000000D  mc_w.l(entry10a.o)
    0x08000140   0x00000000   Code   RO         5375    .ARM.Collect$$$$0000000F  mc_w.l(entry11a.o)
    0x08000140   0x00000004   Code   RO         5364    .ARM.Collect$$$$00002712  mc_w.l(entry2.o)
    0x08000144   0x00000024   Code   RO            4    .text               startup_stm32f10x_hd.o
    0x08000168   0x00000062   Code   RO         4987    .text               mc_w.l(ldiv.o)
    0x080001ca   0x00000024   Code   RO         4991    .text               mc_w.l(memseta.o)
    0x080001ee   0x0000001a   Code   RO         4993    .text               mc_w.l(memcmp.o)
    0x08000208   0x000000b0   Code   RO         5288    .text               mf_w.l(fadd.o)
    0x080002b8   0x00000064   Code   RO         5290    .text               mf_w.l(fmul.o)
    0x0800031c   0x0000007c   Code   RO         5292    .text               mf_w.l(fdiv.o)
    0x08000398   0x0000014e   Code   RO         5294    .text               mf_w.l(dadd.o)
    0x080004e6   0x000000e4   Code   RO         5296    .text               mf_w.l(dmul.o)
    0x080005ca   0x000000de   Code   RO         5298    .text               mf_w.l(ddiv.o)
    0x080006a8   0x00000012   Code   RO         5300    .text               mf_w.l(fflti.o)
    0x080006ba   0x0000000a   Code   RO         5302    .text               mf_w.l(ffltui.o)
    0x080006c4   0x00000032   Code   RO         5306    .text               mf_w.l(ffixi.o)
    0x080006f6   0x00000028   Code   RO         5308    .text               mf_w.l(ffixui.o)
    0x0800071e   0x00000026   Code   RO         5312    .text               mf_w.l(f2d.o)
    0x08000744   0x00000038   Code   RO         5314    .text               mf_w.l(d2f.o)
    0x0800077c   0x00000014   Code   RO         5316    .text               mf_w.l(cfcmple.o)
    0x08000790   0x00000014   Code   RO         5318    .text               mf_w.l(cfrcmple.o)
    0x080007a4   0x0000002c   Code   RO         5377    .text               mc_w.l(uidiv.o)
    0x080007d0   0x00000062   Code   RO         5379    .text               mc_w.l(uldiv.o)
    0x08000832   0x0000001e   Code   RO         5381    .text               mc_w.l(llshl.o)
    0x08000850   0x00000020   Code   RO         5383    .text               mc_w.l(llushr.o)
    0x08000870   0x00000024   Code   RO         5385    .text               mc_w.l(llsshr.o)
    0x08000894   0x00000000   Code   RO         5396    .text               mc_w.l(iusefp.o)
    0x08000894   0x0000006e   Code   RO         5397    .text               mf_w.l(fepilogue.o)
    0x08000902   0x000000ba   Code   RO         5399    .text               mf_w.l(depilogue.o)
    0x080009bc   0x0000002e   Code   RO         5401    .text               mf_w.l(dscalb.o)
    0x080009ea   0x000000a2   Code   RO         5403    .text               mf_w.l(dsqrt.o)
    0x08000a8c   0x00000030   Code   RO         5405    .text               mf_w.l(dfixul.o)
    0x08000abc   0x00000030   Code   RO         5409    .text               mf_w.l(cdrcmple.o)
    0x08000aec   0x00000024   Code   RO         5411    .text               mc_w.l(init.o)
    0x08000b10   0x00000004   Code   RO          560    i.BusFault_Handler  stm32f10x_it.o
    0x08000b14   0x00000214   Code   RO         3299    i.DMP_Init          mpu6050.o
    0x08000d28   0x00000002   Code   RO          561    i.DebugMon_Handler  stm32f10x_it.o
    0x08000d2a   0x00000002   PAD
    0x08000d2c   0x00000044   Code   RO          464    i.Delay_Initialize  ec_delay.o
    0x08000d70   0x0000004c   Code   RO          465    i.Delay_ms          ec_delay.o
    0x08000dbc   0x0000004c   Code   RO          466    i.Delay_us          ec_delay.o
    0x08000e08   0x00000028   Code   RO         4904    i.EXTI4_IRQHandler  vl53l0x_it.o
    0x08000e30   0x0000000c   Code   RO         2437    i.EXTI_ClearITPendingBit  stm32f10x_exti.o
    0x08000e3c   0x00000116   Code   RO         1352    i.GPIO_Init         stm32f10x_gpio.o
    0x08000f52   0x00000004   Code   RO         1359    i.GPIO_ResetBits    stm32f10x_gpio.o
    0x08000f56   0x00000004   Code   RO         1360    i.GPIO_SetBits      stm32f10x_gpio.o
    0x08000f5a   0x00000004   Code   RO          562    i.HardFault_Handler  stm32f10x_it.o
    0x08000f5e   0x00000046   Code   RO         3179    i.I2C_ReadOneByte   ioi2c_1.o
    0x08000fa4   0x0000004c   Code   RO         3180    i.IIC_Ack           ioi2c_1.o
    0x08000ff0   0x0000002c   Code   RO         3181    i.IIC_Init          ioi2c_1.o
    0x0800101c   0x0000004c   Code   RO         3182    i.IIC_NAck          ioi2c_1.o
    0x08001068   0x00000070   Code   RO         3183    i.IIC_Read_Byte     ioi2c_1.o
    0x080010d8   0x00000064   Code   RO         3184    i.IIC_Send_Byte     ioi2c_1.o
    0x0800113c   0x00000068   Code   RO         3185    i.IIC_Start         ioi2c_1.o
    0x080011a4   0x00000048   Code   RO         3186    i.IIC_Stop          ioi2c_1.o
    0x080011ec   0x00000068   Code   RO         3187    i.IIC_Wait_Ack      ioi2c_1.o
    0x08001254   0x00000016   Code   RO         3188    i.IICreadByte       ioi2c_1.o
    0x0800126a   0x00000040   Code   RO         3190    i.IICwriteBit       ioi2c_1.o
    0x080012aa   0x0000006a   Code   RO         3191    i.IICwriteBits      ioi2c_1.o
    0x08001314   0x00000014   Code   RO         3192    i.IICwriteByte      ioi2c_1.o
    0x08001328   0x00000046   Code   RO         3193    i.IICwriteBytes     ioi2c_1.o
    0x0800136e   0x00000002   PAD
    0x08001370   0x00000024   Code   RO          209    i.Led_On            ec_led.o
    0x08001394   0x00000028   Code   RO         3301    i.MPU6050_initialize  mpu6050.o
    0x080013bc   0x00000014   Code   RO         3303    i.MPU6050_setClockSource  mpu6050.o
    0x080013d0   0x00000014   Code   RO         3304    i.MPU6050_setFullScaleAccelRange  mpu6050.o
    0x080013e4   0x00000014   Code   RO         3305    i.MPU6050_setFullScaleGyroRange  mpu6050.o
    0x080013f8   0x00000012   Code   RO         3306    i.MPU6050_setI2CBypassEnabled  mpu6050.o
    0x0800140a   0x00000012   Code   RO         3307    i.MPU6050_setI2CMasterModeEnabled  mpu6050.o
    0x0800141c   0x00000012   Code   RO         3308    i.MPU6050_setSleepEnabled  mpu6050.o
    0x0800142e   0x00000004   Code   RO          563    i.MemManage_Handler  stm32f10x_it.o
    0x08001432   0x00000002   Code   RO          564    i.NMI_Handler       stm32f10x_it.o
    0x08001434   0x00000070   Code   RO         1163    i.NVIC_Init         misc.o
    0x080014a4   0x00000002   Code   RO          565    i.PendSV_Handler    stm32f10x_it.o
    0x080014a6   0x00000002   PAD
    0x080014a8   0x00000020   Code   RO         2036    i.RCC_APB2PeriphClockCmd  stm32f10x_rcc.o
    0x080014c8   0x000000d4   Code   RO         2044    i.RCC_GetClocksFreq  stm32f10x_rcc.o
    0x0800159c   0x0000025c   Code   RO         3310    i.Read_DMP          mpu6050.o
    0x080017f8   0x00000002   Code   RO          566    i.SVC_Handler       stm32f10x_it.o
    0x080017fa   0x00000008   Code   RO          514    i.SetSysClock       system_stm32f10x.o
    0x08001802   0x00000002   PAD
    0x08001804   0x000000e0   Code   RO          515    i.SetSysClockTo72   system_stm32f10x.o
    0x080018e4   0x00000028   Code   RO         1167    i.SysTick_CLKSourceConfig  misc.o
    0x0800190c   0x00000002   Code   RO          567    i.SysTick_Handler   stm32f10x_it.o
    0x0800190e   0x00000002   PAD
    0x08001910   0x00000060   Code   RO          517    i.SystemInit        system_stm32f10x.o
    0x08001970   0x00000024   Code   RO          344    i.TIM2_IRQHandler   ec_timer.o
    0x08001994   0x00000006   Code   RO         1483    i.TIM_ClearITPendingBit  stm32f10x_tim.o
    0x0800199a   0x00000002   PAD
    0x0800199c   0x00000088   Code   RO          411    i.USART1_IRQHandler  ec_usart.o
    0x08001a24   0x00000018   Code   RO         2248    i.USART_Cmd         stm32f10x_usart.o
    0x08001a3c   0x00000054   Code   RO         2252    i.USART_GetITStatus  stm32f10x_usart.o
    0x08001a90   0x0000004a   Code   RO         2254    i.USART_ITConfig    stm32f10x_usart.o
    0x08001ada   0x00000002   PAD
    0x08001adc   0x000000d8   Code   RO         2255    i.USART_Init        stm32f10x_usart.o
    0x08001bb4   0x0000000a   Code   RO         2262    i.USART_ReceiveData  stm32f10x_usart.o
    0x08001bbe   0x00000002   PAD
    0x08001bc0   0x000000a0   Code   RO          412    i.Uart1_Initialize  ec_usart.o
    0x08001c60   0x00000004   Code   RO          568    i.UsageFault_Handler  stm32f10x_it.o
    0x08001c64   0x00000020   Code   RO         5232    i.__0printf         mc_w.l(printfa.o)
    0x08001c84   0x00000028   Code   RO         5347    i.__ARM_fpclassify  m_ws.l(fpclassify.o)
    0x08001cac   0x000000aa   Code   RO         5349    i.__kernel_poly     m_ws.l(poly.o)
    0x08001d56   0x00000006   Code   RO         5334    i.__mathlib_dbl_infnan  m_ws.l(dunder.o)
    0x08001d5c   0x00000004   Code   RO         5335    i.__mathlib_dbl_infnan2  m_ws.l(dunder.o)
    0x08001d60   0x0000000c   Code   RO         5336    i.__mathlib_dbl_invalid  m_ws.l(dunder.o)
    0x08001d6c   0x00000010   Code   RO         5339    i.__mathlib_dbl_underflow  m_ws.l(dunder.o)
    0x08001d7c   0x0000000e   Code   RO         5417    i.__scatterload_copy  mc_w.l(handlers.o)
    0x08001d8a   0x00000002   Code   RO         5418    i.__scatterload_null  mc_w.l(handlers.o)
    0x08001d8c   0x0000000e   Code   RO         5419    i.__scatterload_zeroinit  mc_w.l(handlers.o)
    0x08001d9a   0x00000002   PAD
    0x08001d9c   0x0000000c   Code   RO         5391    i.__set_errno       mc_w.l(errno.o)
    0x08001da8   0x00000164   Code   RO         5239    i._fp_digits        mc_w.l(printfa.o)
    0x08001f0c   0x000006dc   Code   RO         5240    i._printf_core      mc_w.l(printfa.o)
    0x080025e8   0x00000024   Code   RO         5241    i._printf_post_padding  mc_w.l(printfa.o)
    0x0800260c   0x0000002e   Code   RO         5242    i._printf_pre_padding  mc_w.l(printfa.o)
    0x0800263a   0x00000002   PAD
    0x0800263c   0x000000a8   Code   RO         2690    i.accel_self_test   inv_mpu.o
    0x080026e4   0x00000270   Code   RO         4943    i.asin              m_ws.l(asin.o)
    0x08002954   0x00000220   Code   RO         5321    i.atan              m_ws.l(atan.o)
    0x08002b74   0x00000180   Code   RO         4953    i.atan2             m_ws.l(atan2.o)
    0x08002cf4   0x00000064   Code   RO         2991    i.decode_gesture    inv_mpu_dmp_motion_driver.o
    0x08002d58   0x0000003c   Code   RO         2992    i.dmp_enable_6x_lp_quat  inv_mpu_dmp_motion_driver.o
    0x08002d94   0x0000021c   Code   RO         2993    i.dmp_enable_feature  inv_mpu_dmp_motion_driver.o
    0x08002fb0   0x00000058   Code   RO         2994    i.dmp_enable_gyro_cal  inv_mpu_dmp_motion_driver.o
    0x08003008   0x0000003c   Code   RO         2995    i.dmp_enable_lp_quat  inv_mpu_dmp_motion_driver.o
    0x08003044   0x00000018   Code   RO         3000    i.dmp_load_motion_driver_firmware  inv_mpu_dmp_motion_driver.o
    0x0800305c   0x000001cc   Code   RO         3001    i.dmp_read_fifo     inv_mpu_dmp_motion_driver.o
    0x08003228   0x00000130   Code   RO         3004    i.dmp_set_accel_bias  inv_mpu_dmp_motion_driver.o
    0x08003358   0x00000070   Code   RO         3005    i.dmp_set_fifo_rate  inv_mpu_dmp_motion_driver.o
    0x080033c8   0x00000130   Code   RO         3006    i.dmp_set_gyro_bias  inv_mpu_dmp_motion_driver.o
    0x080034f8   0x00000138   Code   RO         3008    i.dmp_set_orientation  inv_mpu_dmp_motion_driver.o
    0x08003630   0x00000038   Code   RO         3011    i.dmp_set_shake_reject_thresh  inv_mpu_dmp_motion_driver.o
    0x08003668   0x00000026   Code   RO         3012    i.dmp_set_shake_reject_time  inv_mpu_dmp_motion_driver.o
    0x0800368e   0x00000026   Code   RO         3013    i.dmp_set_shake_reject_timeout  inv_mpu_dmp_motion_driver.o
    0x080036b4   0x00000046   Code   RO         3014    i.dmp_set_tap_axes  inv_mpu_dmp_motion_driver.o
    0x080036fa   0x00000026   Code   RO         3015    i.dmp_set_tap_count  inv_mpu_dmp_motion_driver.o
    0x08003720   0x000001a0   Code   RO         3016    i.dmp_set_tap_thresh  inv_mpu_dmp_motion_driver.o
    0x080038c0   0x00000026   Code   RO         3017    i.dmp_set_tap_time  inv_mpu_dmp_motion_driver.o
    0x080038e6   0x00000026   Code   RO         3018    i.dmp_set_tap_time_multi  inv_mpu_dmp_motion_driver.o
    0x0800390c   0x0000001c   Code   RO          414    i.fputc             ec_usart.o
    0x08003928   0x000000b4   Code   RO         2691    i.get_accel_prod_shift  inv_mpu.o
    0x080039dc   0x00000470   Code   RO         2692    i.get_st_biases     inv_mpu.o
    0x08003e4c   0x00000110   Code   RO         2693    i.gyro_self_test    inv_mpu.o
    0x08003f5c   0x00000076   Code   RO         3194    i.i2cRead           ioi2c_1.o
    0x08003fd2   0x00000060   Code   RO         3195    i.i2cWrite          ioi2c_1.o
    0x08004032   0x00000028   Code   RO         3312    i.inv_orientation_matrix_to_scalar  mpu6050.o
    0x0800405a   0x0000004e   Code   RO         3313    i.inv_row_2_scale   mpu6050.o
    0x080040a8   0x000000b0   Code   RO           13    i.main              main.o
    0x08004158   0x00000070   Code   RO         2694    i.mpu_configure_fifo  inv_mpu.o
    0x080041c8   0x0000004c   Code   RO         2695    i.mpu_get_accel_fsr  inv_mpu.o
    0x08004214   0x00000054   Code   RO         2697    i.mpu_get_accel_sens  inv_mpu.o
    0x08004268   0x00000010   Code   RO         2702    i.mpu_get_fifo_config  inv_mpu.o
    0x08004278   0x00000044   Code   RO         2703    i.mpu_get_gyro_fsr  inv_mpu.o
    0x080042bc   0x00000050   Code   RO         2705    i.mpu_get_gyro_sens  inv_mpu.o
    0x0800430c   0x00000050   Code   RO         2707    i.mpu_get_lpf       inv_mpu.o
    0x0800435c   0x00000020   Code   RO         2709    i.mpu_get_sample_rate  inv_mpu.o
    0x0800437c   0x000001f0   Code   RO         2711    i.mpu_init          inv_mpu.o
    0x0800456c   0x000000b8   Code   RO         2712    i.mpu_load_firmware  inv_mpu.o
    0x08004624   0x000000e0   Code   RO         2713    i.mpu_lp_accel_mode  inv_mpu.o
    0x08004704   0x000000c0   Code   RO         2716    i.mpu_read_fifo_stream  inv_mpu.o
    0x080047c4   0x00000080   Code   RO         2717    i.mpu_read_mem      inv_mpu.o
    0x08004844   0x000001bc   Code   RO         2720    i.mpu_reset_fifo    inv_mpu.o
    0x08004a00   0x0000011c   Code   RO         2721    i.mpu_run_self_test  inv_mpu.o
    0x08004b1c   0x00000084   Code   RO         2723    i.mpu_set_accel_fsr  inv_mpu.o
    0x08004ba0   0x0000014c   Code   RO         2724    i.mpu_set_bypass    inv_mpu.o
    0x08004cec   0x00000090   Code   RO         2726    i.mpu_set_dmp_state  inv_mpu.o
    0x08004d7c   0x00000088   Code   RO         2727    i.mpu_set_gyro_fsr  inv_mpu.o
    0x08004e04   0x0000006c   Code   RO         2728    i.mpu_set_int_latched  inv_mpu.o
    0x08004e70   0x00000084   Code   RO         2730    i.mpu_set_lpf       inv_mpu.o
    0x08004ef4   0x0000009c   Code   RO         2731    i.mpu_set_sample_rate  inv_mpu.o
    0x08004f90   0x000000d0   Code   RO         2732    i.mpu_set_sensors   inv_mpu.o
    0x08005060   0x00000080   Code   RO         2733    i.mpu_write_mem     inv_mpu.o
    0x080050e0   0x00000002   Code   RO         2734    i.myget_ms          inv_mpu.o
    0x080050e2   0x00000002   PAD
    0x080050e4   0x000000bc   Code   RO         3314    i.run_self_test     mpu6050.o
    0x080051a0   0x00000090   Code   RO         2735    i.set_int_enable    inv_mpu.o
    0x08005230   0x0000004c   Code   RO         4977    i.sqrt              m_ws.l(sqrt.o)
    0x0800527c   0x00000050   Data   RO         2736    .constdata          inv_mpu.o
    0x080052cc   0x00000bf6   Data   RO         3020    .constdata          inv_mpu_dmp_motion_driver.o
    0x08005ec2   0x00000006   PAD
    0x08005ec8   0x00000050   Data   RO         4944    .constdata          m_ws.l(asin.o)
    0x08005f18   0x00000098   Data   RO         5322    .constdata          m_ws.l(atan.o)
    0x08005fb0   0x00000008   Data   RO         5351    .constdata          m_ws.l(qnan.o)
    0x08005fb8   0x0000004e   Data   RO         2737    .conststring        inv_mpu.o
    0x08006006   0x00000002   PAD
    0x08006008   0x00000020   Data   RO         5415    Region$$Table       anon$$obj.o


    Execution Region RW_IRAM1 (Base: 0x20000000, Size: 0x00000598, Max: 0x0000c000, ABSOLUTE)

    Base Addr    Size         Type   Attr      Idx    E Section Name        Object

    0x20000000   0x00000001   Data   RW          347    .data               ec_timer.o
    0x20000001   0x00000003   PAD
    0x20000004   0x00000008   Data   RW          416    .data               ec_usart.o
    0x2000000c   0x00000004   Data   RW          469    .data               ec_delay.o
    0x20000010   0x00000014   Data   RW          518    .data               system_stm32f10x.o
    0x20000024   0x00000018   Data   RW         1054    .data               control.o
    0x2000003c   0x00000014   Data   RW         2064    .data               stm32f10x_rcc.o
    0x20000050   0x0000002c   Data   RW         2738    .data               inv_mpu.o
    0x2000007c   0x00000030   Data   RW         3316    .data               mpu6050.o
    0x200000ac   0x0000000d   Data   RW         4907    .data               vl53l0x_it.o
    0x200000b9   0x00000003   PAD
    0x200000bc   0x00000004   Data   RW         5392    .data               mc_w.l(errno.o)
    0x200000c0   0x000000c8   Zero   RW          415    .bss                ec_usart.o
    0x20000188   0x00000010   Zero   RW         3019    .bss                inv_mpu_dmp_motion_driver.o
    0x20000198   0x00000400   Zero   RW            1    STACK               startup_stm32f10x_hd.o


==============================================================================

Image component sizes


      Code (inc. data)   RO Data    RW Data    ZI Data      Debug   Object Name

         0          0          0         24          0        314   control.o
       220         26          0          4          0       1549   ec_delay.o
        36          6          0          0          0        445   ec_led.o
        36          4          0          1          0        450   ec_timer.o
       324         26          0          8        200       9723   ec_usart.o
      5878        280        158         44          0      24582   inv_mpu.o
      3096        122       3062          0         16      18950   inv_mpu_dmp_motion_driver.o
      1254         96          0          0          0       9223   ioi2c_1.o
       176         58          0          0          0     247727   main.o
       152         12          0          0          0       1446   misc.o
      1596        416          0         48          0      29537   mpu6050.o
        36          8        304          0       1024        804   startup_stm32f10x_hd.o
        12          6          0          0          0        465   stm32f10x_exti.o
       286          0          0          0          0       2872   stm32f10x_gpio.o
        26          0          0          0          0       3602   stm32f10x_it.o
       244         26          0         20          0       3737   stm32f10x_rcc.o
         6          0          0          0          0       1020   stm32f10x_tim.o
       408          6          0          0          0       4698   stm32f10x_usart.o
       328         28          0         20          0       2069   system_stm32f10x.o
        40         18          0         13          0       1283   vl53l0x_it.o

    ----------------------------------------------------------------------
     14172       1138       3564        188       1240     364496   Object Totals
         0          0         32          0          0          0   (incl. Generated)
        18          0          8          6          0          0   (incl. Padding)

    ----------------------------------------------------------------------

      Code (inc. data)   RO Data    RW Data    ZI Data      Debug   Library Member Name

       624         52         80          0          0        168   asin.o
       544         70        152          0          0        124   atan.o
       384         38          0          0          0        144   atan2.o
        38          6          0          0          0        272   dunder.o
        40          0          0          0          0         68   fpclassify.o
       170          0          0          0          0         96   poly.o
         0          0          8          0          0          0   qnan.o
        76          0          0          0          0         84   sqrt.o
         0          0          0          0          0          0   entry.o
         0          0          0          0          0          0   entry10a.o
         0          0          0          0          0          0   entry11a.o
         8          4          0          0          0          0   entry2.o
         4          0          0          0          0          0   entry5.o
         0          0          0          0          0          0   entry7b.o
         0          0          0          0          0          0   entry8b.o
         8          4          0          0          0          0   entry9a.o
        12          6          0          4          0         68   errno.o
        30          0          0          0          0          0   handlers.o
        36          8          0          0          0         68   init.o
         0          0          0          0          0          0   iusefp.o
        98          0          0          0          0         84   ldiv.o
        30          0          0          0          0         68   llshl.o
        36          0          0          0          0         68   llsshr.o
        32          0          0          0          0         68   llushr.o
        26          0          0          0          0         80   memcmp.o
        36          0          0          0          0        108   memseta.o
      2226         90          0          0          0        444   printfa.o
        44          0          0          0          0         80   uidiv.o
        98          0          0          0          0         92   uldiv.o
        48          0          0          0          0         68   cdrcmple.o
        20          0          0          0          0         68   cfcmple.o
        20          0          0          0          0         68   cfrcmple.o
        56          0          0          0          0         88   d2f.o
       334          0          0          0          0        148   dadd.o
       222          0          0          0          0        100   ddiv.o
       186          0          0          0          0        176   depilogue.o
        48          0          0          0          0         68   dfixul.o
       228          0          0          0          0         96   dmul.o
        46          0          0          0          0         80   dscalb.o
       162          0          0          0          0        100   dsqrt.o
        38          0          0          0          0         68   f2d.o
       176          0          0          0          0        140   fadd.o
       124          0          0          0          0         88   fdiv.o
       110          0          0          0          0        168   fepilogue.o
        50          0          0          0          0         68   ffixi.o
        40          0          0          0          0         68   ffixui.o
        18          0          0          0          0         68   fflti.o
        10          0          0          0          0         68   ffltui.o
       100          0          0          0          0         76   fmul.o

    ----------------------------------------------------------------------
      6640        278        240          4          0       4056   Library Totals
         4          0          0          0          0          0   (incl. Padding)

    ----------------------------------------------------------------------

      Code (inc. data)   RO Data    RW Data    ZI Data      Debug   Library Name

      1876        166        240          0          0        956   m_ws.l
      2724        112          0          4          0       1228   mc_w.l
      2036          0          0          0          0       1872   mf_w.l

    ----------------------------------------------------------------------
      6640        278        240          4          0       4056   Library Totals

    ----------------------------------------------------------------------

==============================================================================


      Code (inc. data)   RO Data    RW Data    ZI Data      Debug   

     20812       1416       3804        192       1240     360852   Grand Totals
     20812       1416       3804        192       1240     360852   ELF Image Totals
     20812       1416       3804        192          0          0   ROM Totals

==============================================================================

    Total RO  Size (Code + RO Data)                24616 (  24.04kB)
    Total RW  Size (RW Data + ZI Data)              1432 (   1.40kB)
    Total ROM Size (Code + RO Data + RW Data)      24808 (  24.23kB)

==============================================================================

